  Read_Export.cpp
E:\Snow_Alaska\Modelling_2026\Codes\Generating_Input_Files\Read_Export.cpp(243,20): warning C4476: 'fprintf' : unknown type field character '\t' in format specifier
E:\Snow_Alaska\Modelling_2026\Codes\Generating_Input_Files\Read_Export.cpp(47,2): warning C4996: 'sprintf': This function or variable may be unsafe. Consider using sprintf_s instead. To disable deprecation, use _CRT_SECURE_NO_WARNINGS. See online help for details.
E:\Snow_Alaska\Modelling_2026\Codes\Generating_Input_Files\Read_Export.cpp(48,16): warning C4996: 'fopen': This function or variable may be unsafe. Consider using fopen_s instead. To disable deprecation, use _CRT_SECURE_NO_WARNINGS. See online help for details.
E:\Snow_Alaska\Modelling_2026\Codes\Generating_Input_Files\Read_Export.cpp(52,2): warning C4996: 'fscanf': This function or variable may be unsafe. Consider using fscanf_s instead. To disable deprecation, use _CRT_SECURE_NO_WARNINGS. See online help for details.
E:\Snow_Alaska\Modelling_2026\Codes\Generating_Input_Files\Read_Export.cpp(56,3): warning C4996: 'fscanf': This function or variable may be unsafe. Consider using fscanf_s instead. To disable deprecation, use _CRT_SECURE_NO_WARNINGS. See online help for details.
E:\Snow_Alaska\Modelling_2026\Codes\Generating_Input_Files\Read_Export.cpp(61,2): warning C4996: 'sprintf': This function or variable may be unsafe. Consider using sprintf_s instead. To disable deprecation, use _CRT_SECURE_NO_WARNINGS. See online help for details.
E:\Snow_Alaska\Modelling_2026\Codes\Generating_Input_Files\Read_Export.cpp(62,16): warning C4996: 'fopen': This function or variable may be unsafe. Consider using fopen_s instead. To disable deprecation, use _CRT_SECURE_NO_WARNINGS. See online help for details.
E:\Snow_Alaska\Modelling_2026\Codes\Generating_Input_Files\Read_Export.cpp(66,2): warning C4996: 'fscanf': This function or variable may be unsafe. Consider using fscanf_s instead. To disable deprecation, use _CRT_SECURE_NO_WARNINGS. See online help for details.
E:\Snow_Alaska\Modelling_2026\Codes\Generating_Input_Files\Read_Export.cpp(70,3): warning C4996: 'fscanf': This function or variable may be unsafe. Consider using fscanf_s instead. To disable deprecation, use _CRT_SECURE_NO_WARNINGS. See online help for details.
E:\Snow_Alaska\Modelling_2026\Codes\Generating_Input_Files\Read_Export.cpp(75,2): warning C4996: 'sprintf': This function or variable may be unsafe. Consider using sprintf_s instead. To disable deprecation, use _CRT_SECURE_NO_WARNINGS. See online help for details.
E:\Snow_Alaska\Modelling_2026\Codes\Generating_Input_Files\Read_Export.cpp(76,16): warning C4996: 'fopen': This function or variable may be unsafe. Consider using fopen_s instead. To disable deprecation, use _CRT_SECURE_NO_WARNINGS. See online help for details.
E:\Snow_Alaska\Modelling_2026\Codes\Generating_Input_Files\Read_Export.cpp(80,2): warning C4996: 'fscanf': This function or variable may be unsafe. Consider using fscanf_s instead. To disable deprecation, use _CRT_SECURE_NO_WARNINGS. See online help for details.
E:\Snow_Alaska\Modelling_2026\Codes\Generating_Input_Files\Read_Export.cpp(84,3): warning C4996: 'fscanf': This function or variable may be unsafe. Consider using fscanf_s instead. To disable deprecation, use _CRT_SECURE_NO_WARNINGS. See online help for details.
E:\Snow_Alaska\Modelling_2026\Codes\Generating_Input_Files\Read_Export.cpp(89,2): warning C4996: 'sprintf': This function or variable may be unsafe. Consider using sprintf_s instead. To disable deprecation, use _CRT_SECURE_NO_WARNINGS. See online help for details.
E:\Snow_Alaska\Modelling_2026\Codes\Generating_Input_Files\Read_Export.cpp(90,16): warning C4996: 'fopen': This function or variable may be unsafe. Consider using fopen_s instead. To disable deprecation, use _CRT_SECURE_NO_WARNINGS. See online help for details.
E:\Snow_Alaska\Modelling_2026\Codes\Generating_Input_Files\Read_Export.cpp(94,2): warning C4996: 'fscanf': This function or variable may be unsafe. Consider using fscanf_s instead. To disable deprecation, use _CRT_SECURE_NO_WARNINGS. See online help for details.
E:\Snow_Alaska\Modelling_2026\Codes\Generating_Input_Files\Read_Export.cpp(98,3): warning C4996: 'fscanf': This function or variable may be unsafe. Consider using fscanf_s instead. To disable deprecation, use _CRT_SECURE_NO_WARNINGS. See online help for details.
E:\Snow_Alaska\Modelling_2026\Codes\Generating_Input_Files\Read_Export.cpp(112,6): warning C4996: 'sprintf': This function or variable may be unsafe. Consider using sprintf_s instead. To disable deprecation, use _CRT_SECURE_NO_WARNINGS. See online help for details.
E:\Snow_Alaska\Modelling_2026\Codes\Generating_Input_Files\Read_Export.cpp(113,26): warning C4996: 'fopen': This function or variable may be unsafe. Consider using fopen_s instead. To disable deprecation, use _CRT_SECURE_NO_WARNINGS. See online help for details.
E:\Snow_Alaska\Modelling_2026\Codes\Generating_Input_Files\Read_Export.cpp(118,6): warning C4996: 'sprintf': This function or variable may be unsafe. Consider using sprintf_s instead. To disable deprecation, use _CRT_SECURE_NO_WARNINGS. See online help for details.
E:\Snow_Alaska\Modelling_2026\Codes\Generating_Input_Files\Read_Export.cpp(121,17): warning C4996: 'fopen': This function or variable may be unsafe. Consider using fopen_s instead. To disable deprecation, use _CRT_SECURE_NO_WARNINGS. See online help for details.
E:\Snow_Alaska\Modelling_2026\Codes\Generating_Input_Files\Read_Export.cpp(134,6): warning C4996: 'fscanf': This function or variable may be unsafe. Consider using fscanf_s instead. To disable deprecation, use _CRT_SECURE_NO_WARNINGS. See online help for details.
E:\Snow_Alaska\Modelling_2026\Codes\Generating_Input_Files\Read_Export.cpp(137,6): warning C4996: 'fscanf': This function or variable may be unsafe. Consider using fscanf_s instead. To disable deprecation, use _CRT_SECURE_NO_WARNINGS. See online help for details.
E:\Snow_Alaska\Modelling_2026\Codes\Generating_Input_Files\Read_Export.cpp(140,6): warning C4996: 'fscanf': This function or variable may be unsafe. Consider using fscanf_s instead. To disable deprecation, use _CRT_SECURE_NO_WARNINGS. See online help for details.
E:\Snow_Alaska\Modelling_2026\Codes\Generating_Input_Files\Read_Export.cpp(148,6): warning C4996: 'fscanf': This function or variable may be unsafe. Consider using fscanf_s instead. To disable deprecation, use _CRT_SECURE_NO_WARNINGS. See online help for details.
E:\Snow_Alaska\Modelling_2026\Codes\Generating_Input_Files\Read_Export.cpp(151,6): warning C4996: 'fscanf': This function or variable may be unsafe. Consider using fscanf_s instead. To disable deprecation, use _CRT_SECURE_NO_WARNINGS. See online help for details.
E:\Snow_Alaska\Modelling_2026\Codes\Generating_Input_Files\Read_Export.cpp(154,6): warning C4996: 'fscanf': This function or variable may be unsafe. Consider using fscanf_s instead. To disable deprecation, use _CRT_SECURE_NO_WARNINGS. See online help for details.
E:\Snow_Alaska\Modelling_2026\Codes\Generating_Input_Files\Read_Export.cpp(157,6): warning C4996: 'fscanf': This function or variable may be unsafe. Consider using fscanf_s instead. To disable deprecation, use _CRT_SECURE_NO_WARNINGS. See online help for details.
E:\Snow_Alaska\Modelling_2026\Codes\Generating_Input_Files\Read_Export.cpp(160,6): warning C4996: 'fscanf': This function or variable may be unsafe. Consider using fscanf_s instead. To disable deprecation, use _CRT_SECURE_NO_WARNINGS. See online help for details.
E:\Snow_Alaska\Modelling_2026\Codes\Generating_Input_Files\Read_Export.cpp(163,6): warning C4996: 'fscanf': This function or variable may be unsafe. Consider using fscanf_s instead. To disable deprecation, use _CRT_SECURE_NO_WARNINGS. See online help for details.
E:\Snow_Alaska\Modelling_2026\Codes\Generating_Input_Files\Read_Export.cpp(166,6): warning C4996: 'fscanf': This function or variable may be unsafe. Consider using fscanf_s instead. To disable deprecation, use _CRT_SECURE_NO_WARNINGS. See online help for details.
E:\Snow_Alaska\Modelling_2026\Codes\Generating_Input_Files\Read_Export.cpp(172,30): warning C4996: 'fscanf': This function or variable may be unsafe. Consider using fscanf_s instead. To disable deprecation, use _CRT_SECURE_NO_WARNINGS. See online help for details.
E:\Snow_Alaska\Modelling_2026\Codes\Generating_Input_Files\Read_Export.cpp(178,30): warning C4996: 'fscanf': This function or variable may be unsafe. Consider using fscanf_s instead. To disable deprecation, use _CRT_SECURE_NO_WARNINGS. See online help for details.
E:\Snow_Alaska\Modelling_2026\Codes\Generating_Input_Files\Read_Export.cpp(238,6): warning C4996: 'fscanf': This function or variable may be unsafe. Consider using fscanf_s instead. To disable deprecation, use _CRT_SECURE_NO_WARNINGS. See online help for details.
E:\Snow_Alaska\Modelling_2026\Codes\Generating_Input_Files\Read_Export.cpp(240,7): warning C4996: 'fscanf': This function or variable may be unsafe. Consider using fscanf_s instead. To disable deprecation, use _CRT_SECURE_NO_WARNINGS. See online help for details.
E:\Snow_Alaska\Modelling_2026\Codes\Generating_Input_Files\Read_Export.cpp(245,7): warning C4996: 'fscanf': This function or variable may be unsafe. Consider using fscanf_s instead. To disable deprecation, use _CRT_SECURE_NO_WARNINGS. See online help for details.
E:\Snow_Alaska\Modelling_2026\Codes\Generating_Input_Files\Read_Export.cpp(252,6): warning C4996: 'fscanf': This function or variable may be unsafe. Consider using fscanf_s instead. To disable deprecation, use _CRT_SECURE_NO_WARNINGS. See online help for details.
E:\Snow_Alaska\Modelling_2026\Codes\Generating_Input_Files\Read_Export.cpp(255,6): warning C4996: 'fscanf': This function or variable may be unsafe. Consider using fscanf_s instead. To disable deprecation, use _CRT_SECURE_NO_WARNINGS. See online help for details.
E:\Snow_Alaska\Modelling_2026\Codes\Generating_Input_Files\Read_Export.cpp(258,6): warning C4996: 'fscanf': This function or variable may be unsafe. Consider using fscanf_s instead. To disable deprecation, use _CRT_SECURE_NO_WARNINGS. See online help for details.
E:\Snow_Alaska\Modelling_2026\Codes\Generating_Input_Files\Read_Export.cpp(261,6): warning C4996: 'fscanf': This function or variable may be unsafe. Consider using fscanf_s instead. To disable deprecation, use _CRT_SECURE_NO_WARNINGS. See online help for details.
E:\Snow_Alaska\Modelling_2026\Codes\Generating_Input_Files\Read_Export.cpp(264,6): warning C4996: 'fscanf': This function or variable may be unsafe. Consider using fscanf_s instead. To disable deprecation, use _CRT_SECURE_NO_WARNINGS. See online help for details.
E:\Snow_Alaska\Modelling_2026\Codes\Generating_Input_Files\Read_Export.cpp(267,6): warning C4996: 'fscanf': This function or variable may be unsafe. Consider using fscanf_s instead. To disable deprecation, use _CRT_SECURE_NO_WARNINGS. See online help for details.
E:\Snow_Alaska\Modelling_2026\Codes\Generating_Input_Files\Read_Export.cpp(270,6): warning C4996: 'fscanf': This function or variable may be unsafe. Consider using fscanf_s instead. To disable deprecation, use _CRT_SECURE_NO_WARNINGS. See online help for details.
E:\Snow_Alaska\Modelling_2026\Codes\Generating_Input_Files\Read_Export.cpp(273,6): warning C4996: 'fscanf': This function or variable may be unsafe. Consider using fscanf_s instead. To disable deprecation, use _CRT_SECURE_NO_WARNINGS. See online help for details.
E:\Snow_Alaska\Modelling_2026\Codes\Generating_Input_Files\Read_Export.cpp(276,6): warning C4996: 'fscanf': This function or variable may be unsafe. Consider using fscanf_s instead. To disable deprecation, use _CRT_SECURE_NO_WARNINGS. See online help for details.
E:\Snow_Alaska\Modelling_2026\Codes\Generating_Input_Files\Read_Export.cpp(283,6): warning C4996: 'fscanf': This function or variable may be unsafe. Consider using fscanf_s instead. To disable deprecation, use _CRT_SECURE_NO_WARNINGS. See online help for details.
E:\Snow_Alaska\Modelling_2026\Codes\Generating_Input_Files\Read_Export.cpp(285,7): warning C4996: 'fscanf': This function or variable may be unsafe. Consider using fscanf_s instead. To disable deprecation, use _CRT_SECURE_NO_WARNINGS. See online help for details.
E:\Snow_Alaska\Modelling_2026\Codes\Generating_Input_Files\Read_Export.cpp(297,7): warning C4996: 'fscanf': This function or variable may be unsafe. Consider using fscanf_s instead. To disable deprecation, use _CRT_SECURE_NO_WARNINGS. See online help for details.
E:\Snow_Alaska\Modelling_2026\Codes\Generating_Input_Files\Read_Export.cpp(31,20): warning C4101: 'Note': unreferenced local variable
E:\Snow_Alaska\Modelling_2026\Codes\Generating_Input_Files\Read_Export.cpp(37,19): warning C4101: 'Longitude': unreferenced local variable
E:\Snow_Alaska\Modelling_2026\Codes\Generating_Input_Files\Read_Export.cpp(34,6): warning C4101: 'File_Num': unreferenced local variable
E:\Snow_Alaska\Modelling_2026\Codes\Generating_Input_Files\Read_Export.cpp(37,9): warning C4101: 'Latitude': unreferenced local variable
E:\Snow_Alaska\Modelling_2026\Codes\Generating_Input_Files\Read_Export.cpp(190,10): warning C4101: 'IF_LastPeat_Layer': unreferenced local variable
E:\Snow_Alaska\Modelling_2026\Codes\Generating_Input_Files\Read_Export.cpp(189,39): warning C4101: 'F': unreferenced local variable
E:\Snow_Alaska\Modelling_2026\Codes\Generating_Input_Files\Read_Export.cpp(189,13): warning C4101: 'Peat_Depth': unreferenced local variable
E:\Snow_Alaska\Modelling_2026\Codes\Generating_Input_Files\Read_Export.cpp(187,13): warning C4101: 'Last_Depth': unreferenced local variable
E:\Snow_Alaska\Modelling_2026\Codes\Generating_Input_Files\Read_Export.cpp(189,25): warning C4101: 'Peat_Depth_x': unreferenced local variable
E:\Snow_Alaska\Modelling_2026\Codes\Generating_Input_Files\Read_Export.cpp(325,3): warning C4996: 'strncpy': This function or variable may be unsafe. Consider using strncpy_s instead. To disable deprecation, use _CRT_SECURE_NO_WARNINGS. See online help for details.
E:\Snow_Alaska\Modelling_2026\Codes\Generating_Input_Files\Read_Export.cpp(326,3): warning C4996: 'strncpy': This function or variable may be unsafe. Consider using strncpy_s instead. To disable deprecation, use _CRT_SECURE_NO_WARNINGS. See online help for details.
E:\Snow_Alaska\Modelling_2026\Codes\Generating_Input_Files\Read_Export.cpp(328,1): warning C4172: returning address of local variable or temporary : A1
  Read_export.vcxproj -> E:\Snow_Alaska\Modelling_2026\Codes\Generating_Input_Files\Release\Read_export.exe
