e:\snow_alaska\modelling_2026\codes\code_call_exe_file\code_cal.47687d56\release\vc143.pdb
e:\snow_alaska\modelling_2026\codes\code_call_exe_file\code_cal.47687d56\release\code_call_exe_file.obj
e:\snow_alaska\modelling_2026\codes\code_call_exe_file\release\code_call_exe_file.exe
e:\snow_alaska\modelling_2026\codes\code_call_exe_file\release\code_call_exe_file.pdb
e:\snow_alaska\modelling_2026\codes\code_call_exe_file\code_cal.47687d56\release\code_call_exe_file.ipdb
e:\snow_alaska\modelling_2026\codes\code_call_exe_file\code_cal.47687d56\release\code_call_exe_file.iobj
e:\snow_alaska\modelling_2026\codes\code_call_exe_file_shrub\code_cal.47687d56\release\code_call_exe_file.obj
e:\snow_alaska\modelling_2026\codes\code_call_exe_file_shrub\code_cal.47687d56\release\code_call_exe_file.ipdb
e:\snow_alaska\modelling_2026\codes\code_call_exe_file_shrub\code_cal.47687d56\release\code_call_exe_file.iobj
e:\snow_alaska\modelling_2026\codes\code_call_exe_file_shrub\code_cal.47687d56\release\vc143.pdb
e:\snow_alaska\modelling_2026\codes\code_call_exe_file_shrub\release\code_call_exe_file.pdb
e:\snow_alaska\modelling_2026\codes\code_call_exe_file_shrub\release\code_call_exe_file.exe
e:\snow_alaska\modelling_2026\codes\code_call_exe_file_shrub\code_cal.47687d56\release\code_cal.47687d56.tlog\cl.command.1.tlog
e:\snow_alaska\modelling_2026\codes\code_call_exe_file_shrub\code_cal.47687d56\release\code_cal.47687d56.tlog\cl.items.tlog
e:\snow_alaska\modelling_2026\codes\code_call_exe_file_shrub\code_cal.47687d56\release\code_cal.47687d56.tlog\cl.read.1.tlog
e:\snow_alaska\modelling_2026\codes\code_call_exe_file_shrub\code_cal.47687d56\release\code_cal.47687d56.tlog\cl.write.1.tlog
e:\snow_alaska\modelling_2026\codes\code_call_exe_file_shrub\code_cal.47687d56\release\code_cal.47687d56.tlog\link.command.1.tlog
e:\snow_alaska\modelling_2026\codes\code_call_exe_file_shrub\code_cal.47687d56\release\code_cal.47687d56.tlog\link.read.1.tlog
e:\snow_alaska\modelling_2026\codes\code_call_exe_file_shrub\code_cal.47687d56\release\code_cal.47687d56.tlog\link.secondary.1.tlog
e:\snow_alaska\modelling_2026\codes\code_call_exe_file_shrub\code_cal.47687d56\release\code_cal.47687d56.tlog\link.write.1.tlog
