cl : command line  warning D9035: option 'Gm' has been deprecated and will be removed in a future release
  Read_Export.cpp
E:\Snow_Alaska\Modelling_2026\Codes\Code_for_Mapping_CLPX\Read_Export.cpp(197,3): warning C4996: 'sprintf': This function or variable may be unsafe. Consider using sprintf_s instead. To disable deprecation, use _CRT_SECURE_NO_WARNINGS. See online help for details.
E:\Snow_Alaska\Modelling_2026\Codes\Code_for_Mapping_CLPX\Read_Export.cpp(198,21): warning C4996: 'fopen': This function or variable may be unsafe. Consider using fopen_s instead. To disable deprecation, use _CRT_SECURE_NO_WARNINGS. See online help for details.
E:\Snow_Alaska\Modelling_2026\Codes\Code_for_Mapping_CLPX\Read_Export.cpp(205,2): warning C4996: 'sprintf': This function or variable may be unsafe. Consider using sprintf_s instead. To disable deprecation, use _CRT_SECURE_NO_WARNINGS. See online help for details.
E:\Snow_Alaska\Modelling_2026\Codes\Code_for_Mapping_CLPX\Read_Export.cpp(206,19): warning C4996: 'fopen': This function or variable may be unsafe. Consider using fopen_s instead. To disable deprecation, use _CRT_SECURE_NO_WARNINGS. See online help for details.
E:\Snow_Alaska\Modelling_2026\Codes\Code_for_Mapping_CLPX\Read_Export.cpp(213,3): warning C4996: 'sprintf': This function or variable may be unsafe. Consider using sprintf_s instead. To disable deprecation, use _CRT_SECURE_NO_WARNINGS. See online help for details.
E:\Snow_Alaska\Modelling_2026\Codes\Code_for_Mapping_CLPX\Read_Export.cpp(214,24): warning C4996: 'fopen': This function or variable may be unsafe. Consider using fopen_s instead. To disable deprecation, use _CRT_SECURE_NO_WARNINGS. See online help for details.
E:\Snow_Alaska\Modelling_2026\Codes\Code_for_Mapping_CLPX\Read_Export.cpp(218,3): warning C4996: 'sprintf': This function or variable may be unsafe. Consider using sprintf_s instead. To disable deprecation, use _CRT_SECURE_NO_WARNINGS. See online help for details.
E:\Snow_Alaska\Modelling_2026\Codes\Code_for_Mapping_CLPX\Read_Export.cpp(219,24): warning C4996: 'fopen': This function or variable may be unsafe. Consider using fopen_s instead. To disable deprecation, use _CRT_SECURE_NO_WARNINGS. See online help for details.
E:\Snow_Alaska\Modelling_2026\Codes\Code_for_Mapping_CLPX\Read_Export.cpp(224,2): warning C4996: 'sprintf': This function or variable may be unsafe. Consider using sprintf_s instead. To disable deprecation, use _CRT_SECURE_NO_WARNINGS. See online help for details.
E:\Snow_Alaska\Modelling_2026\Codes\Code_for_Mapping_CLPX\Read_Export.cpp(225,24): warning C4996: 'fopen': This function or variable may be unsafe. Consider using fopen_s instead. To disable deprecation, use _CRT_SECURE_NO_WARNINGS. See online help for details.
E:\Snow_Alaska\Modelling_2026\Codes\Code_for_Mapping_CLPX\Read_Export.cpp(353,2): warning C4996: 'sprintf': This function or variable may be unsafe. Consider using sprintf_s instead. To disable deprecation, use _CRT_SECURE_NO_WARNINGS. See online help for details.
E:\Snow_Alaska\Modelling_2026\Codes\Code_for_Mapping_CLPX\Read_Export.cpp(355,19): warning C4996: 'fopen': This function or variable may be unsafe. Consider using fopen_s instead. To disable deprecation, use _CRT_SECURE_NO_WARNINGS. See online help for details.
E:\Snow_Alaska\Modelling_2026\Codes\Code_for_Mapping_CLPX\Read_Export.cpp(368,3): warning C4996: 'sprintf': This function or variable may be unsafe. Consider using sprintf_s instead. To disable deprecation, use _CRT_SECURE_NO_WARNINGS. See online help for details.
E:\Snow_Alaska\Modelling_2026\Codes\Code_for_Mapping_CLPX\Read_Export.cpp(370,21): warning C4996: 'fopen': This function or variable may be unsafe. Consider using fopen_s instead. To disable deprecation, use _CRT_SECURE_NO_WARNINGS. See online help for details.
E:\Snow_Alaska\Modelling_2026\Codes\Code_for_Mapping_CLPX\Read_Export.cpp(343,12): warning C4101: 'Pix': unreferenced local variable
E:\Snow_Alaska\Modelling_2026\Codes\Code_for_Mapping_CLPX\Read_Export.cpp(407,2): warning C4996: 'sprintf': This function or variable may be unsafe. Consider using sprintf_s instead. To disable deprecation, use _CRT_SECURE_NO_WARNINGS. See online help for details.
E:\Snow_Alaska\Modelling_2026\Codes\Code_for_Mapping_CLPX\Read_Export.cpp(409,19): warning C4996: 'fopen': This function or variable may be unsafe. Consider using fopen_s instead. To disable deprecation, use _CRT_SECURE_NO_WARNINGS. See online help for details.
E:\Snow_Alaska\Modelling_2026\Codes\Code_for_Mapping_CLPX\Read_Export.cpp(416,3): warning C4996: 'sprintf': This function or variable may be unsafe. Consider using sprintf_s instead. To disable deprecation, use _CRT_SECURE_NO_WARNINGS. See online help for details.
E:\Snow_Alaska\Modelling_2026\Codes\Code_for_Mapping_CLPX\Read_Export.cpp(418,24): warning C4996: 'fopen': This function or variable may be unsafe. Consider using fopen_s instead. To disable deprecation, use _CRT_SECURE_NO_WARNINGS. See online help for details.
E:\Snow_Alaska\Modelling_2026\Codes\Code_for_Mapping_CLPX\Read_Export.cpp(461,2): warning C4996: 'sprintf': This function or variable may be unsafe. Consider using sprintf_s instead. To disable deprecation, use _CRT_SECURE_NO_WARNINGS. See online help for details.
E:\Snow_Alaska\Modelling_2026\Codes\Code_for_Mapping_CLPX\Read_Export.cpp(463,20): warning C4996: 'fopen': This function or variable may be unsafe. Consider using fopen_s instead. To disable deprecation, use _CRT_SECURE_NO_WARNINGS. See online help for details.
E:\Snow_Alaska\Modelling_2026\Codes\Code_for_Mapping_CLPX\Read_Export.cpp(470,2): warning C4996: 'sprintf': This function or variable may be unsafe. Consider using sprintf_s instead. To disable deprecation, use _CRT_SECURE_NO_WARNINGS. See online help for details.
E:\Snow_Alaska\Modelling_2026\Codes\Code_for_Mapping_CLPX\Read_Export.cpp(472,19): warning C4996: 'fopen': This function or variable may be unsafe. Consider using fopen_s instead. To disable deprecation, use _CRT_SECURE_NO_WARNINGS. See online help for details.
E:\Snow_Alaska\Modelling_2026\Codes\Code_for_Mapping_CLPX\Read_Export.cpp(484,2): warning C4996: 'sprintf': This function or variable may be unsafe. Consider using sprintf_s instead. To disable deprecation, use _CRT_SECURE_NO_WARNINGS. See online help for details.
E:\Snow_Alaska\Modelling_2026\Codes\Code_for_Mapping_CLPX\Read_Export.cpp(486,19): warning C4996: 'fopen': This function or variable may be unsafe. Consider using fopen_s instead. To disable deprecation, use _CRT_SECURE_NO_WARNINGS. See online help for details.
E:\Snow_Alaska\Modelling_2026\Codes\Code_for_Mapping_CLPX\Read_Export.cpp(498,2): warning C4996: 'sprintf': This function or variable may be unsafe. Consider using sprintf_s instead. To disable deprecation, use _CRT_SECURE_NO_WARNINGS. See online help for details.
E:\Snow_Alaska\Modelling_2026\Codes\Code_for_Mapping_CLPX\Read_Export.cpp(500,19): warning C4996: 'fopen': This function or variable may be unsafe. Consider using fopen_s instead. To disable deprecation, use _CRT_SECURE_NO_WARNINGS. See online help for details.
E:\Snow_Alaska\Modelling_2026\Codes\Code_for_Mapping_CLPX\Read_Export.cpp(455,12): warning C4101: 'Pix': unreferenced local variable
E:\Snow_Alaska\Modelling_2026\Codes\Code_for_Mapping_CLPX\Read_Export.cpp(453,6): warning C4101: 'N': unreferenced local variable
E:\Snow_Alaska\Modelling_2026\Codes\Code_for_Mapping_CLPX\Read_Export.cpp(530,2): warning C4996: 'sprintf': This function or variable may be unsafe. Consider using sprintf_s instead. To disable deprecation, use _CRT_SECURE_NO_WARNINGS. See online help for details.
E:\Snow_Alaska\Modelling_2026\Codes\Code_for_Mapping_CLPX\Read_Export.cpp(531,20): warning C4996: 'fopen': This function or variable may be unsafe. Consider using fopen_s instead. To disable deprecation, use _CRT_SECURE_NO_WARNINGS. See online help for details.
E:\Snow_Alaska\Modelling_2026\Codes\Code_for_Mapping_CLPX\Read_Export.cpp(539,2): warning C4996: 'sprintf': This function or variable may be unsafe. Consider using sprintf_s instead. To disable deprecation, use _CRT_SECURE_NO_WARNINGS. See online help for details.
E:\Snow_Alaska\Modelling_2026\Codes\Code_for_Mapping_CLPX\Read_Export.cpp(541,19): warning C4996: 'fopen': This function or variable may be unsafe. Consider using fopen_s instead. To disable deprecation, use _CRT_SECURE_NO_WARNINGS. See online help for details.
E:\Snow_Alaska\Modelling_2026\Codes\Code_for_Mapping_CLPX\Read_Export.cpp(559,3): warning C4996: 'fscanf': This function or variable may be unsafe. Consider using fscanf_s instead. To disable deprecation, use _CRT_SECURE_NO_WARNINGS. See online help for details.
E:\Snow_Alaska\Modelling_2026\Codes\Code_for_Mapping_CLPX\Read_Export.cpp(560,32): warning C4996: 'fscanf': This function or variable may be unsafe. Consider using fscanf_s instead. To disable deprecation, use _CRT_SECURE_NO_WARNINGS. See online help for details.
E:\Snow_Alaska\Modelling_2026\Codes\Code_for_Mapping_CLPX\Read_Export.cpp(630,2): warning C4996: 'sprintf': This function or variable may be unsafe. Consider using sprintf_s instead. To disable deprecation, use _CRT_SECURE_NO_WARNINGS. See online help for details.
E:\Snow_Alaska\Modelling_2026\Codes\Code_for_Mapping_CLPX\Read_Export.cpp(631,20): warning C4996: 'fopen': This function or variable may be unsafe. Consider using fopen_s instead. To disable deprecation, use _CRT_SECURE_NO_WARNINGS. See online help for details.
E:\Snow_Alaska\Modelling_2026\Codes\Code_for_Mapping_CLPX\Read_Export.cpp(636,2): warning C4996: 'sprintf': This function or variable may be unsafe. Consider using sprintf_s instead. To disable deprecation, use _CRT_SECURE_NO_WARNINGS. See online help for details.
E:\Snow_Alaska\Modelling_2026\Codes\Code_for_Mapping_CLPX\Read_Export.cpp(638,19): warning C4996: 'fopen': This function or variable may be unsafe. Consider using fopen_s instead. To disable deprecation, use _CRT_SECURE_NO_WARNINGS. See online help for details.
E:\Snow_Alaska\Modelling_2026\Codes\Code_for_Mapping_CLPX\Read_Export.cpp(643,2): warning C4996: 'fscanf': This function or variable may be unsafe. Consider using fscanf_s instead. To disable deprecation, use _CRT_SECURE_NO_WARNINGS. See online help for details.
E:\Snow_Alaska\Modelling_2026\Codes\Code_for_Mapping_CLPX\Read_Export.cpp(656,3): warning C4996: 'fscanf': This function or variable may be unsafe. Consider using fscanf_s instead. To disable deprecation, use _CRT_SECURE_NO_WARNINGS. See online help for details.
E:\Snow_Alaska\Modelling_2026\Codes\Code_for_Mapping_CLPX\Read_Export.cpp(657,32): warning C4996: 'fscanf': This function or variable may be unsafe. Consider using fscanf_s instead. To disable deprecation, use _CRT_SECURE_NO_WARNINGS. See online help for details.
E:\Snow_Alaska\Modelling_2026\Codes\Code_for_Mapping_CLPX\Read_Export.cpp(727,26): warning C4996: 'sprintf': This function or variable may be unsafe. Consider using sprintf_s instead. To disable deprecation, use _CRT_SECURE_NO_WARNINGS. See online help for details.
E:\Snow_Alaska\Modelling_2026\Codes\Code_for_Mapping_CLPX\Read_Export.cpp(728,26): warning C4996: 'sprintf': This function or variable may be unsafe. Consider using sprintf_s instead. To disable deprecation, use _CRT_SECURE_NO_WARNINGS. See online help for details.
E:\Snow_Alaska\Modelling_2026\Codes\Code_for_Mapping_CLPX\Read_Export.cpp(730,26): warning C4996: 'fopen': This function or variable may be unsafe. Consider using fopen_s instead. To disable deprecation, use _CRT_SECURE_NO_WARNINGS. See online help for details.
E:\Snow_Alaska\Modelling_2026\Codes\Code_for_Mapping_CLPX\Read_Export.cpp(735,2): warning C4996: 'sprintf': This function or variable may be unsafe. Consider using sprintf_s instead. To disable deprecation, use _CRT_SECURE_NO_WARNINGS. See online help for details.
E:\Snow_Alaska\Modelling_2026\Codes\Code_for_Mapping_CLPX\Read_Export.cpp(736,26): warning C4996: 'fopen': This function or variable may be unsafe. Consider using fopen_s instead. To disable deprecation, use _CRT_SECURE_NO_WARNINGS. See online help for details.
E:\Snow_Alaska\Modelling_2026\Codes\Code_for_Mapping_CLPX\Read_Export.cpp(742,3): warning C4996: 'sprintf': This function or variable may be unsafe. Consider using sprintf_s instead. To disable deprecation, use _CRT_SECURE_NO_WARNINGS. See online help for details.
E:\Snow_Alaska\Modelling_2026\Codes\Code_for_Mapping_CLPX\Read_Export.cpp(743,29): warning C4996: 'fopen': This function or variable may be unsafe. Consider using fopen_s instead. To disable deprecation, use _CRT_SECURE_NO_WARNINGS. See online help for details.
E:\Snow_Alaska\Modelling_2026\Codes\Code_for_Mapping_CLPX\Read_Export.cpp(872,2): warning C4996: 'sprintf': This function or variable may be unsafe. Consider using sprintf_s instead. To disable deprecation, use _CRT_SECURE_NO_WARNINGS. See online help for details.
E:\Snow_Alaska\Modelling_2026\Codes\Code_for_Mapping_CLPX\Read_Export.cpp(873,20): warning C4996: 'fopen': This function or variable may be unsafe. Consider using fopen_s instead. To disable deprecation, use _CRT_SECURE_NO_WARNINGS. See online help for details.
E:\Snow_Alaska\Modelling_2026\Codes\Code_for_Mapping_CLPX\Read_Export.cpp(878,2): warning C4996: 'sprintf': This function or variable may be unsafe. Consider using sprintf_s instead. To disable deprecation, use _CRT_SECURE_NO_WARNINGS. See online help for details.
E:\Snow_Alaska\Modelling_2026\Codes\Code_for_Mapping_CLPX\Read_Export.cpp(879,29): warning C4996: 'fopen': This function or variable may be unsafe. Consider using fopen_s instead. To disable deprecation, use _CRT_SECURE_NO_WARNINGS. See online help for details.
E:\Snow_Alaska\Modelling_2026\Codes\Code_for_Mapping_CLPX\Read_Export.cpp(887,3): warning C4996: 'sprintf': This function or variable may be unsafe. Consider using sprintf_s instead. To disable deprecation, use _CRT_SECURE_NO_WARNINGS. See online help for details.
E:\Snow_Alaska\Modelling_2026\Codes\Code_for_Mapping_CLPX\Read_Export.cpp(888,29): warning C4996: 'fopen': This function or variable may be unsafe. Consider using fopen_s instead. To disable deprecation, use _CRT_SECURE_NO_WARNINGS. See online help for details.
E:\Snow_Alaska\Modelling_2026\Codes\Code_for_Mapping_CLPX\Read_Export.cpp(893,3): warning C4996: 'sprintf': This function or variable may be unsafe. Consider using sprintf_s instead. To disable deprecation, use _CRT_SECURE_NO_WARNINGS. See online help for details.
E:\Snow_Alaska\Modelling_2026\Codes\Code_for_Mapping_CLPX\Read_Export.cpp(894,33): warning C4996: 'fopen': This function or variable may be unsafe. Consider using fopen_s instead. To disable deprecation, use _CRT_SECURE_NO_WARNINGS. See online help for details.
E:\Snow_Alaska\Modelling_2026\Codes\Code_for_Mapping_CLPX\Read_Export.cpp(853,19): warning C4101: 'Fsnow_avg': unreferenced local variable
E:\Snow_Alaska\Modelling_2026\Codes\Code_for_Mapping_CLPX\Read_Export.cpp(853,9): warning C4101: 'Fsnow': unreferenced local variable
E:\Snow_Alaska\Modelling_2026\Codes\Code_for_Mapping_CLPX\Read_Export.cpp(847,9): warning C4101: 'j': unreferenced local variable
E:\Snow_Alaska\Modelling_2026\Codes\Code_for_Mapping_CLPX\Read_Export.cpp(853,30): warning C4101: 'avg': unreferenced local variable
E:\Snow_Alaska\Modelling_2026\Codes\Code_for_Mapping_CLPX\Read_Export.cpp(1013,25): warning C4996: 'sprintf': This function or variable may be unsafe. Consider using sprintf_s instead. To disable deprecation, use _CRT_SECURE_NO_WARNINGS. See online help for details.
E:\Snow_Alaska\Modelling_2026\Codes\Code_for_Mapping_CLPX\Read_Export.cpp(1014,25): warning C4996: 'sprintf': This function or variable may be unsafe. Consider using sprintf_s instead. To disable deprecation, use _CRT_SECURE_NO_WARNINGS. See online help for details.
E:\Snow_Alaska\Modelling_2026\Codes\Code_for_Mapping_CLPX\Read_Export.cpp(1016,26): warning C4996: 'fopen': This function or variable may be unsafe. Consider using fopen_s instead. To disable deprecation, use _CRT_SECURE_NO_WARNINGS. See online help for details.
E:\Snow_Alaska\Modelling_2026\Codes\Code_for_Mapping_CLPX\Read_Export.cpp(1021,2): warning C4996: 'sprintf': This function or variable may be unsafe. Consider using sprintf_s instead. To disable deprecation, use _CRT_SECURE_NO_WARNINGS. See online help for details.
E:\Snow_Alaska\Modelling_2026\Codes\Code_for_Mapping_CLPX\Read_Export.cpp(1022,26): warning C4996: 'fopen': This function or variable may be unsafe. Consider using fopen_s instead. To disable deprecation, use _CRT_SECURE_NO_WARNINGS. See online help for details.
E:\Snow_Alaska\Modelling_2026\Codes\Code_for_Mapping_CLPX\Read_Export.cpp(1030,3): warning C4996: 'sprintf': This function or variable may be unsafe. Consider using sprintf_s instead. To disable deprecation, use _CRT_SECURE_NO_WARNINGS. See online help for details.
E:\Snow_Alaska\Modelling_2026\Codes\Code_for_Mapping_CLPX\Read_Export.cpp(1031,29): warning C4996: 'fopen': This function or variable may be unsafe. Consider using fopen_s instead. To disable deprecation, use _CRT_SECURE_NO_WARNINGS. See online help for details.
E:\Snow_Alaska\Modelling_2026\Codes\Code_for_Mapping_CLPX\Read_Export.cpp(1036,3): warning C4996: 'sprintf': This function or variable may be unsafe. Consider using sprintf_s instead. To disable deprecation, use _CRT_SECURE_NO_WARNINGS. See online help for details.
E:\Snow_Alaska\Modelling_2026\Codes\Code_for_Mapping_CLPX\Read_Export.cpp(1037,33): warning C4996: 'fopen': This function or variable may be unsafe. Consider using fopen_s instead. To disable deprecation, use _CRT_SECURE_NO_WARNINGS. See online help for details.
E:\Snow_Alaska\Modelling_2026\Codes\Code_for_Mapping_CLPX\Read_Export.cpp(1163,25): warning C4244: '=': conversion from 'double' to 'float', possible loss of data
E:\Snow_Alaska\Modelling_2026\Codes\Code_for_Mapping_CLPX\Read_Export.cpp(1166,2): warning C4996: 'sprintf': This function or variable may be unsafe. Consider using sprintf_s instead. To disable deprecation, use _CRT_SECURE_NO_WARNINGS. See online help for details.
E:\Snow_Alaska\Modelling_2026\Codes\Code_for_Mapping_CLPX\Read_Export.cpp(1167,20): warning C4996: 'fopen': This function or variable may be unsafe. Consider using fopen_s instead. To disable deprecation, use _CRT_SECURE_NO_WARNINGS. See online help for details.
E:\Snow_Alaska\Modelling_2026\Codes\Code_for_Mapping_CLPX\Read_Export.cpp(1172,3): warning C4996: 'sprintf': This function or variable may be unsafe. Consider using sprintf_s instead. To disable deprecation, use _CRT_SECURE_NO_WARNINGS. See online help for details.
E:\Snow_Alaska\Modelling_2026\Codes\Code_for_Mapping_CLPX\Read_Export.cpp(1174,17): warning C4996: 'fopen': This function or variable may be unsafe. Consider using fopen_s instead. To disable deprecation, use _CRT_SECURE_NO_WARNINGS. See online help for details.
E:\Snow_Alaska\Modelling_2026\Codes\Code_for_Mapping_CLPX\Read_Export.cpp(1179,3): warning C4996: 'sprintf': This function or variable may be unsafe. Consider using sprintf_s instead. To disable deprecation, use _CRT_SECURE_NO_WARNINGS. See online help for details.
E:\Snow_Alaska\Modelling_2026\Codes\Code_for_Mapping_CLPX\Read_Export.cpp(1180,18): warning C4996: 'fopen': This function or variable may be unsafe. Consider using fopen_s instead. To disable deprecation, use _CRT_SECURE_NO_WARNINGS. See online help for details.
E:\Snow_Alaska\Modelling_2026\Codes\Code_for_Mapping_CLPX\Read_Export.cpp(1184,3): warning C4996: 'sprintf': This function or variable may be unsafe. Consider using sprintf_s instead. To disable deprecation, use _CRT_SECURE_NO_WARNINGS. See online help for details.
E:\Snow_Alaska\Modelling_2026\Codes\Code_for_Mapping_CLPX\Read_Export.cpp(1186,20): warning C4996: 'fopen': This function or variable may be unsafe. Consider using fopen_s instead. To disable deprecation, use _CRT_SECURE_NO_WARNINGS. See online help for details.
E:\Snow_Alaska\Modelling_2026\Codes\Code_for_Mapping_CLPX\Read_Export.cpp(1190,3): warning C4996: 'sprintf': This function or variable may be unsafe. Consider using sprintf_s instead. To disable deprecation, use _CRT_SECURE_NO_WARNINGS. See online help for details.
E:\Snow_Alaska\Modelling_2026\Codes\Code_for_Mapping_CLPX\Read_Export.cpp(1192,21): warning C4996: 'fopen': This function or variable may be unsafe. Consider using fopen_s instead. To disable deprecation, use _CRT_SECURE_NO_WARNINGS. See online help for details.
E:\Snow_Alaska\Modelling_2026\Codes\Code_for_Mapping_CLPX\Read_Export.cpp(1198,27): warning C4996: 'sprintf': This function or variable may be unsafe. Consider using sprintf_s instead. To disable deprecation, use _CRT_SECURE_NO_WARNINGS. See online help for details.
E:\Snow_Alaska\Modelling_2026\Codes\Code_for_Mapping_CLPX\Read_Export.cpp(1199,27): warning C4996: 'sprintf': This function or variable may be unsafe. Consider using sprintf_s instead. To disable deprecation, use _CRT_SECURE_NO_WARNINGS. See online help for details.
E:\Snow_Alaska\Modelling_2026\Codes\Code_for_Mapping_CLPX\Read_Export.cpp(1200,30): warning C4996: 'fopen': This function or variable may be unsafe. Consider using fopen_s instead. To disable deprecation, use _CRT_SECURE_NO_WARNINGS. See online help for details.
E:\Snow_Alaska\Modelling_2026\Codes\Code_for_Mapping_CLPX\Read_Export.cpp(1205,4): warning C4996: 'sprintf': This function or variable may be unsafe. Consider using sprintf_s instead. To disable deprecation, use _CRT_SECURE_NO_WARNINGS. See online help for details.
E:\Snow_Alaska\Modelling_2026\Codes\Code_for_Mapping_CLPX\Read_Export.cpp(1206,25): warning C4996: 'fopen': This function or variable may be unsafe. Consider using fopen_s instead. To disable deprecation, use _CRT_SECURE_NO_WARNINGS. See online help for details.
E:\Snow_Alaska\Modelling_2026\Codes\Code_for_Mapping_CLPX\Read_Export.cpp(1142,7): warning C4101: 'Path': unreferenced local variable
E:\Snow_Alaska\Modelling_2026\Codes\Code_for_Mapping_CLPX\Read_Export.cpp(1348,3): warning C4996: 'sprintf': This function or variable may be unsafe. Consider using sprintf_s instead. To disable deprecation, use _CRT_SECURE_NO_WARNINGS. See online help for details.
E:\Snow_Alaska\Modelling_2026\Codes\Code_for_Mapping_CLPX\Read_Export.cpp(1351,3): warning C4996: 'sprintf': This function or variable may be unsafe. Consider using sprintf_s instead. To disable deprecation, use _CRT_SECURE_NO_WARNINGS. See online help for details.
E:\Snow_Alaska\Modelling_2026\Codes\Code_for_Mapping_CLPX\Read_Export.cpp(1352,17): warning C4996: 'fopen': This function or variable may be unsafe. Consider using fopen_s instead. To disable deprecation, use _CRT_SECURE_NO_WARNINGS. See online help for details.
E:\Snow_Alaska\Modelling_2026\Codes\Code_for_Mapping_CLPX\Read_Export.cpp(1356,3): warning C4996: 'fscanf': This function or variable may be unsafe. Consider using fscanf_s instead. To disable deprecation, use _CRT_SECURE_NO_WARNINGS. See online help for details.
E:\Snow_Alaska\Modelling_2026\Codes\Code_for_Mapping_CLPX\Read_Export.cpp(1360,4): warning C4996: 'fscanf': This function or variable may be unsafe. Consider using fscanf_s instead. To disable deprecation, use _CRT_SECURE_NO_WARNINGS. See online help for details.
E:\Snow_Alaska\Modelling_2026\Codes\Code_for_Mapping_CLPX\Read_Export.cpp(1365,3): warning C4996: 'sprintf': This function or variable may be unsafe. Consider using sprintf_s instead. To disable deprecation, use _CRT_SECURE_NO_WARNINGS. See online help for details.
E:\Snow_Alaska\Modelling_2026\Codes\Code_for_Mapping_CLPX\Read_Export.cpp(1366,17): warning C4996: 'fopen': This function or variable may be unsafe. Consider using fopen_s instead. To disable deprecation, use _CRT_SECURE_NO_WARNINGS. See online help for details.
E:\Snow_Alaska\Modelling_2026\Codes\Code_for_Mapping_CLPX\Read_Export.cpp(1370,3): warning C4996: 'fscanf': This function or variable may be unsafe. Consider using fscanf_s instead. To disable deprecation, use _CRT_SECURE_NO_WARNINGS. See online help for details.
E:\Snow_Alaska\Modelling_2026\Codes\Code_for_Mapping_CLPX\Read_Export.cpp(1374,4): warning C4996: 'fscanf': This function or variable may be unsafe. Consider using fscanf_s instead. To disable deprecation, use _CRT_SECURE_NO_WARNINGS. See online help for details.
E:\Snow_Alaska\Modelling_2026\Codes\Code_for_Mapping_CLPX\Read_Export.cpp(1379,3): warning C4996: 'sprintf': This function or variable may be unsafe. Consider using sprintf_s instead. To disable deprecation, use _CRT_SECURE_NO_WARNINGS. See online help for details.
E:\Snow_Alaska\Modelling_2026\Codes\Code_for_Mapping_CLPX\Read_Export.cpp(1380,17): warning C4996: 'fopen': This function or variable may be unsafe. Consider using fopen_s instead. To disable deprecation, use _CRT_SECURE_NO_WARNINGS. See online help for details.
E:\Snow_Alaska\Modelling_2026\Codes\Code_for_Mapping_CLPX\Read_Export.cpp(1384,3): warning C4996: 'fscanf': This function or variable may be unsafe. Consider using fscanf_s instead. To disable deprecation, use _CRT_SECURE_NO_WARNINGS. See online help for details.
E:\Snow_Alaska\Modelling_2026\Codes\Code_for_Mapping_CLPX\Read_Export.cpp(1388,4): warning C4996: 'fscanf': This function or variable may be unsafe. Consider using fscanf_s instead. To disable deprecation, use _CRT_SECURE_NO_WARNINGS. See online help for details.
E:\Snow_Alaska\Modelling_2026\Codes\Code_for_Mapping_CLPX\Read_Export.cpp(1393,3): warning C4996: 'sprintf': This function or variable may be unsafe. Consider using sprintf_s instead. To disable deprecation, use _CRT_SECURE_NO_WARNINGS. See online help for details.
E:\Snow_Alaska\Modelling_2026\Codes\Code_for_Mapping_CLPX\Read_Export.cpp(1394,17): warning C4996: 'fopen': This function or variable may be unsafe. Consider using fopen_s instead. To disable deprecation, use _CRT_SECURE_NO_WARNINGS. See online help for details.
E:\Snow_Alaska\Modelling_2026\Codes\Code_for_Mapping_CLPX\Read_Export.cpp(1398,3): warning C4996: 'fscanf': This function or variable may be unsafe. Consider using fscanf_s instead. To disable deprecation, use _CRT_SECURE_NO_WARNINGS. See online help for details.
E:\Snow_Alaska\Modelling_2026\Codes\Code_for_Mapping_CLPX\Read_Export.cpp(1402,4): warning C4996: 'fscanf': This function or variable may be unsafe. Consider using fscanf_s instead. To disable deprecation, use _CRT_SECURE_NO_WARNINGS. See online help for details.
E:\Snow_Alaska\Modelling_2026\Codes\Code_for_Mapping_CLPX\Read_Export.cpp(1408,2): warning C4996: 'sprintf': This function or variable may be unsafe. Consider using sprintf_s instead. To disable deprecation, use _CRT_SECURE_NO_WARNINGS. See online help for details.
E:\Snow_Alaska\Modelling_2026\Codes\Code_for_Mapping_CLPX\Read_Export.cpp(1409,20): warning C4996: 'fopen': This function or variable may be unsafe. Consider using fopen_s instead. To disable deprecation, use _CRT_SECURE_NO_WARNINGS. See online help for details.
E:\Snow_Alaska\Modelling_2026\Codes\Code_for_Mapping_CLPX\Read_Export.cpp(1424,3): warning C4996: 'sprintf': This function or variable may be unsafe. Consider using sprintf_s instead. To disable deprecation, use _CRT_SECURE_NO_WARNINGS. See online help for details.
E:\Snow_Alaska\Modelling_2026\Codes\Code_for_Mapping_CLPX\Read_Export.cpp(1425,9): warning C4996: 'sprintf': This function or variable may be unsafe. Consider using sprintf_s instead. To disable deprecation, use _CRT_SECURE_NO_WARNINGS. See online help for details.
E:\Snow_Alaska\Modelling_2026\Codes\Code_for_Mapping_CLPX\Read_Export.cpp(1433,3): warning C4996: 'sprintf': This function or variable may be unsafe. Consider using sprintf_s instead. To disable deprecation, use _CRT_SECURE_NO_WARNINGS. See online help for details.
E:\Snow_Alaska\Modelling_2026\Codes\Code_for_Mapping_CLPX\Read_Export.cpp(1434,3): warning C4996: 'sprintf': This function or variable may be unsafe. Consider using sprintf_s instead. To disable deprecation, use _CRT_SECURE_NO_WARNINGS. See online help for details.
E:\Snow_Alaska\Modelling_2026\Codes\Code_for_Mapping_CLPX\Read_Export.cpp(1438,3): warning C4996: 'sprintf': This function or variable may be unsafe. Consider using sprintf_s instead. To disable deprecation, use _CRT_SECURE_NO_WARNINGS. See online help for details.
E:\Snow_Alaska\Modelling_2026\Codes\Code_for_Mapping_CLPX\Read_Export.cpp(1440,17): warning C4996: 'fopen': This function or variable may be unsafe. Consider using fopen_s instead. To disable deprecation, use _CRT_SECURE_NO_WARNINGS. See online help for details.
E:\Snow_Alaska\Modelling_2026\Codes\Code_for_Mapping_CLPX\Read_Export.cpp(1444,3): warning C4996: 'sprintf': This function or variable may be unsafe. Consider using sprintf_s instead. To disable deprecation, use _CRT_SECURE_NO_WARNINGS. See online help for details.
E:\Snow_Alaska\Modelling_2026\Codes\Code_for_Mapping_CLPX\Read_Export.cpp(1445,18): warning C4996: 'fopen': This function or variable may be unsafe. Consider using fopen_s instead. To disable deprecation, use _CRT_SECURE_NO_WARNINGS. See online help for details.
E:\Snow_Alaska\Modelling_2026\Codes\Code_for_Mapping_CLPX\Read_Export.cpp(1449,3): warning C4996: 'sprintf': This function or variable may be unsafe. Consider using sprintf_s instead. To disable deprecation, use _CRT_SECURE_NO_WARNINGS. See online help for details.
E:\Snow_Alaska\Modelling_2026\Codes\Code_for_Mapping_CLPX\Read_Export.cpp(1451,20): warning C4996: 'fopen': This function or variable may be unsafe. Consider using fopen_s instead. To disable deprecation, use _CRT_SECURE_NO_WARNINGS. See online help for details.
E:\Snow_Alaska\Modelling_2026\Codes\Code_for_Mapping_CLPX\Read_Export.cpp(1455,3): warning C4996: 'sprintf': This function or variable may be unsafe. Consider using sprintf_s instead. To disable deprecation, use _CRT_SECURE_NO_WARNINGS. See online help for details.
E:\Snow_Alaska\Modelling_2026\Codes\Code_for_Mapping_CLPX\Read_Export.cpp(1457,21): warning C4996: 'fopen': This function or variable may be unsafe. Consider using fopen_s instead. To disable deprecation, use _CRT_SECURE_NO_WARNINGS. See online help for details.
E:\Snow_Alaska\Modelling_2026\Codes\Code_for_Mapping_CLPX\Read_Export.cpp(1463,3): warning C4996: 'sprintf': This function or variable may be unsafe. Consider using sprintf_s instead. To disable deprecation, use _CRT_SECURE_NO_WARNINGS. See online help for details.
E:\Snow_Alaska\Modelling_2026\Codes\Code_for_Mapping_CLPX\Read_Export.cpp(1464,20): warning C4996: 'fopen': This function or variable may be unsafe. Consider using fopen_s instead. To disable deprecation, use _CRT_SECURE_NO_WARNINGS. See online help for details.
E:\Snow_Alaska\Modelling_2026\Codes\Code_for_Mapping_CLPX\Read_Export.cpp(1838,2): warning C4996: 'sprintf': This function or variable may be unsafe. Consider using sprintf_s instead. To disable deprecation, use _CRT_SECURE_NO_WARNINGS. See online help for details.
E:\Snow_Alaska\Modelling_2026\Codes\Code_for_Mapping_CLPX\Read_Export.cpp(1839,17): warning C4996: 'fopen': This function or variable may be unsafe. Consider using fopen_s instead. To disable deprecation, use _CRT_SECURE_NO_WARNINGS. See online help for details.
E:\Snow_Alaska\Modelling_2026\Codes\Code_for_Mapping_CLPX\Read_Export.cpp(1847,3): warning C4996: 'sprintf': This function or variable may be unsafe. Consider using sprintf_s instead. To disable deprecation, use _CRT_SECURE_NO_WARNINGS. See online help for details.
E:\Snow_Alaska\Modelling_2026\Codes\Code_for_Mapping_CLPX\Read_Export.cpp(1848,21): warning C4996: 'fopen': This function or variable may be unsafe. Consider using fopen_s instead. To disable deprecation, use _CRT_SECURE_NO_WARNINGS. See online help for details.
E:\Snow_Alaska\Modelling_2026\Codes\Code_for_Mapping_CLPX\Read_Export.cpp(1910,2): warning C4996: 'sprintf': This function or variable may be unsafe. Consider using sprintf_s instead. To disable deprecation, use _CRT_SECURE_NO_WARNINGS. See online help for details.
E:\Snow_Alaska\Modelling_2026\Codes\Code_for_Mapping_CLPX\Read_Export.cpp(1911,17): warning C4996: 'fopen': This function or variable may be unsafe. Consider using fopen_s instead. To disable deprecation, use _CRT_SECURE_NO_WARNINGS. See online help for details.
E:\Snow_Alaska\Modelling_2026\Codes\Code_for_Mapping_CLPX\Read_Export.cpp(1918,2): warning C4996: 'sprintf': This function or variable may be unsafe. Consider using sprintf_s instead. To disable deprecation, use _CRT_SECURE_NO_WARNINGS. See online help for details.
E:\Snow_Alaska\Modelling_2026\Codes\Code_for_Mapping_CLPX\Read_Export.cpp(1919,19): warning C4996: 'fopen': This function or variable may be unsafe. Consider using fopen_s instead. To disable deprecation, use _CRT_SECURE_NO_WARNINGS. See online help for details.
E:\Snow_Alaska\Modelling_2026\Codes\Code_for_Mapping_CLPX\Read_Export.cpp(1924,2): warning C4996: 'sprintf': This function or variable may be unsafe. Consider using sprintf_s instead. To disable deprecation, use _CRT_SECURE_NO_WARNINGS. See online help for details.
E:\Snow_Alaska\Modelling_2026\Codes\Code_for_Mapping_CLPX\Read_Export.cpp(1925,20): warning C4996: 'fopen': This function or variable may be unsafe. Consider using fopen_s instead. To disable deprecation, use _CRT_SECURE_NO_WARNINGS. See online help for details.
E:\Snow_Alaska\Modelling_2026\Codes\Code_for_Mapping_CLPX\Read_Export.cpp(1901,6): warning C4101: 'yy': unreferenced local variable
E:\Snow_Alaska\Modelling_2026\Codes\Code_for_Mapping_CLPX\Read_Export.cpp(1977,2): warning C4996: 'sprintf': This function or variable may be unsafe. Consider using sprintf_s instead. To disable deprecation, use _CRT_SECURE_NO_WARNINGS. See online help for details.
E:\Snow_Alaska\Modelling_2026\Codes\Code_for_Mapping_CLPX\Read_Export.cpp(1978,17): warning C4996: 'fopen': This function or variable may be unsafe. Consider using fopen_s instead. To disable deprecation, use _CRT_SECURE_NO_WARNINGS. See online help for details.
E:\Snow_Alaska\Modelling_2026\Codes\Code_for_Mapping_CLPX\Read_Export.cpp(1995,3): warning C4996: 'sprintf': This function or variable may be unsafe. Consider using sprintf_s instead. To disable deprecation, use _CRT_SECURE_NO_WARNINGS. See online help for details.
E:\Snow_Alaska\Modelling_2026\Codes\Code_for_Mapping_CLPX\Read_Export.cpp(1996,24): warning C4996: 'fopen': This function or variable may be unsafe. Consider using fopen_s instead. To disable deprecation, use _CRT_SECURE_NO_WARNINGS. See online help for details.
E:\Snow_Alaska\Modelling_2026\Codes\Code_for_Mapping_CLPX\Read_Export.cpp(2001,3): warning C4996: 'sprintf': This function or variable may be unsafe. Consider using sprintf_s instead. To disable deprecation, use _CRT_SECURE_NO_WARNINGS. See online help for details.
E:\Snow_Alaska\Modelling_2026\Codes\Code_for_Mapping_CLPX\Read_Export.cpp(2002,25): warning C4996: 'fopen': This function or variable may be unsafe. Consider using fopen_s instead. To disable deprecation, use _CRT_SECURE_NO_WARNINGS. See online help for details.
E:\Snow_Alaska\Modelling_2026\Codes\Code_for_Mapping_CLPX\Read_Export.cpp(1974,19): warning C4101: 'fpt_In_8U': unreferenced local variable
E:\Snow_Alaska\Modelling_2026\Codes\Code_for_Mapping_CLPX\Read_Export.cpp(2090,2): warning C4996: 'sprintf': This function or variable may be unsafe. Consider using sprintf_s instead. To disable deprecation, use _CRT_SECURE_NO_WARNINGS. See online help for details.
E:\Snow_Alaska\Modelling_2026\Codes\Code_for_Mapping_CLPX\Read_Export.cpp(2091,17): warning C4996: 'fopen': This function or variable may be unsafe. Consider using fopen_s instead. To disable deprecation, use _CRT_SECURE_NO_WARNINGS. See online help for details.
E:\Snow_Alaska\Modelling_2026\Codes\Code_for_Mapping_CLPX\Read_Export.cpp(2100,2): warning C4996: 'sprintf': This function or variable may be unsafe. Consider using sprintf_s instead. To disable deprecation, use _CRT_SECURE_NO_WARNINGS. See online help for details.
E:\Snow_Alaska\Modelling_2026\Codes\Code_for_Mapping_CLPX\Read_Export.cpp(2101,19): warning C4996: 'fopen': This function or variable may be unsafe. Consider using fopen_s instead. To disable deprecation, use _CRT_SECURE_NO_WARNINGS. See online help for details.
E:\Snow_Alaska\Modelling_2026\Codes\Code_for_Mapping_CLPX\Read_Export.cpp(2107,3): warning C4996: 'sprintf': This function or variable may be unsafe. Consider using sprintf_s instead. To disable deprecation, use _CRT_SECURE_NO_WARNINGS. See online help for details.
E:\Snow_Alaska\Modelling_2026\Codes\Code_for_Mapping_CLPX\Read_Export.cpp(2108,21): warning C4996: 'fopen': This function or variable may be unsafe. Consider using fopen_s instead. To disable deprecation, use _CRT_SECURE_NO_WARNINGS. See online help for details.
E:\Snow_Alaska\Modelling_2026\Codes\Code_for_Mapping_CLPX\Read_Export.cpp(2174,2): warning C4996: 'sprintf': This function or variable may be unsafe. Consider using sprintf_s instead. To disable deprecation, use _CRT_SECURE_NO_WARNINGS. See online help for details.
E:\Snow_Alaska\Modelling_2026\Codes\Code_for_Mapping_CLPX\Read_Export.cpp(2175,17): warning C4996: 'fopen': This function or variable may be unsafe. Consider using fopen_s instead. To disable deprecation, use _CRT_SECURE_NO_WARNINGS. See online help for details.
E:\Snow_Alaska\Modelling_2026\Codes\Code_for_Mapping_CLPX\Read_Export.cpp(2184,2): warning C4996: 'sprintf': This function or variable may be unsafe. Consider using sprintf_s instead. To disable deprecation, use _CRT_SECURE_NO_WARNINGS. See online help for details.
E:\Snow_Alaska\Modelling_2026\Codes\Code_for_Mapping_CLPX\Read_Export.cpp(2185,19): warning C4996: 'fopen': This function or variable may be unsafe. Consider using fopen_s instead. To disable deprecation, use _CRT_SECURE_NO_WARNINGS. See online help for details.
E:\Snow_Alaska\Modelling_2026\Codes\Code_for_Mapping_CLPX\Read_Export.cpp(2191,3): warning C4996: 'sprintf': This function or variable may be unsafe. Consider using sprintf_s instead. To disable deprecation, use _CRT_SECURE_NO_WARNINGS. See online help for details.
E:\Snow_Alaska\Modelling_2026\Codes\Code_for_Mapping_CLPX\Read_Export.cpp(2192,21): warning C4996: 'fopen': This function or variable may be unsafe. Consider using fopen_s instead. To disable deprecation, use _CRT_SECURE_NO_WARNINGS. See online help for details.
E:\Snow_Alaska\Modelling_2026\Codes\Code_for_Mapping_CLPX\Read_Export.cpp(2261,2): warning C4996: 'sprintf': This function or variable may be unsafe. Consider using sprintf_s instead. To disable deprecation, use _CRT_SECURE_NO_WARNINGS. See online help for details.
E:\Snow_Alaska\Modelling_2026\Codes\Code_for_Mapping_CLPX\Read_Export.cpp(2262,17): warning C4996: 'fopen': This function or variable may be unsafe. Consider using fopen_s instead. To disable deprecation, use _CRT_SECURE_NO_WARNINGS. See online help for details.
E:\Snow_Alaska\Modelling_2026\Codes\Code_for_Mapping_CLPX\Read_Export.cpp(2272,2): warning C4996: 'sprintf': This function or variable may be unsafe. Consider using sprintf_s instead. To disable deprecation, use _CRT_SECURE_NO_WARNINGS. See online help for details.
E:\Snow_Alaska\Modelling_2026\Codes\Code_for_Mapping_CLPX\Read_Export.cpp(2273,19): warning C4996: 'fopen': This function or variable may be unsafe. Consider using fopen_s instead. To disable deprecation, use _CRT_SECURE_NO_WARNINGS. See online help for details.
E:\Snow_Alaska\Modelling_2026\Codes\Code_for_Mapping_CLPX\Read_Export.cpp(2280,3): warning C4996: 'sprintf': This function or variable may be unsafe. Consider using sprintf_s instead. To disable deprecation, use _CRT_SECURE_NO_WARNINGS. See online help for details.
E:\Snow_Alaska\Modelling_2026\Codes\Code_for_Mapping_CLPX\Read_Export.cpp(2281,24): warning C4996: 'fopen': This function or variable may be unsafe. Consider using fopen_s instead. To disable deprecation, use _CRT_SECURE_NO_WARNINGS. See online help for details.
E:\Snow_Alaska\Modelling_2026\Codes\Code_for_Mapping_CLPX\Read_Export.cpp(2286,3): warning C4996: 'sprintf': This function or variable may be unsafe. Consider using sprintf_s instead. To disable deprecation, use _CRT_SECURE_NO_WARNINGS. See online help for details.
E:\Snow_Alaska\Modelling_2026\Codes\Code_for_Mapping_CLPX\Read_Export.cpp(2287,25): warning C4996: 'fopen': This function or variable may be unsafe. Consider using fopen_s instead. To disable deprecation, use _CRT_SECURE_NO_WARNINGS. See online help for details.
E:\Snow_Alaska\Modelling_2026\Codes\Code_for_Mapping_CLPX\Read_Export.cpp(2371,2): warning C4996: 'sprintf': This function or variable may be unsafe. Consider using sprintf_s instead. To disable deprecation, use _CRT_SECURE_NO_WARNINGS. See online help for details.
E:\Snow_Alaska\Modelling_2026\Codes\Code_for_Mapping_CLPX\Read_Export.cpp(2372,17): warning C4996: 'fopen': This function or variable may be unsafe. Consider using fopen_s instead. To disable deprecation, use _CRT_SECURE_NO_WARNINGS. See online help for details.
E:\Snow_Alaska\Modelling_2026\Codes\Code_for_Mapping_CLPX\Read_Export.cpp(2381,2): warning C4996: 'sprintf': This function or variable may be unsafe. Consider using sprintf_s instead. To disable deprecation, use _CRT_SECURE_NO_WARNINGS. See online help for details.
E:\Snow_Alaska\Modelling_2026\Codes\Code_for_Mapping_CLPX\Read_Export.cpp(2382,19): warning C4996: 'fopen': This function or variable may be unsafe. Consider using fopen_s instead. To disable deprecation, use _CRT_SECURE_NO_WARNINGS. See online help for details.
E:\Snow_Alaska\Modelling_2026\Codes\Code_for_Mapping_CLPX\Read_Export.cpp(2388,3): warning C4996: 'sprintf': This function or variable may be unsafe. Consider using sprintf_s instead. To disable deprecation, use _CRT_SECURE_NO_WARNINGS. See online help for details.
E:\Snow_Alaska\Modelling_2026\Codes\Code_for_Mapping_CLPX\Read_Export.cpp(2389,25): warning C4996: 'fopen': This function or variable may be unsafe. Consider using fopen_s instead. To disable deprecation, use _CRT_SECURE_NO_WARNINGS. See online help for details.
E:\Snow_Alaska\Modelling_2026\Codes\Code_for_Mapping_CLPX\Read_Export.cpp(2468,2): warning C4996: 'sprintf': This function or variable may be unsafe. Consider using sprintf_s instead. To disable deprecation, use _CRT_SECURE_NO_WARNINGS. See online help for details.
E:\Snow_Alaska\Modelling_2026\Codes\Code_for_Mapping_CLPX\Read_Export.cpp(2469,17): warning C4996: 'fopen': This function or variable may be unsafe. Consider using fopen_s instead. To disable deprecation, use _CRT_SECURE_NO_WARNINGS. See online help for details.
E:\Snow_Alaska\Modelling_2026\Codes\Code_for_Mapping_CLPX\Read_Export.cpp(2478,2): warning C4996: 'sprintf': This function or variable may be unsafe. Consider using sprintf_s instead. To disable deprecation, use _CRT_SECURE_NO_WARNINGS. See online help for details.
E:\Snow_Alaska\Modelling_2026\Codes\Code_for_Mapping_CLPX\Read_Export.cpp(2479,19): warning C4996: 'fopen': This function or variable may be unsafe. Consider using fopen_s instead. To disable deprecation, use _CRT_SECURE_NO_WARNINGS. See online help for details.
E:\Snow_Alaska\Modelling_2026\Codes\Code_for_Mapping_CLPX\Read_Export.cpp(2485,3): warning C4996: 'sprintf': This function or variable may be unsafe. Consider using sprintf_s instead. To disable deprecation, use _CRT_SECURE_NO_WARNINGS. See online help for details.
E:\Snow_Alaska\Modelling_2026\Codes\Code_for_Mapping_CLPX\Read_Export.cpp(2486,25): warning C4996: 'fopen': This function or variable may be unsafe. Consider using fopen_s instead. To disable deprecation, use _CRT_SECURE_NO_WARNINGS. See online help for details.
E:\Snow_Alaska\Modelling_2026\Codes\Code_for_Mapping_CLPX\Read_Export.cpp(2491,3): warning C4996: 'sprintf': This function or variable may be unsafe. Consider using sprintf_s instead. To disable deprecation, use _CRT_SECURE_NO_WARNINGS. See online help for details.
E:\Snow_Alaska\Modelling_2026\Codes\Code_for_Mapping_CLPX\Read_Export.cpp(2492,25): warning C4996: 'fopen': This function or variable may be unsafe. Consider using fopen_s instead. To disable deprecation, use _CRT_SECURE_NO_WARNINGS. See online help for details.
E:\Snow_Alaska\Modelling_2026\Codes\Code_for_Mapping_CLPX\Read_Export.cpp(2889,3): warning C4996: 'sprintf': This function or variable may be unsafe. Consider using sprintf_s instead. To disable deprecation, use _CRT_SECURE_NO_WARNINGS. See online help for details.
E:\Snow_Alaska\Modelling_2026\Codes\Code_for_Mapping_CLPX\Read_Export.cpp(2891,3): warning C4996: 'sprintf': This function or variable may be unsafe. Consider using sprintf_s instead. To disable deprecation, use _CRT_SECURE_NO_WARNINGS. See online help for details.
E:\Snow_Alaska\Modelling_2026\Codes\Code_for_Mapping_CLPX\Read_Export.cpp(2892,17): warning C4996: 'fopen': This function or variable may be unsafe. Consider using fopen_s instead. To disable deprecation, use _CRT_SECURE_NO_WARNINGS. See online help for details.
E:\Snow_Alaska\Modelling_2026\Codes\Code_for_Mapping_CLPX\Read_Export.cpp(2896,3): warning C4996: 'fscanf': This function or variable may be unsafe. Consider using fscanf_s instead. To disable deprecation, use _CRT_SECURE_NO_WARNINGS. See online help for details.
E:\Snow_Alaska\Modelling_2026\Codes\Code_for_Mapping_CLPX\Read_Export.cpp(2900,4): warning C4996: 'fscanf': This function or variable may be unsafe. Consider using fscanf_s instead. To disable deprecation, use _CRT_SECURE_NO_WARNINGS. See online help for details.
E:\Snow_Alaska\Modelling_2026\Codes\Code_for_Mapping_CLPX\Read_Export.cpp(2905,3): warning C4996: 'sprintf': This function or variable may be unsafe. Consider using sprintf_s instead. To disable deprecation, use _CRT_SECURE_NO_WARNINGS. See online help for details.
E:\Snow_Alaska\Modelling_2026\Codes\Code_for_Mapping_CLPX\Read_Export.cpp(2906,17): warning C4996: 'fopen': This function or variable may be unsafe. Consider using fopen_s instead. To disable deprecation, use _CRT_SECURE_NO_WARNINGS. See online help for details.
E:\Snow_Alaska\Modelling_2026\Codes\Code_for_Mapping_CLPX\Read_Export.cpp(2910,3): warning C4996: 'fscanf': This function or variable may be unsafe. Consider using fscanf_s instead. To disable deprecation, use _CRT_SECURE_NO_WARNINGS. See online help for details.
E:\Snow_Alaska\Modelling_2026\Codes\Code_for_Mapping_CLPX\Read_Export.cpp(2914,4): warning C4996: 'fscanf': This function or variable may be unsafe. Consider using fscanf_s instead. To disable deprecation, use _CRT_SECURE_NO_WARNINGS. See online help for details.
E:\Snow_Alaska\Modelling_2026\Codes\Code_for_Mapping_CLPX\Read_Export.cpp(2919,3): warning C4996: 'sprintf': This function or variable may be unsafe. Consider using sprintf_s instead. To disable deprecation, use _CRT_SECURE_NO_WARNINGS. See online help for details.
E:\Snow_Alaska\Modelling_2026\Codes\Code_for_Mapping_CLPX\Read_Export.cpp(2920,17): warning C4996: 'fopen': This function or variable may be unsafe. Consider using fopen_s instead. To disable deprecation, use _CRT_SECURE_NO_WARNINGS. See online help for details.
E:\Snow_Alaska\Modelling_2026\Codes\Code_for_Mapping_CLPX\Read_Export.cpp(2924,3): warning C4996: 'fscanf': This function or variable may be unsafe. Consider using fscanf_s instead. To disable deprecation, use _CRT_SECURE_NO_WARNINGS. See online help for details.
E:\Snow_Alaska\Modelling_2026\Codes\Code_for_Mapping_CLPX\Read_Export.cpp(2928,4): warning C4996: 'fscanf': This function or variable may be unsafe. Consider using fscanf_s instead. To disable deprecation, use _CRT_SECURE_NO_WARNINGS. See online help for details.
E:\Snow_Alaska\Modelling_2026\Codes\Code_for_Mapping_CLPX\Read_Export.cpp(2933,3): warning C4996: 'sprintf': This function or variable may be unsafe. Consider using sprintf_s instead. To disable deprecation, use _CRT_SECURE_NO_WARNINGS. See online help for details.
E:\Snow_Alaska\Modelling_2026\Codes\Code_for_Mapping_CLPX\Read_Export.cpp(2934,17): warning C4996: 'fopen': This function or variable may be unsafe. Consider using fopen_s instead. To disable deprecation, use _CRT_SECURE_NO_WARNINGS. See online help for details.
E:\Snow_Alaska\Modelling_2026\Codes\Code_for_Mapping_CLPX\Read_Export.cpp(2938,3): warning C4996: 'fscanf': This function or variable may be unsafe. Consider using fscanf_s instead. To disable deprecation, use _CRT_SECURE_NO_WARNINGS. See online help for details.
E:\Snow_Alaska\Modelling_2026\Codes\Code_for_Mapping_CLPX\Read_Export.cpp(2942,4): warning C4996: 'fscanf': This function or variable may be unsafe. Consider using fscanf_s instead. To disable deprecation, use _CRT_SECURE_NO_WARNINGS. See online help for details.
E:\Snow_Alaska\Modelling_2026\Codes\Code_for_Mapping_CLPX\Read_Export.cpp(2947,2): warning C4996: 'sprintf': This function or variable may be unsafe. Consider using sprintf_s instead. To disable deprecation, use _CRT_SECURE_NO_WARNINGS. See online help for details.
E:\Snow_Alaska\Modelling_2026\Codes\Code_for_Mapping_CLPX\Read_Export.cpp(2948,20): warning C4996: 'fopen': This function or variable may be unsafe. Consider using fopen_s instead. To disable deprecation, use _CRT_SECURE_NO_WARNINGS. See online help for details.
E:\Snow_Alaska\Modelling_2026\Codes\Code_for_Mapping_CLPX\Read_Export.cpp(2960,3): warning C4996: 'sprintf': This function or variable may be unsafe. Consider using sprintf_s instead. To disable deprecation, use _CRT_SECURE_NO_WARNINGS. See online help for details.
E:\Snow_Alaska\Modelling_2026\Codes\Code_for_Mapping_CLPX\Read_Export.cpp(2961,3): warning C4996: 'sprintf': This function or variable may be unsafe. Consider using sprintf_s instead. To disable deprecation, use _CRT_SECURE_NO_WARNINGS. See online help for details.
E:\Snow_Alaska\Modelling_2026\Codes\Code_for_Mapping_CLPX\Read_Export.cpp(2965,3): warning C4996: 'sprintf': This function or variable may be unsafe. Consider using sprintf_s instead. To disable deprecation, use _CRT_SECURE_NO_WARNINGS. See online help for details.
E:\Snow_Alaska\Modelling_2026\Codes\Code_for_Mapping_CLPX\Read_Export.cpp(2966,3): warning C4996: 'sprintf': This function or variable may be unsafe. Consider using sprintf_s instead. To disable deprecation, use _CRT_SECURE_NO_WARNINGS. See online help for details.
E:\Snow_Alaska\Modelling_2026\Codes\Code_for_Mapping_CLPX\Read_Export.cpp(2969,3): warning C4996: 'sprintf': This function or variable may be unsafe. Consider using sprintf_s instead. To disable deprecation, use _CRT_SECURE_NO_WARNINGS. See online help for details.
E:\Snow_Alaska\Modelling_2026\Codes\Code_for_Mapping_CLPX\Read_Export.cpp(2971,17): warning C4996: 'fopen': This function or variable may be unsafe. Consider using fopen_s instead. To disable deprecation, use _CRT_SECURE_NO_WARNINGS. See online help for details.
E:\Snow_Alaska\Modelling_2026\Codes\Code_for_Mapping_CLPX\Read_Export.cpp(2975,3): warning C4996: 'sprintf': This function or variable may be unsafe. Consider using sprintf_s instead. To disable deprecation, use _CRT_SECURE_NO_WARNINGS. See online help for details.
E:\Snow_Alaska\Modelling_2026\Codes\Code_for_Mapping_CLPX\Read_Export.cpp(2976,18): warning C4996: 'fopen': This function or variable may be unsafe. Consider using fopen_s instead. To disable deprecation, use _CRT_SECURE_NO_WARNINGS. See online help for details.
E:\Snow_Alaska\Modelling_2026\Codes\Code_for_Mapping_CLPX\Read_Export.cpp(2980,3): warning C4996: 'sprintf': This function or variable may be unsafe. Consider using sprintf_s instead. To disable deprecation, use _CRT_SECURE_NO_WARNINGS. See online help for details.
E:\Snow_Alaska\Modelling_2026\Codes\Code_for_Mapping_CLPX\Read_Export.cpp(2982,20): warning C4996: 'fopen': This function or variable may be unsafe. Consider using fopen_s instead. To disable deprecation, use _CRT_SECURE_NO_WARNINGS. See online help for details.
E:\Snow_Alaska\Modelling_2026\Codes\Code_for_Mapping_CLPX\Read_Export.cpp(2986,3): warning C4996: 'sprintf': This function or variable may be unsafe. Consider using sprintf_s instead. To disable deprecation, use _CRT_SECURE_NO_WARNINGS. See online help for details.
E:\Snow_Alaska\Modelling_2026\Codes\Code_for_Mapping_CLPX\Read_Export.cpp(2988,21): warning C4996: 'fopen': This function or variable may be unsafe. Consider using fopen_s instead. To disable deprecation, use _CRT_SECURE_NO_WARNINGS. See online help for details.
E:\Snow_Alaska\Modelling_2026\Codes\Code_for_Mapping_CLPX\Read_Export.cpp(2993,3): warning C4996: 'sprintf': This function or variable may be unsafe. Consider using sprintf_s instead. To disable deprecation, use _CRT_SECURE_NO_WARNINGS. See online help for details.
E:\Snow_Alaska\Modelling_2026\Codes\Code_for_Mapping_CLPX\Read_Export.cpp(2994,28): warning C4996: 'fopen': This function or variable may be unsafe. Consider using fopen_s instead. To disable deprecation, use _CRT_SECURE_NO_WARNINGS. See online help for details.
E:\Snow_Alaska\Modelling_2026\Codes\Code_for_Mapping_CLPX\Read_Export.cpp(2858,28): warning C4101: 'Fsnow2': unreferenced local variable
E:\Snow_Alaska\Modelling_2026\Codes\Code_for_Mapping_CLPX\Read_Export.cpp(2858,20): warning C4101: 'Fsnow1': unreferenced local variable
E:\Snow_Alaska\Modelling_2026\Codes\Code_for_Mapping_CLPX\Read_Export.cpp(3169,4): warning C4996: 'sprintf': This function or variable may be unsafe. Consider using sprintf_s instead. To disable deprecation, use _CRT_SECURE_NO_WARNINGS. See online help for details.
E:\Snow_Alaska\Modelling_2026\Codes\Code_for_Mapping_CLPX\Read_Export.cpp(3171,4): warning C4996: 'sprintf': This function or variable may be unsafe. Consider using sprintf_s instead. To disable deprecation, use _CRT_SECURE_NO_WARNINGS. See online help for details.
E:\Snow_Alaska\Modelling_2026\Codes\Code_for_Mapping_CLPX\Read_Export.cpp(3172,18): warning C4996: 'fopen': This function or variable may be unsafe. Consider using fopen_s instead. To disable deprecation, use _CRT_SECURE_NO_WARNINGS. See online help for details.
E:\Snow_Alaska\Modelling_2026\Codes\Code_for_Mapping_CLPX\Read_Export.cpp(3176,4): warning C4996: 'fscanf': This function or variable may be unsafe. Consider using fscanf_s instead. To disable deprecation, use _CRT_SECURE_NO_WARNINGS. See online help for details.
E:\Snow_Alaska\Modelling_2026\Codes\Code_for_Mapping_CLPX\Read_Export.cpp(3180,5): warning C4996: 'fscanf': This function or variable may be unsafe. Consider using fscanf_s instead. To disable deprecation, use _CRT_SECURE_NO_WARNINGS. See online help for details.
E:\Snow_Alaska\Modelling_2026\Codes\Code_for_Mapping_CLPX\Read_Export.cpp(3185,4): warning C4996: 'sprintf': This function or variable may be unsafe. Consider using sprintf_s instead. To disable deprecation, use _CRT_SECURE_NO_WARNINGS. See online help for details.
E:\Snow_Alaska\Modelling_2026\Codes\Code_for_Mapping_CLPX\Read_Export.cpp(3186,18): warning C4996: 'fopen': This function or variable may be unsafe. Consider using fopen_s instead. To disable deprecation, use _CRT_SECURE_NO_WARNINGS. See online help for details.
E:\Snow_Alaska\Modelling_2026\Codes\Code_for_Mapping_CLPX\Read_Export.cpp(3190,4): warning C4996: 'fscanf': This function or variable may be unsafe. Consider using fscanf_s instead. To disable deprecation, use _CRT_SECURE_NO_WARNINGS. See online help for details.
E:\Snow_Alaska\Modelling_2026\Codes\Code_for_Mapping_CLPX\Read_Export.cpp(3194,5): warning C4996: 'fscanf': This function or variable may be unsafe. Consider using fscanf_s instead. To disable deprecation, use _CRT_SECURE_NO_WARNINGS. See online help for details.
E:\Snow_Alaska\Modelling_2026\Codes\Code_for_Mapping_CLPX\Read_Export.cpp(3199,4): warning C4996: 'sprintf': This function or variable may be unsafe. Consider using sprintf_s instead. To disable deprecation, use _CRT_SECURE_NO_WARNINGS. See online help for details.
E:\Snow_Alaska\Modelling_2026\Codes\Code_for_Mapping_CLPX\Read_Export.cpp(3200,18): warning C4996: 'fopen': This function or variable may be unsafe. Consider using fopen_s instead. To disable deprecation, use _CRT_SECURE_NO_WARNINGS. See online help for details.
E:\Snow_Alaska\Modelling_2026\Codes\Code_for_Mapping_CLPX\Read_Export.cpp(3204,4): warning C4996: 'fscanf': This function or variable may be unsafe. Consider using fscanf_s instead. To disable deprecation, use _CRT_SECURE_NO_WARNINGS. See online help for details.
E:\Snow_Alaska\Modelling_2026\Codes\Code_for_Mapping_CLPX\Read_Export.cpp(3208,5): warning C4996: 'fscanf': This function or variable may be unsafe. Consider using fscanf_s instead. To disable deprecation, use _CRT_SECURE_NO_WARNINGS. See online help for details.
E:\Snow_Alaska\Modelling_2026\Codes\Code_for_Mapping_CLPX\Read_Export.cpp(3213,4): warning C4996: 'sprintf': This function or variable may be unsafe. Consider using sprintf_s instead. To disable deprecation, use _CRT_SECURE_NO_WARNINGS. See online help for details.
E:\Snow_Alaska\Modelling_2026\Codes\Code_for_Mapping_CLPX\Read_Export.cpp(3214,18): warning C4996: 'fopen': This function or variable may be unsafe. Consider using fopen_s instead. To disable deprecation, use _CRT_SECURE_NO_WARNINGS. See online help for details.
E:\Snow_Alaska\Modelling_2026\Codes\Code_for_Mapping_CLPX\Read_Export.cpp(3218,4): warning C4996: 'fscanf': This function or variable may be unsafe. Consider using fscanf_s instead. To disable deprecation, use _CRT_SECURE_NO_WARNINGS. See online help for details.
E:\Snow_Alaska\Modelling_2026\Codes\Code_for_Mapping_CLPX\Read_Export.cpp(3222,5): warning C4996: 'fscanf': This function or variable may be unsafe. Consider using fscanf_s instead. To disable deprecation, use _CRT_SECURE_NO_WARNINGS. See online help for details.
E:\Snow_Alaska\Modelling_2026\Codes\Code_for_Mapping_CLPX\Read_Export.cpp(3227,3): warning C4996: 'sprintf': This function or variable may be unsafe. Consider using sprintf_s instead. To disable deprecation, use _CRT_SECURE_NO_WARNINGS. See online help for details.
E:\Snow_Alaska\Modelling_2026\Codes\Code_for_Mapping_CLPX\Read_Export.cpp(3228,21): warning C4996: 'fopen': This function or variable may be unsafe. Consider using fopen_s instead. To disable deprecation, use _CRT_SECURE_NO_WARNINGS. See online help for details.
E:\Snow_Alaska\Modelling_2026\Codes\Code_for_Mapping_CLPX\Read_Export.cpp(3238,3): warning C4996: 'sprintf': This function or variable may be unsafe. Consider using sprintf_s instead. To disable deprecation, use _CRT_SECURE_NO_WARNINGS. See online help for details.
E:\Snow_Alaska\Modelling_2026\Codes\Code_for_Mapping_CLPX\Read_Export.cpp(3239,3): warning C4996: 'sprintf': This function or variable may be unsafe. Consider using sprintf_s instead. To disable deprecation, use _CRT_SECURE_NO_WARNINGS. See online help for details.
E:\Snow_Alaska\Modelling_2026\Codes\Code_for_Mapping_CLPX\Read_Export.cpp(3243,3): warning C4996: 'sprintf': This function or variable may be unsafe. Consider using sprintf_s instead. To disable deprecation, use _CRT_SECURE_NO_WARNINGS. See online help for details.
E:\Snow_Alaska\Modelling_2026\Codes\Code_for_Mapping_CLPX\Read_Export.cpp(3244,3): warning C4996: 'sprintf': This function or variable may be unsafe. Consider using sprintf_s instead. To disable deprecation, use _CRT_SECURE_NO_WARNINGS. See online help for details.
E:\Snow_Alaska\Modelling_2026\Codes\Code_for_Mapping_CLPX\Read_Export.cpp(3247,3): warning C4996: 'sprintf': This function or variable may be unsafe. Consider using sprintf_s instead. To disable deprecation, use _CRT_SECURE_NO_WARNINGS. See online help for details.
E:\Snow_Alaska\Modelling_2026\Codes\Code_for_Mapping_CLPX\Read_Export.cpp(3249,17): warning C4996: 'fopen': This function or variable may be unsafe. Consider using fopen_s instead. To disable deprecation, use _CRT_SECURE_NO_WARNINGS. See online help for details.
E:\Snow_Alaska\Modelling_2026\Codes\Code_for_Mapping_CLPX\Read_Export.cpp(3253,3): warning C4996: 'sprintf': This function or variable may be unsafe. Consider using sprintf_s instead. To disable deprecation, use _CRT_SECURE_NO_WARNINGS. See online help for details.
E:\Snow_Alaska\Modelling_2026\Codes\Code_for_Mapping_CLPX\Read_Export.cpp(3254,18): warning C4996: 'fopen': This function or variable may be unsafe. Consider using fopen_s instead. To disable deprecation, use _CRT_SECURE_NO_WARNINGS. See online help for details.
E:\Snow_Alaska\Modelling_2026\Codes\Code_for_Mapping_CLPX\Read_Export.cpp(3258,3): warning C4996: 'sprintf': This function or variable may be unsafe. Consider using sprintf_s instead. To disable deprecation, use _CRT_SECURE_NO_WARNINGS. See online help for details.
E:\Snow_Alaska\Modelling_2026\Codes\Code_for_Mapping_CLPX\Read_Export.cpp(3260,20): warning C4996: 'fopen': This function or variable may be unsafe. Consider using fopen_s instead. To disable deprecation, use _CRT_SECURE_NO_WARNINGS. See online help for details.
E:\Snow_Alaska\Modelling_2026\Codes\Code_for_Mapping_CLPX\Read_Export.cpp(3264,3): warning C4996: 'sprintf': This function or variable may be unsafe. Consider using sprintf_s instead. To disable deprecation, use _CRT_SECURE_NO_WARNINGS. See online help for details.
E:\Snow_Alaska\Modelling_2026\Codes\Code_for_Mapping_CLPX\Read_Export.cpp(3266,21): warning C4996: 'fopen': This function or variable may be unsafe. Consider using fopen_s instead. To disable deprecation, use _CRT_SECURE_NO_WARNINGS. See online help for details.
E:\Snow_Alaska\Modelling_2026\Codes\Code_for_Mapping_CLPX\Read_Export.cpp(3271,3): warning C4996: 'sprintf': This function or variable may be unsafe. Consider using sprintf_s instead. To disable deprecation, use _CRT_SECURE_NO_WARNINGS. See online help for details.
E:\Snow_Alaska\Modelling_2026\Codes\Code_for_Mapping_CLPX\Read_Export.cpp(3272,28): warning C4996: 'fopen': This function or variable may be unsafe. Consider using fopen_s instead. To disable deprecation, use _CRT_SECURE_NO_WARNINGS. See online help for details.
E:\Snow_Alaska\Modelling_2026\Codes\Code_for_Mapping_CLPX\Read_Export.cpp(3277,3): warning C4996: 'sprintf': This function or variable may be unsafe. Consider using sprintf_s instead. To disable deprecation, use _CRT_SECURE_NO_WARNINGS. See online help for details.
E:\Snow_Alaska\Modelling_2026\Codes\Code_for_Mapping_CLPX\Read_Export.cpp(3278,24): warning C4996: 'fopen': This function or variable may be unsafe. Consider using fopen_s instead. To disable deprecation, use _CRT_SECURE_NO_WARNINGS. See online help for details.
E:\Snow_Alaska\Modelling_2026\Codes\Code_for_Mapping_CLPX\Read_Export.cpp(3137,28): warning C4101: 'Fsnow2': unreferenced local variable
E:\Snow_Alaska\Modelling_2026\Codes\Code_for_Mapping_CLPX\Read_Export.cpp(3137,20): warning C4101: 'Fsnow1': unreferenced local variable
E:\Snow_Alaska\Modelling_2026\Codes\Code_for_Mapping_CLPX\Read_Export.cpp(3423,13): warning C4101: 'i2': unreferenced local variable
E:\Snow_Alaska\Modelling_2026\Codes\Code_for_Mapping_CLPX\Read_Export.cpp(3707,22): warning C4996: 'sprintf': This function or variable may be unsafe. Consider using sprintf_s instead. To disable deprecation, use _CRT_SECURE_NO_WARNINGS. See online help for details.
E:\Snow_Alaska\Modelling_2026\Codes\Code_for_Mapping_CLPX\Read_Export.cpp(3708,23): warning C4996: 'sprintf': This function or variable may be unsafe. Consider using sprintf_s instead. To disable deprecation, use _CRT_SECURE_NO_WARNINGS. See online help for details.
E:\Snow_Alaska\Modelling_2026\Codes\Code_for_Mapping_CLPX\Read_Export.cpp(3709,17): warning C4996: 'fopen': This function or variable may be unsafe. Consider using fopen_s instead. To disable deprecation, use _CRT_SECURE_NO_WARNINGS. See online help for details.
E:\Snow_Alaska\Modelling_2026\Codes\Code_for_Mapping_CLPX\Read_Export.cpp(3721,7): warning C4996: 'fscanf': This function or variable may be unsafe. Consider using fscanf_s instead. To disable deprecation, use _CRT_SECURE_NO_WARNINGS. See online help for details.
E:\Snow_Alaska\Modelling_2026\Codes\Code_for_Mapping_CLPX\Read_Export.cpp(3722,46): warning C4996: 'fscanf': This function or variable may be unsafe. Consider using fscanf_s instead. To disable deprecation, use _CRT_SECURE_NO_WARNINGS. See online help for details.
E:\Snow_Alaska\Modelling_2026\Codes\Code_for_Mapping_CLPX\Read_Export.cpp(3750,9): warning C4101: 'F': unreferenced local variable
  Read_export.vcxproj -> E:\Snow_Alaska\Modelling_2026\Codes\Code_for_Mapping_CLPX\Debug\Read_export.exe
