cl : command line  warning D9035: option 'Gm' has been deprecated and will be removed in a future release
  Read_Export.cpp
E:\Snow_Alaska\Modelling_2026\Codes\Code_for_processing_Model_output\Read_Export.cpp(119,15): warning C4477: 'printf' : format string '%s' requires an argument of type 'char *', but variadic argument 1 has type 'int'
E:\Snow_Alaska\Modelling_2026\Codes\Code_for_processing_Model_output\Read_Export.cpp(155,14): warning C4477: 'printf' : format string '%s' requires an argument of type 'char *', but variadic argument 1 has type 'int'
E:\Snow_Alaska\Modelling_2026\Codes\Code_for_processing_Model_output\Read_Export.cpp(85,3): warning C4996: 'sprintf': This function or variable may be unsafe. Consider using sprintf_s instead. To disable deprecation, use _CRT_SECURE_NO_WARNINGS. See online help for details.
E:\Snow_Alaska\Modelling_2026\Codes\Code_for_processing_Model_output\Read_Export.cpp(86,3): warning C4996: 'sprintf': This function or variable may be unsafe. Consider using sprintf_s instead. To disable deprecation, use _CRT_SECURE_NO_WARNINGS. See online help for details.
E:\Snow_Alaska\Modelling_2026\Codes\Code_for_processing_Model_output\Read_Export.cpp(95,5): warning C4996: 'sprintf': This function or variable may be unsafe. Consider using sprintf_s instead. To disable deprecation, use _CRT_SECURE_NO_WARNINGS. See online help for details.
E:\Snow_Alaska\Modelling_2026\Codes\Code_for_processing_Model_output\Read_Export.cpp(97,23): warning C4996: 'fopen': This function or variable may be unsafe. Consider using fopen_s instead. To disable deprecation, use _CRT_SECURE_NO_WARNINGS. See online help for details.
E:\Snow_Alaska\Modelling_2026\Codes\Code_for_processing_Model_output\Read_Export.cpp(107,6): warning C4996: 'sprintf': This function or variable may be unsafe. Consider using sprintf_s instead. To disable deprecation, use _CRT_SECURE_NO_WARNINGS. See online help for details.
E:\Snow_Alaska\Modelling_2026\Codes\Code_for_processing_Model_output\Read_Export.cpp(110,23): warning C4996: 'fopen': This function or variable may be unsafe. Consider using fopen_s instead. To disable deprecation, use _CRT_SECURE_NO_WARNINGS. See online help for details.
E:\Snow_Alaska\Modelling_2026\Codes\Code_for_processing_Model_output\Read_Export.cpp(117,7): warning C4996: 'fscanf': This function or variable may be unsafe. Consider using fscanf_s instead. To disable deprecation, use _CRT_SECURE_NO_WARNINGS. See online help for details.
E:\Snow_Alaska\Modelling_2026\Codes\Code_for_processing_Model_output\Read_Export.cpp(125,8): warning C4996: 'fscanf': This function or variable may be unsafe. Consider using fscanf_s instead. To disable deprecation, use _CRT_SECURE_NO_WARNINGS. See online help for details.
E:\Snow_Alaska\Modelling_2026\Codes\Code_for_processing_Model_output\Read_Export.cpp(126,32): warning C4996: 'fscanf': This function or variable may be unsafe. Consider using fscanf_s instead. To disable deprecation, use _CRT_SECURE_NO_WARNINGS. See online help for details.
E:\Snow_Alaska\Modelling_2026\Codes\Code_for_processing_Model_output\Read_Export.cpp(127,33): warning C4996: 'fscanf': This function or variable may be unsafe. Consider using fscanf_s instead. To disable deprecation, use _CRT_SECURE_NO_WARNINGS. See online help for details.
E:\Snow_Alaska\Modelling_2026\Codes\Code_for_processing_Model_output\Read_Export.cpp(143,5): warning C4996: 'sprintf': This function or variable may be unsafe. Consider using sprintf_s instead. To disable deprecation, use _CRT_SECURE_NO_WARNINGS. See online help for details.
E:\Snow_Alaska\Modelling_2026\Codes\Code_for_processing_Model_output\Read_Export.cpp(146,22): warning C4996: 'fopen': This function or variable may be unsafe. Consider using fopen_s instead. To disable deprecation, use _CRT_SECURE_NO_WARNINGS. See online help for details.
E:\Snow_Alaska\Modelling_2026\Codes\Code_for_processing_Model_output\Read_Export.cpp(153,6): warning C4996: 'fscanf': This function or variable may be unsafe. Consider using fscanf_s instead. To disable deprecation, use _CRT_SECURE_NO_WARNINGS. See online help for details.
E:\Snow_Alaska\Modelling_2026\Codes\Code_for_processing_Model_output\Read_Export.cpp(161,7): warning C4996: 'fscanf': This function or variable may be unsafe. Consider using fscanf_s instead. To disable deprecation, use _CRT_SECURE_NO_WARNINGS. See online help for details.
E:\Snow_Alaska\Modelling_2026\Codes\Code_for_processing_Model_output\Read_Export.cpp(162,31): warning C4996: 'fscanf': This function or variable may be unsafe. Consider using fscanf_s instead. To disable deprecation, use _CRT_SECURE_NO_WARNINGS. See online help for details.
E:\Snow_Alaska\Modelling_2026\Codes\Code_for_processing_Model_output\Read_Export.cpp(163,32): warning C4996: 'fscanf': This function or variable may be unsafe. Consider using fscanf_s instead. To disable deprecation, use _CRT_SECURE_NO_WARNINGS. See online help for details.
E:\Snow_Alaska\Modelling_2026\Codes\Code_for_processing_Model_output\Read_Export.cpp(72,27): warning C4101: 'N_Site': unreferenced local variable
E:\Snow_Alaska\Modelling_2026\Codes\Code_for_processing_Model_output\Read_Export.cpp(209,4): warning C4996: 'sprintf': This function or variable may be unsafe. Consider using sprintf_s instead. To disable deprecation, use _CRT_SECURE_NO_WARNINGS. See online help for details.
E:\Snow_Alaska\Modelling_2026\Codes\Code_for_processing_Model_output\Read_Export.cpp(211,4): warning C4996: 'sprintf': This function or variable may be unsafe. Consider using sprintf_s instead. To disable deprecation, use _CRT_SECURE_NO_WARNINGS. See online help for details.
E:\Snow_Alaska\Modelling_2026\Codes\Code_for_processing_Model_output\Read_Export.cpp(212,21): warning C4996: 'fopen': This function or variable may be unsafe. Consider using fopen_s instead. To disable deprecation, use _CRT_SECURE_NO_WARNINGS. See online help for details.
E:\Snow_Alaska\Modelling_2026\Codes\Code_for_processing_Model_output\Read_Export.cpp(218,4): warning C4996: 'sprintf': This function or variable may be unsafe. Consider using sprintf_s instead. To disable deprecation, use _CRT_SECURE_NO_WARNINGS. See online help for details.
E:\Snow_Alaska\Modelling_2026\Codes\Code_for_processing_Model_output\Read_Export.cpp(219,22): warning C4996: 'fopen': This function or variable may be unsafe. Consider using fopen_s instead. To disable deprecation, use _CRT_SECURE_NO_WARNINGS. See online help for details.
E:\Snow_Alaska\Modelling_2026\Codes\Code_for_processing_Model_output\Read_Export.cpp(231,8): warning C4996: 'fscanf': This function or variable may be unsafe. Consider using fscanf_s instead. To disable deprecation, use _CRT_SECURE_NO_WARNINGS. See online help for details.
E:\Snow_Alaska\Modelling_2026\Codes\Code_for_processing_Model_output\Read_Export.cpp(232,39): warning C4996: 'fscanf': This function or variable may be unsafe. Consider using fscanf_s instead. To disable deprecation, use _CRT_SECURE_NO_WARNINGS. See online help for details.
E:\Snow_Alaska\Modelling_2026\Codes\Code_for_processing_Model_output\Read_Export.cpp(197,35): warning C4101: 'i_Fsnow': unreferenced local variable
E:\Snow_Alaska\Modelling_2026\Codes\Code_for_processing_Model_output\Read_Export.cpp(195,33): warning C4101: 'Snow_End_x': unreferenced local variable
E:\Snow_Alaska\Modelling_2026\Codes\Code_for_processing_Model_output\Read_Export.cpp(287,4): warning C4996: 'sprintf': This function or variable may be unsafe. Consider using sprintf_s instead. To disable deprecation, use _CRT_SECURE_NO_WARNINGS. See online help for details.
E:\Snow_Alaska\Modelling_2026\Codes\Code_for_processing_Model_output\Read_Export.cpp(289,4): warning C4996: 'sprintf': This function or variable may be unsafe. Consider using sprintf_s instead. To disable deprecation, use _CRT_SECURE_NO_WARNINGS. See online help for details.
E:\Snow_Alaska\Modelling_2026\Codes\Code_for_processing_Model_output\Read_Export.cpp(290,21): warning C4996: 'fopen': This function or variable may be unsafe. Consider using fopen_s instead. To disable deprecation, use _CRT_SECURE_NO_WARNINGS. See online help for details.
E:\Snow_Alaska\Modelling_2026\Codes\Code_for_processing_Model_output\Read_Export.cpp(296,4): warning C4996: 'sprintf': This function or variable may be unsafe. Consider using sprintf_s instead. To disable deprecation, use _CRT_SECURE_NO_WARNINGS. See online help for details.
E:\Snow_Alaska\Modelling_2026\Codes\Code_for_processing_Model_output\Read_Export.cpp(297,22): warning C4996: 'fopen': This function or variable may be unsafe. Consider using fopen_s instead. To disable deprecation, use _CRT_SECURE_NO_WARNINGS. See online help for details.
E:\Snow_Alaska\Modelling_2026\Codes\Code_for_processing_Model_output\Read_Export.cpp(308,8): warning C4996: 'fscanf': This function or variable may be unsafe. Consider using fscanf_s instead. To disable deprecation, use _CRT_SECURE_NO_WARNINGS. See online help for details.
E:\Snow_Alaska\Modelling_2026\Codes\Code_for_processing_Model_output\Read_Export.cpp(310,35): warning C4996: 'fscanf': This function or variable may be unsafe. Consider using fscanf_s instead. To disable deprecation, use _CRT_SECURE_NO_WARNINGS. See online help for details.
E:\Snow_Alaska\Modelling_2026\Codes\Code_for_processing_Model_output\Read_Export.cpp(312,39): warning C4996: 'fscanf': This function or variable may be unsafe. Consider using fscanf_s instead. To disable deprecation, use _CRT_SECURE_NO_WARNINGS. See online help for details.
E:\Snow_Alaska\Modelling_2026\Codes\Code_for_processing_Model_output\Read_Export.cpp(276,25): warning C4101: 'i_Aspect': unreferenced local variable
E:\Snow_Alaska\Modelling_2026\Codes\Code_for_processing_Model_output\Read_Export.cpp(377,4): warning C4996: 'sprintf': This function or variable may be unsafe. Consider using sprintf_s instead. To disable deprecation, use _CRT_SECURE_NO_WARNINGS. See online help for details.
E:\Snow_Alaska\Modelling_2026\Codes\Code_for_processing_Model_output\Read_Export.cpp(379,4): warning C4996: 'sprintf': This function or variable may be unsafe. Consider using sprintf_s instead. To disable deprecation, use _CRT_SECURE_NO_WARNINGS. See online help for details.
E:\Snow_Alaska\Modelling_2026\Codes\Code_for_processing_Model_output\Read_Export.cpp(380,21): warning C4996: 'fopen': This function or variable may be unsafe. Consider using fopen_s instead. To disable deprecation, use _CRT_SECURE_NO_WARNINGS. See online help for details.
E:\Snow_Alaska\Modelling_2026\Codes\Code_for_processing_Model_output\Read_Export.cpp(386,4): warning C4996: 'sprintf': This function or variable may be unsafe. Consider using sprintf_s instead. To disable deprecation, use _CRT_SECURE_NO_WARNINGS. See online help for details.
E:\Snow_Alaska\Modelling_2026\Codes\Code_for_processing_Model_output\Read_Export.cpp(387,22): warning C4996: 'fopen': This function or variable may be unsafe. Consider using fopen_s instead. To disable deprecation, use _CRT_SECURE_NO_WARNINGS. See online help for details.
E:\Snow_Alaska\Modelling_2026\Codes\Code_for_processing_Model_output\Read_Export.cpp(399,8): warning C4996: 'fscanf': This function or variable may be unsafe. Consider using fscanf_s instead. To disable deprecation, use _CRT_SECURE_NO_WARNINGS. See online help for details.
E:\Snow_Alaska\Modelling_2026\Codes\Code_for_processing_Model_output\Read_Export.cpp(401,35): warning C4996: 'fscanf': This function or variable may be unsafe. Consider using fscanf_s instead. To disable deprecation, use _CRT_SECURE_NO_WARNINGS. See online help for details.
E:\Snow_Alaska\Modelling_2026\Codes\Code_for_processing_Model_output\Read_Export.cpp(402,39): warning C4996: 'fscanf': This function or variable may be unsafe. Consider using fscanf_s instead. To disable deprecation, use _CRT_SECURE_NO_WARNINGS. See online help for details.
E:\Snow_Alaska\Modelling_2026\Codes\Code_for_processing_Model_output\Read_Export.cpp(365,35): warning C4101: 'i_Fsnow': unreferenced local variable
E:\Snow_Alaska\Modelling_2026\Codes\Code_for_processing_Model_output\Read_Export.cpp(363,32): warning C4101: 'Snow_End_x': unreferenced local variable
E:\Snow_Alaska\Modelling_2026\Codes\Code_for_processing_Model_output\Read_Export.cpp(500,15): warning C4477: 'printf' : format string '%s' requires an argument of type 'char *', but variadic argument 1 has type 'int'
E:\Snow_Alaska\Modelling_2026\Codes\Code_for_processing_Model_output\Read_Export.cpp(537,14): warning C4477: 'printf' : format string '%s' requires an argument of type 'char *', but variadic argument 1 has type 'int'
E:\Snow_Alaska\Modelling_2026\Codes\Code_for_processing_Model_output\Read_Export.cpp(465,3): warning C4996: 'sprintf': This function or variable may be unsafe. Consider using sprintf_s instead. To disable deprecation, use _CRT_SECURE_NO_WARNINGS. See online help for details.
E:\Snow_Alaska\Modelling_2026\Codes\Code_for_processing_Model_output\Read_Export.cpp(466,3): warning C4996: 'sprintf': This function or variable may be unsafe. Consider using sprintf_s instead. To disable deprecation, use _CRT_SECURE_NO_WARNINGS. See online help for details.
E:\Snow_Alaska\Modelling_2026\Codes\Code_for_processing_Model_output\Read_Export.cpp(475,5): warning C4996: 'sprintf': This function or variable may be unsafe. Consider using sprintf_s instead. To disable deprecation, use _CRT_SECURE_NO_WARNINGS. See online help for details.
E:\Snow_Alaska\Modelling_2026\Codes\Code_for_processing_Model_output\Read_Export.cpp(477,23): warning C4996: 'fopen': This function or variable may be unsafe. Consider using fopen_s instead. To disable deprecation, use _CRT_SECURE_NO_WARNINGS. See online help for details.
E:\Snow_Alaska\Modelling_2026\Codes\Code_for_processing_Model_output\Read_Export.cpp(488,6): warning C4996: 'sprintf': This function or variable may be unsafe. Consider using sprintf_s instead. To disable deprecation, use _CRT_SECURE_NO_WARNINGS. See online help for details.
E:\Snow_Alaska\Modelling_2026\Codes\Code_for_processing_Model_output\Read_Export.cpp(491,23): warning C4996: 'fopen': This function or variable may be unsafe. Consider using fopen_s instead. To disable deprecation, use _CRT_SECURE_NO_WARNINGS. See online help for details.
E:\Snow_Alaska\Modelling_2026\Codes\Code_for_processing_Model_output\Read_Export.cpp(498,7): warning C4996: 'fscanf': This function or variable may be unsafe. Consider using fscanf_s instead. To disable deprecation, use _CRT_SECURE_NO_WARNINGS. See online help for details.
E:\Snow_Alaska\Modelling_2026\Codes\Code_for_processing_Model_output\Read_Export.cpp(507,8): warning C4996: 'fscanf': This function or variable may be unsafe. Consider using fscanf_s instead. To disable deprecation, use _CRT_SECURE_NO_WARNINGS. See online help for details.
E:\Snow_Alaska\Modelling_2026\Codes\Code_for_processing_Model_output\Read_Export.cpp(508,32): warning C4996: 'fscanf': This function or variable may be unsafe. Consider using fscanf_s instead. To disable deprecation, use _CRT_SECURE_NO_WARNINGS. See online help for details.
E:\Snow_Alaska\Modelling_2026\Codes\Code_for_processing_Model_output\Read_Export.cpp(509,33): warning C4996: 'fscanf': This function or variable may be unsafe. Consider using fscanf_s instead. To disable deprecation, use _CRT_SECURE_NO_WARNINGS. See online help for details.
E:\Snow_Alaska\Modelling_2026\Codes\Code_for_processing_Model_output\Read_Export.cpp(525,5): warning C4996: 'sprintf': This function or variable may be unsafe. Consider using sprintf_s instead. To disable deprecation, use _CRT_SECURE_NO_WARNINGS. See online help for details.
E:\Snow_Alaska\Modelling_2026\Codes\Code_for_processing_Model_output\Read_Export.cpp(528,22): warning C4996: 'fopen': This function or variable may be unsafe. Consider using fopen_s instead. To disable deprecation, use _CRT_SECURE_NO_WARNINGS. See online help for details.
E:\Snow_Alaska\Modelling_2026\Codes\Code_for_processing_Model_output\Read_Export.cpp(535,6): warning C4996: 'fscanf': This function or variable may be unsafe. Consider using fscanf_s instead. To disable deprecation, use _CRT_SECURE_NO_WARNINGS. See online help for details.
E:\Snow_Alaska\Modelling_2026\Codes\Code_for_processing_Model_output\Read_Export.cpp(543,7): warning C4996: 'fscanf': This function or variable may be unsafe. Consider using fscanf_s instead. To disable deprecation, use _CRT_SECURE_NO_WARNINGS. See online help for details.
E:\Snow_Alaska\Modelling_2026\Codes\Code_for_processing_Model_output\Read_Export.cpp(544,31): warning C4996: 'fscanf': This function or variable may be unsafe. Consider using fscanf_s instead. To disable deprecation, use _CRT_SECURE_NO_WARNINGS. See online help for details.
E:\Snow_Alaska\Modelling_2026\Codes\Code_for_processing_Model_output\Read_Export.cpp(545,32): warning C4996: 'fscanf': This function or variable may be unsafe. Consider using fscanf_s instead. To disable deprecation, use _CRT_SECURE_NO_WARNINGS. See online help for details.
E:\Snow_Alaska\Modelling_2026\Codes\Code_for_processing_Model_output\Read_Export.cpp(452,27): warning C4101: 'N_Site': unreferenced local variable
E:\Snow_Alaska\Modelling_2026\Codes\Code_for_processing_Model_output\Read_Export.cpp(628,15): warning C4477: 'printf' : format string '%s' requires an argument of type 'char *', but variadic argument 1 has type 'int'
E:\Snow_Alaska\Modelling_2026\Codes\Code_for_processing_Model_output\Read_Export.cpp(666,14): warning C4477: 'printf' : format string '%s' requires an argument of type 'char *', but variadic argument 1 has type 'int'
E:\Snow_Alaska\Modelling_2026\Codes\Code_for_processing_Model_output\Read_Export.cpp(593,3): warning C4996: 'sprintf': This function or variable may be unsafe. Consider using sprintf_s instead. To disable deprecation, use _CRT_SECURE_NO_WARNINGS. See online help for details.
E:\Snow_Alaska\Modelling_2026\Codes\Code_for_processing_Model_output\Read_Export.cpp(594,3): warning C4996: 'sprintf': This function or variable may be unsafe. Consider using sprintf_s instead. To disable deprecation, use _CRT_SECURE_NO_WARNINGS. See online help for details.
E:\Snow_Alaska\Modelling_2026\Codes\Code_for_processing_Model_output\Read_Export.cpp(603,5): warning C4996: 'sprintf': This function or variable may be unsafe. Consider using sprintf_s instead. To disable deprecation, use _CRT_SECURE_NO_WARNINGS. See online help for details.
E:\Snow_Alaska\Modelling_2026\Codes\Code_for_processing_Model_output\Read_Export.cpp(605,23): warning C4996: 'fopen': This function or variable may be unsafe. Consider using fopen_s instead. To disable deprecation, use _CRT_SECURE_NO_WARNINGS. See online help for details.
E:\Snow_Alaska\Modelling_2026\Codes\Code_for_processing_Model_output\Read_Export.cpp(616,6): warning C4996: 'sprintf': This function or variable may be unsafe. Consider using sprintf_s instead. To disable deprecation, use _CRT_SECURE_NO_WARNINGS. See online help for details.
E:\Snow_Alaska\Modelling_2026\Codes\Code_for_processing_Model_output\Read_Export.cpp(619,23): warning C4996: 'fopen': This function or variable may be unsafe. Consider using fopen_s instead. To disable deprecation, use _CRT_SECURE_NO_WARNINGS. See online help for details.
E:\Snow_Alaska\Modelling_2026\Codes\Code_for_processing_Model_output\Read_Export.cpp(626,7): warning C4996: 'fscanf': This function or variable may be unsafe. Consider using fscanf_s instead. To disable deprecation, use _CRT_SECURE_NO_WARNINGS. See online help for details.
E:\Snow_Alaska\Modelling_2026\Codes\Code_for_processing_Model_output\Read_Export.cpp(634,8): warning C4996: 'fscanf': This function or variable may be unsafe. Consider using fscanf_s instead. To disable deprecation, use _CRT_SECURE_NO_WARNINGS. See online help for details.
E:\Snow_Alaska\Modelling_2026\Codes\Code_for_processing_Model_output\Read_Export.cpp(635,33): warning C4996: 'fscanf': This function or variable may be unsafe. Consider using fscanf_s instead. To disable deprecation, use _CRT_SECURE_NO_WARNINGS. See online help for details.
E:\Snow_Alaska\Modelling_2026\Codes\Code_for_processing_Model_output\Read_Export.cpp(636,33): warning C4996: 'fscanf': This function or variable may be unsafe. Consider using fscanf_s instead. To disable deprecation, use _CRT_SECURE_NO_WARNINGS. See online help for details.
E:\Snow_Alaska\Modelling_2026\Codes\Code_for_processing_Model_output\Read_Export.cpp(654,5): warning C4996: 'sprintf': This function or variable may be unsafe. Consider using sprintf_s instead. To disable deprecation, use _CRT_SECURE_NO_WARNINGS. See online help for details.
E:\Snow_Alaska\Modelling_2026\Codes\Code_for_processing_Model_output\Read_Export.cpp(657,22): warning C4996: 'fopen': This function or variable may be unsafe. Consider using fopen_s instead. To disable deprecation, use _CRT_SECURE_NO_WARNINGS. See online help for details.
E:\Snow_Alaska\Modelling_2026\Codes\Code_for_processing_Model_output\Read_Export.cpp(664,6): warning C4996: 'fscanf': This function or variable may be unsafe. Consider using fscanf_s instead. To disable deprecation, use _CRT_SECURE_NO_WARNINGS. See online help for details.
E:\Snow_Alaska\Modelling_2026\Codes\Code_for_processing_Model_output\Read_Export.cpp(672,7): warning C4996: 'fscanf': This function or variable may be unsafe. Consider using fscanf_s instead. To disable deprecation, use _CRT_SECURE_NO_WARNINGS. See online help for details.
E:\Snow_Alaska\Modelling_2026\Codes\Code_for_processing_Model_output\Read_Export.cpp(673,32): warning C4996: 'fscanf': This function or variable may be unsafe. Consider using fscanf_s instead. To disable deprecation, use _CRT_SECURE_NO_WARNINGS. See online help for details.
E:\Snow_Alaska\Modelling_2026\Codes\Code_for_processing_Model_output\Read_Export.cpp(674,32): warning C4996: 'fscanf': This function or variable may be unsafe. Consider using fscanf_s instead. To disable deprecation, use _CRT_SECURE_NO_WARNINGS. See online help for details.
E:\Snow_Alaska\Modelling_2026\Codes\Code_for_processing_Model_output\Read_Export.cpp(576,18): warning C4101: 'j': unreferenced local variable
E:\Snow_Alaska\Modelling_2026\Codes\Code_for_processing_Model_output\Read_Export.cpp(574,27): warning C4101: 'N_Site': unreferenced local variable
E:\Snow_Alaska\Modelling_2026\Codes\Code_for_processing_Model_output\Read_Export.cpp(770,15): warning C4477: 'printf' : format string '%s' requires an argument of type 'char *', but variadic argument 1 has type 'int'
E:\Snow_Alaska\Modelling_2026\Codes\Code_for_processing_Model_output\Read_Export.cpp(805,14): warning C4477: 'printf' : format string '%s' requires an argument of type 'char *', but variadic argument 1 has type 'int'
E:\Snow_Alaska\Modelling_2026\Codes\Code_for_processing_Model_output\Read_Export.cpp(735,3): warning C4996: 'sprintf': This function or variable may be unsafe. Consider using sprintf_s instead. To disable deprecation, use _CRT_SECURE_NO_WARNINGS. See online help for details.
E:\Snow_Alaska\Modelling_2026\Codes\Code_for_processing_Model_output\Read_Export.cpp(736,3): warning C4996: 'sprintf': This function or variable may be unsafe. Consider using sprintf_s instead. To disable deprecation, use _CRT_SECURE_NO_WARNINGS. See online help for details.
E:\Snow_Alaska\Modelling_2026\Codes\Code_for_processing_Model_output\Read_Export.cpp(745,5): warning C4996: 'sprintf': This function or variable may be unsafe. Consider using sprintf_s instead. To disable deprecation, use _CRT_SECURE_NO_WARNINGS. See online help for details.
E:\Snow_Alaska\Modelling_2026\Codes\Code_for_processing_Model_output\Read_Export.cpp(747,23): warning C4996: 'fopen': This function or variable may be unsafe. Consider using fopen_s instead. To disable deprecation, use _CRT_SECURE_NO_WARNINGS. See online help for details.
E:\Snow_Alaska\Modelling_2026\Codes\Code_for_processing_Model_output\Read_Export.cpp(758,6): warning C4996: 'sprintf': This function or variable may be unsafe. Consider using sprintf_s instead. To disable deprecation, use _CRT_SECURE_NO_WARNINGS. See online help for details.
E:\Snow_Alaska\Modelling_2026\Codes\Code_for_processing_Model_output\Read_Export.cpp(761,23): warning C4996: 'fopen': This function or variable may be unsafe. Consider using fopen_s instead. To disable deprecation, use _CRT_SECURE_NO_WARNINGS. See online help for details.
E:\Snow_Alaska\Modelling_2026\Codes\Code_for_processing_Model_output\Read_Export.cpp(768,7): warning C4996: 'fscanf': This function or variable may be unsafe. Consider using fscanf_s instead. To disable deprecation, use _CRT_SECURE_NO_WARNINGS. See online help for details.
E:\Snow_Alaska\Modelling_2026\Codes\Code_for_processing_Model_output\Read_Export.cpp(776,8): warning C4996: 'fscanf': This function or variable may be unsafe. Consider using fscanf_s instead. To disable deprecation, use _CRT_SECURE_NO_WARNINGS. See online help for details.
E:\Snow_Alaska\Modelling_2026\Codes\Code_for_processing_Model_output\Read_Export.cpp(777,33): warning C4996: 'fscanf': This function or variable may be unsafe. Consider using fscanf_s instead. To disable deprecation, use _CRT_SECURE_NO_WARNINGS. See online help for details.
E:\Snow_Alaska\Modelling_2026\Codes\Code_for_processing_Model_output\Read_Export.cpp(778,33): warning C4996: 'fscanf': This function or variable may be unsafe. Consider using fscanf_s instead. To disable deprecation, use _CRT_SECURE_NO_WARNINGS. See online help for details.
E:\Snow_Alaska\Modelling_2026\Codes\Code_for_processing_Model_output\Read_Export.cpp(793,5): warning C4996: 'sprintf': This function or variable may be unsafe. Consider using sprintf_s instead. To disable deprecation, use _CRT_SECURE_NO_WARNINGS. See online help for details.
E:\Snow_Alaska\Modelling_2026\Codes\Code_for_processing_Model_output\Read_Export.cpp(796,22): warning C4996: 'fopen': This function or variable may be unsafe. Consider using fopen_s instead. To disable deprecation, use _CRT_SECURE_NO_WARNINGS. See online help for details.
E:\Snow_Alaska\Modelling_2026\Codes\Code_for_processing_Model_output\Read_Export.cpp(803,6): warning C4996: 'fscanf': This function or variable may be unsafe. Consider using fscanf_s instead. To disable deprecation, use _CRT_SECURE_NO_WARNINGS. See online help for details.
E:\Snow_Alaska\Modelling_2026\Codes\Code_for_processing_Model_output\Read_Export.cpp(811,7): warning C4996: 'fscanf': This function or variable may be unsafe. Consider using fscanf_s instead. To disable deprecation, use _CRT_SECURE_NO_WARNINGS. See online help for details.
E:\Snow_Alaska\Modelling_2026\Codes\Code_for_processing_Model_output\Read_Export.cpp(812,32): warning C4996: 'fscanf': This function or variable may be unsafe. Consider using fscanf_s instead. To disable deprecation, use _CRT_SECURE_NO_WARNINGS. See online help for details.
E:\Snow_Alaska\Modelling_2026\Codes\Code_for_processing_Model_output\Read_Export.cpp(813,32): warning C4996: 'fscanf': This function or variable may be unsafe. Consider using fscanf_s instead. To disable deprecation, use _CRT_SECURE_NO_WARNINGS. See online help for details.
E:\Snow_Alaska\Modelling_2026\Codes\Code_for_processing_Model_output\Read_Export.cpp(706,27): warning C4101: 'N_Site': unreferenced local variable
E:\Snow_Alaska\Modelling_2026\Codes\Code_for_processing_Model_output\Read_Export.cpp(876,3): warning C4996: 'sprintf': This function or variable may be unsafe. Consider using sprintf_s instead. To disable deprecation, use _CRT_SECURE_NO_WARNINGS. See online help for details.
E:\Snow_Alaska\Modelling_2026\Codes\Code_for_processing_Model_output\Read_Export.cpp(877,17): warning C4996: 'fopen': This function or variable may be unsafe. Consider using fopen_s instead. To disable deprecation, use _CRT_SECURE_NO_WARNINGS. See online help for details.
E:\Snow_Alaska\Modelling_2026\Codes\Code_for_processing_Model_output\Read_Export.cpp(881,3): warning C4996: 'fscanf': This function or variable may be unsafe. Consider using fscanf_s instead. To disable deprecation, use _CRT_SECURE_NO_WARNINGS. See online help for details.
E:\Snow_Alaska\Modelling_2026\Codes\Code_for_processing_Model_output\Read_Export.cpp(885,4): warning C4996: 'fscanf': This function or variable may be unsafe. Consider using fscanf_s instead. To disable deprecation, use _CRT_SECURE_NO_WARNINGS. See online help for details.
E:\Snow_Alaska\Modelling_2026\Codes\Code_for_processing_Model_output\Read_Export.cpp(890,3): warning C4996: 'sprintf': This function or variable may be unsafe. Consider using sprintf_s instead. To disable deprecation, use _CRT_SECURE_NO_WARNINGS. See online help for details.
E:\Snow_Alaska\Modelling_2026\Codes\Code_for_processing_Model_output\Read_Export.cpp(891,17): warning C4996: 'fopen': This function or variable may be unsafe. Consider using fopen_s instead. To disable deprecation, use _CRT_SECURE_NO_WARNINGS. See online help for details.
E:\Snow_Alaska\Modelling_2026\Codes\Code_for_processing_Model_output\Read_Export.cpp(895,3): warning C4996: 'fscanf': This function or variable may be unsafe. Consider using fscanf_s instead. To disable deprecation, use _CRT_SECURE_NO_WARNINGS. See online help for details.
E:\Snow_Alaska\Modelling_2026\Codes\Code_for_processing_Model_output\Read_Export.cpp(899,4): warning C4996: 'fscanf': This function or variable may be unsafe. Consider using fscanf_s instead. To disable deprecation, use _CRT_SECURE_NO_WARNINGS. See online help for details.
E:\Snow_Alaska\Modelling_2026\Codes\Code_for_processing_Model_output\Read_Export.cpp(904,3): warning C4996: 'sprintf': This function or variable may be unsafe. Consider using sprintf_s instead. To disable deprecation, use _CRT_SECURE_NO_WARNINGS. See online help for details.
E:\Snow_Alaska\Modelling_2026\Codes\Code_for_processing_Model_output\Read_Export.cpp(905,17): warning C4996: 'fopen': This function or variable may be unsafe. Consider using fopen_s instead. To disable deprecation, use _CRT_SECURE_NO_WARNINGS. See online help for details.
E:\Snow_Alaska\Modelling_2026\Codes\Code_for_processing_Model_output\Read_Export.cpp(909,3): warning C4996: 'fscanf': This function or variable may be unsafe. Consider using fscanf_s instead. To disable deprecation, use _CRT_SECURE_NO_WARNINGS. See online help for details.
E:\Snow_Alaska\Modelling_2026\Codes\Code_for_processing_Model_output\Read_Export.cpp(913,4): warning C4996: 'fscanf': This function or variable may be unsafe. Consider using fscanf_s instead. To disable deprecation, use _CRT_SECURE_NO_WARNINGS. See online help for details.
E:\Snow_Alaska\Modelling_2026\Codes\Code_for_processing_Model_output\Read_Export.cpp(918,3): warning C4996: 'sprintf': This function or variable may be unsafe. Consider using sprintf_s instead. To disable deprecation, use _CRT_SECURE_NO_WARNINGS. See online help for details.
E:\Snow_Alaska\Modelling_2026\Codes\Code_for_processing_Model_output\Read_Export.cpp(919,17): warning C4996: 'fopen': This function or variable may be unsafe. Consider using fopen_s instead. To disable deprecation, use _CRT_SECURE_NO_WARNINGS. See online help for details.
E:\Snow_Alaska\Modelling_2026\Codes\Code_for_processing_Model_output\Read_Export.cpp(923,3): warning C4996: 'fscanf': This function or variable may be unsafe. Consider using fscanf_s instead. To disable deprecation, use _CRT_SECURE_NO_WARNINGS. See online help for details.
E:\Snow_Alaska\Modelling_2026\Codes\Code_for_processing_Model_output\Read_Export.cpp(927,4): warning C4996: 'fscanf': This function or variable may be unsafe. Consider using fscanf_s instead. To disable deprecation, use _CRT_SECURE_NO_WARNINGS. See online help for details.
E:\Snow_Alaska\Modelling_2026\Codes\Code_for_processing_Model_output\Read_Export.cpp(938,5): warning C4996: 'sprintf': This function or variable may be unsafe. Consider using sprintf_s instead. To disable deprecation, use _CRT_SECURE_NO_WARNINGS. See online help for details.
E:\Snow_Alaska\Modelling_2026\Codes\Code_for_processing_Model_output\Read_Export.cpp(939,23): warning C4996: 'fopen': This function or variable may be unsafe. Consider using fopen_s instead. To disable deprecation, use _CRT_SECURE_NO_WARNINGS. See online help for details.
E:\Snow_Alaska\Modelling_2026\Codes\Code_for_processing_Model_output\Read_Export.cpp(950,19): warning C4996: 'sprintf': This function or variable may be unsafe. Consider using sprintf_s instead. To disable deprecation, use _CRT_SECURE_NO_WARNINGS. See online help for details.
E:\Snow_Alaska\Modelling_2026\Codes\Code_for_processing_Model_output\Read_Export.cpp(951,19): warning C4996: 'sprintf': This function or variable may be unsafe. Consider using sprintf_s instead. To disable deprecation, use _CRT_SECURE_NO_WARNINGS. See online help for details.
E:\Snow_Alaska\Modelling_2026\Codes\Code_for_processing_Model_output\Read_Export.cpp(953,22): warning C4996: 'fopen': This function or variable may be unsafe. Consider using fopen_s instead. To disable deprecation, use _CRT_SECURE_NO_WARNINGS. See online help for details.
E:\Snow_Alaska\Modelling_2026\Codes\Code_for_processing_Model_output\Read_Export.cpp(969,10): warning C4996: 'fscanf': This function or variable may be unsafe. Consider using fscanf_s instead. To disable deprecation, use _CRT_SECURE_NO_WARNINGS. See online help for details.
E:\Snow_Alaska\Modelling_2026\Codes\Code_for_processing_Model_output\Read_Export.cpp(973,35): warning C4996: 'fscanf': This function or variable may be unsafe. Consider using fscanf_s instead. To disable deprecation, use _CRT_SECURE_NO_WARNINGS. See online help for details.
  Read_export.vcxproj -> E:\Snow_Alaska\Modelling_2026\Codes\Code_for_processing_Model_output\Debug\Read_export.exe
