  Read_Export.cpp
E:\Snow_Alaska\Modelling_2026\Codes\Code_for_Mapping_HV\Read_Export.cpp(171,3): warning C4996: 'sprintf': This function or variable may be unsafe. Consider using sprintf_s instead. To disable deprecation, use _CRT_SECURE_NO_WARNINGS. See online help for details.
E:\Snow_Alaska\Modelling_2026\Codes\Code_for_Mapping_HV\Read_Export.cpp(172,21): warning C4996: 'fopen': This function or variable may be unsafe. Consider using fopen_s instead. To disable deprecation, use _CRT_SECURE_NO_WARNINGS. See online help for details.
E:\Snow_Alaska\Modelling_2026\Codes\Code_for_Mapping_HV\Read_Export.cpp(179,2): warning C4996: 'sprintf': This function or variable may be unsafe. Consider using sprintf_s instead. To disable deprecation, use _CRT_SECURE_NO_WARNINGS. See online help for details.
E:\Snow_Alaska\Modelling_2026\Codes\Code_for_Mapping_HV\Read_Export.cpp(180,19): warning C4996: 'fopen': This function or variable may be unsafe. Consider using fopen_s instead. To disable deprecation, use _CRT_SECURE_NO_WARNINGS. See online help for details.
E:\Snow_Alaska\Modelling_2026\Codes\Code_for_Mapping_HV\Read_Export.cpp(187,3): warning C4996: 'sprintf': This function or variable may be unsafe. Consider using sprintf_s instead. To disable deprecation, use _CRT_SECURE_NO_WARNINGS. See online help for details.
E:\Snow_Alaska\Modelling_2026\Codes\Code_for_Mapping_HV\Read_Export.cpp(188,24): warning C4996: 'fopen': This function or variable may be unsafe. Consider using fopen_s instead. To disable deprecation, use _CRT_SECURE_NO_WARNINGS. See online help for details.
E:\Snow_Alaska\Modelling_2026\Codes\Code_for_Mapping_HV\Read_Export.cpp(192,3): warning C4996: 'sprintf': This function or variable may be unsafe. Consider using sprintf_s instead. To disable deprecation, use _CRT_SECURE_NO_WARNINGS. See online help for details.
E:\Snow_Alaska\Modelling_2026\Codes\Code_for_Mapping_HV\Read_Export.cpp(193,24): warning C4996: 'fopen': This function or variable may be unsafe. Consider using fopen_s instead. To disable deprecation, use _CRT_SECURE_NO_WARNINGS. See online help for details.
E:\Snow_Alaska\Modelling_2026\Codes\Code_for_Mapping_HV\Read_Export.cpp(198,2): warning C4996: 'sprintf': This function or variable may be unsafe. Consider using sprintf_s instead. To disable deprecation, use _CRT_SECURE_NO_WARNINGS. See online help for details.
E:\Snow_Alaska\Modelling_2026\Codes\Code_for_Mapping_HV\Read_Export.cpp(199,24): warning C4996: 'fopen': This function or variable may be unsafe. Consider using fopen_s instead. To disable deprecation, use _CRT_SECURE_NO_WARNINGS. See online help for details.
E:\Snow_Alaska\Modelling_2026\Codes\Code_for_Mapping_HV\Read_Export.cpp(322,2): warning C4996: 'sprintf': This function or variable may be unsafe. Consider using sprintf_s instead. To disable deprecation, use _CRT_SECURE_NO_WARNINGS. See online help for details.
E:\Snow_Alaska\Modelling_2026\Codes\Code_for_Mapping_HV\Read_Export.cpp(324,19): warning C4996: 'fopen': This function or variable may be unsafe. Consider using fopen_s instead. To disable deprecation, use _CRT_SECURE_NO_WARNINGS. See online help for details.
E:\Snow_Alaska\Modelling_2026\Codes\Code_for_Mapping_HV\Read_Export.cpp(332,3): warning C4996: 'sprintf': This function or variable may be unsafe. Consider using sprintf_s instead. To disable deprecation, use _CRT_SECURE_NO_WARNINGS. See online help for details.
E:\Snow_Alaska\Modelling_2026\Codes\Code_for_Mapping_HV\Read_Export.cpp(337,21): warning C4996: 'fopen': This function or variable may be unsafe. Consider using fopen_s instead. To disable deprecation, use _CRT_SECURE_NO_WARNINGS. See online help for details.
E:\Snow_Alaska\Modelling_2026\Codes\Code_for_Mapping_HV\Read_Export.cpp(314,12): warning C4101: 'Pix': unreferenced local variable
E:\Snow_Alaska\Modelling_2026\Codes\Code_for_Mapping_HV\Read_Export.cpp(366,2): warning C4996: 'sprintf': This function or variable may be unsafe. Consider using sprintf_s instead. To disable deprecation, use _CRT_SECURE_NO_WARNINGS. See online help for details.
E:\Snow_Alaska\Modelling_2026\Codes\Code_for_Mapping_HV\Read_Export.cpp(367,20): warning C4996: 'fopen': This function or variable may be unsafe. Consider using fopen_s instead. To disable deprecation, use _CRT_SECURE_NO_WARNINGS. See online help for details.
E:\Snow_Alaska\Modelling_2026\Codes\Code_for_Mapping_HV\Read_Export.cpp(372,2): warning C4996: 'sprintf': This function or variable may be unsafe. Consider using sprintf_s instead. To disable deprecation, use _CRT_SECURE_NO_WARNINGS. See online help for details.
E:\Snow_Alaska\Modelling_2026\Codes\Code_for_Mapping_HV\Read_Export.cpp(373,19): warning C4996: 'fopen': This function or variable may be unsafe. Consider using fopen_s instead. To disable deprecation, use _CRT_SECURE_NO_WARNINGS. See online help for details.
E:\Snow_Alaska\Modelling_2026\Codes\Code_for_Mapping_HV\Read_Export.cpp(391,3): warning C4996: 'fscanf': This function or variable may be unsafe. Consider using fscanf_s instead. To disable deprecation, use _CRT_SECURE_NO_WARNINGS. See online help for details.
E:\Snow_Alaska\Modelling_2026\Codes\Code_for_Mapping_HV\Read_Export.cpp(392,32): warning C4996: 'fscanf': This function or variable may be unsafe. Consider using fscanf_s instead. To disable deprecation, use _CRT_SECURE_NO_WARNINGS. See online help for details.
E:\Snow_Alaska\Modelling_2026\Codes\Code_for_Mapping_HV\Read_Export.cpp(451,2): warning C4996: 'sprintf': This function or variable may be unsafe. Consider using sprintf_s instead. To disable deprecation, use _CRT_SECURE_NO_WARNINGS. See online help for details.
E:\Snow_Alaska\Modelling_2026\Codes\Code_for_Mapping_HV\Read_Export.cpp(452,20): warning C4996: 'fopen': This function or variable may be unsafe. Consider using fopen_s instead. To disable deprecation, use _CRT_SECURE_NO_WARNINGS. See online help for details.
E:\Snow_Alaska\Modelling_2026\Codes\Code_for_Mapping_HV\Read_Export.cpp(457,2): warning C4996: 'sprintf': This function or variable may be unsafe. Consider using sprintf_s instead. To disable deprecation, use _CRT_SECURE_NO_WARNINGS. See online help for details.
E:\Snow_Alaska\Modelling_2026\Codes\Code_for_Mapping_HV\Read_Export.cpp(458,19): warning C4996: 'fopen': This function or variable may be unsafe. Consider using fopen_s instead. To disable deprecation, use _CRT_SECURE_NO_WARNINGS. See online help for details.
E:\Snow_Alaska\Modelling_2026\Codes\Code_for_Mapping_HV\Read_Export.cpp(463,2): warning C4996: 'fscanf': This function or variable may be unsafe. Consider using fscanf_s instead. To disable deprecation, use _CRT_SECURE_NO_WARNINGS. See online help for details.
E:\Snow_Alaska\Modelling_2026\Codes\Code_for_Mapping_HV\Read_Export.cpp(476,3): warning C4996: 'fscanf': This function or variable may be unsafe. Consider using fscanf_s instead. To disable deprecation, use _CRT_SECURE_NO_WARNINGS. See online help for details.
E:\Snow_Alaska\Modelling_2026\Codes\Code_for_Mapping_HV\Read_Export.cpp(477,32): warning C4996: 'fscanf': This function or variable may be unsafe. Consider using fscanf_s instead. To disable deprecation, use _CRT_SECURE_NO_WARNINGS. See online help for details.
E:\Snow_Alaska\Modelling_2026\Codes\Code_for_Mapping_HV\Read_Export.cpp(544,26): warning C4996: 'sprintf': This function or variable may be unsafe. Consider using sprintf_s instead. To disable deprecation, use _CRT_SECURE_NO_WARNINGS. See online help for details.
E:\Snow_Alaska\Modelling_2026\Codes\Code_for_Mapping_HV\Read_Export.cpp(545,26): warning C4996: 'sprintf': This function or variable may be unsafe. Consider using sprintf_s instead. To disable deprecation, use _CRT_SECURE_NO_WARNINGS. See online help for details.
E:\Snow_Alaska\Modelling_2026\Codes\Code_for_Mapping_HV\Read_Export.cpp(547,26): warning C4996: 'fopen': This function or variable may be unsafe. Consider using fopen_s instead. To disable deprecation, use _CRT_SECURE_NO_WARNINGS. See online help for details.
E:\Snow_Alaska\Modelling_2026\Codes\Code_for_Mapping_HV\Read_Export.cpp(552,2): warning C4996: 'sprintf': This function or variable may be unsafe. Consider using sprintf_s instead. To disable deprecation, use _CRT_SECURE_NO_WARNINGS. See online help for details.
E:\Snow_Alaska\Modelling_2026\Codes\Code_for_Mapping_HV\Read_Export.cpp(553,26): warning C4996: 'fopen': This function or variable may be unsafe. Consider using fopen_s instead. To disable deprecation, use _CRT_SECURE_NO_WARNINGS. See online help for details.
E:\Snow_Alaska\Modelling_2026\Codes\Code_for_Mapping_HV\Read_Export.cpp(559,3): warning C4996: 'sprintf': This function or variable may be unsafe. Consider using sprintf_s instead. To disable deprecation, use _CRT_SECURE_NO_WARNINGS. See online help for details.
E:\Snow_Alaska\Modelling_2026\Codes\Code_for_Mapping_HV\Read_Export.cpp(560,29): warning C4996: 'fopen': This function or variable may be unsafe. Consider using fopen_s instead. To disable deprecation, use _CRT_SECURE_NO_WARNINGS. See online help for details.
E:\Snow_Alaska\Modelling_2026\Codes\Code_for_Mapping_HV\Read_Export.cpp(689,2): warning C4996: 'sprintf': This function or variable may be unsafe. Consider using sprintf_s instead. To disable deprecation, use _CRT_SECURE_NO_WARNINGS. See online help for details.
E:\Snow_Alaska\Modelling_2026\Codes\Code_for_Mapping_HV\Read_Export.cpp(690,20): warning C4996: 'fopen': This function or variable may be unsafe. Consider using fopen_s instead. To disable deprecation, use _CRT_SECURE_NO_WARNINGS. See online help for details.
E:\Snow_Alaska\Modelling_2026\Codes\Code_for_Mapping_HV\Read_Export.cpp(695,2): warning C4996: 'sprintf': This function or variable may be unsafe. Consider using sprintf_s instead. To disable deprecation, use _CRT_SECURE_NO_WARNINGS. See online help for details.
E:\Snow_Alaska\Modelling_2026\Codes\Code_for_Mapping_HV\Read_Export.cpp(696,29): warning C4996: 'fopen': This function or variable may be unsafe. Consider using fopen_s instead. To disable deprecation, use _CRT_SECURE_NO_WARNINGS. See online help for details.
E:\Snow_Alaska\Modelling_2026\Codes\Code_for_Mapping_HV\Read_Export.cpp(704,3): warning C4996: 'sprintf': This function or variable may be unsafe. Consider using sprintf_s instead. To disable deprecation, use _CRT_SECURE_NO_WARNINGS. See online help for details.
E:\Snow_Alaska\Modelling_2026\Codes\Code_for_Mapping_HV\Read_Export.cpp(705,29): warning C4996: 'fopen': This function or variable may be unsafe. Consider using fopen_s instead. To disable deprecation, use _CRT_SECURE_NO_WARNINGS. See online help for details.
E:\Snow_Alaska\Modelling_2026\Codes\Code_for_Mapping_HV\Read_Export.cpp(710,3): warning C4996: 'sprintf': This function or variable may be unsafe. Consider using sprintf_s instead. To disable deprecation, use _CRT_SECURE_NO_WARNINGS. See online help for details.
E:\Snow_Alaska\Modelling_2026\Codes\Code_for_Mapping_HV\Read_Export.cpp(711,33): warning C4996: 'fopen': This function or variable may be unsafe. Consider using fopen_s instead. To disable deprecation, use _CRT_SECURE_NO_WARNINGS. See online help for details.
E:\Snow_Alaska\Modelling_2026\Codes\Code_for_Mapping_HV\Read_Export.cpp(670,19): warning C4101: 'Fsnow_avg': unreferenced local variable
E:\Snow_Alaska\Modelling_2026\Codes\Code_for_Mapping_HV\Read_Export.cpp(670,9): warning C4101: 'Fsnow': unreferenced local variable
E:\Snow_Alaska\Modelling_2026\Codes\Code_for_Mapping_HV\Read_Export.cpp(664,9): warning C4101: 'j': unreferenced local variable
E:\Snow_Alaska\Modelling_2026\Codes\Code_for_Mapping_HV\Read_Export.cpp(670,30): warning C4101: 'avg': unreferenced local variable
E:\Snow_Alaska\Modelling_2026\Codes\Code_for_Mapping_HV\Read_Export.cpp(830,25): warning C4996: 'sprintf': This function or variable may be unsafe. Consider using sprintf_s instead. To disable deprecation, use _CRT_SECURE_NO_WARNINGS. See online help for details.
E:\Snow_Alaska\Modelling_2026\Codes\Code_for_Mapping_HV\Read_Export.cpp(831,25): warning C4996: 'sprintf': This function or variable may be unsafe. Consider using sprintf_s instead. To disable deprecation, use _CRT_SECURE_NO_WARNINGS. See online help for details.
E:\Snow_Alaska\Modelling_2026\Codes\Code_for_Mapping_HV\Read_Export.cpp(833,26): warning C4996: 'fopen': This function or variable may be unsafe. Consider using fopen_s instead. To disable deprecation, use _CRT_SECURE_NO_WARNINGS. See online help for details.
E:\Snow_Alaska\Modelling_2026\Codes\Code_for_Mapping_HV\Read_Export.cpp(838,2): warning C4996: 'sprintf': This function or variable may be unsafe. Consider using sprintf_s instead. To disable deprecation, use _CRT_SECURE_NO_WARNINGS. See online help for details.
E:\Snow_Alaska\Modelling_2026\Codes\Code_for_Mapping_HV\Read_Export.cpp(839,26): warning C4996: 'fopen': This function or variable may be unsafe. Consider using fopen_s instead. To disable deprecation, use _CRT_SECURE_NO_WARNINGS. See online help for details.
E:\Snow_Alaska\Modelling_2026\Codes\Code_for_Mapping_HV\Read_Export.cpp(847,3): warning C4996: 'sprintf': This function or variable may be unsafe. Consider using sprintf_s instead. To disable deprecation, use _CRT_SECURE_NO_WARNINGS. See online help for details.
E:\Snow_Alaska\Modelling_2026\Codes\Code_for_Mapping_HV\Read_Export.cpp(848,29): warning C4996: 'fopen': This function or variable may be unsafe. Consider using fopen_s instead. To disable deprecation, use _CRT_SECURE_NO_WARNINGS. See online help for details.
E:\Snow_Alaska\Modelling_2026\Codes\Code_for_Mapping_HV\Read_Export.cpp(853,3): warning C4996: 'sprintf': This function or variable may be unsafe. Consider using sprintf_s instead. To disable deprecation, use _CRT_SECURE_NO_WARNINGS. See online help for details.
E:\Snow_Alaska\Modelling_2026\Codes\Code_for_Mapping_HV\Read_Export.cpp(854,33): warning C4996: 'fopen': This function or variable may be unsafe. Consider using fopen_s instead. To disable deprecation, use _CRT_SECURE_NO_WARNINGS. See online help for details.
E:\Snow_Alaska\Modelling_2026\Codes\Code_for_Mapping_HV\Read_Export.cpp(980,25): warning C4244: '=': conversion from 'double' to 'float', possible loss of data
E:\Snow_Alaska\Modelling_2026\Codes\Code_for_Mapping_HV\Read_Export.cpp(983,2): warning C4996: 'sprintf': This function or variable may be unsafe. Consider using sprintf_s instead. To disable deprecation, use _CRT_SECURE_NO_WARNINGS. See online help for details.
E:\Snow_Alaska\Modelling_2026\Codes\Code_for_Mapping_HV\Read_Export.cpp(984,20): warning C4996: 'fopen': This function or variable may be unsafe. Consider using fopen_s instead. To disable deprecation, use _CRT_SECURE_NO_WARNINGS. See online help for details.
E:\Snow_Alaska\Modelling_2026\Codes\Code_for_Mapping_HV\Read_Export.cpp(989,3): warning C4996: 'sprintf': This function or variable may be unsafe. Consider using sprintf_s instead. To disable deprecation, use _CRT_SECURE_NO_WARNINGS. See online help for details.
E:\Snow_Alaska\Modelling_2026\Codes\Code_for_Mapping_HV\Read_Export.cpp(991,17): warning C4996: 'fopen': This function or variable may be unsafe. Consider using fopen_s instead. To disable deprecation, use _CRT_SECURE_NO_WARNINGS. See online help for details.
E:\Snow_Alaska\Modelling_2026\Codes\Code_for_Mapping_HV\Read_Export.cpp(996,3): warning C4996: 'sprintf': This function or variable may be unsafe. Consider using sprintf_s instead. To disable deprecation, use _CRT_SECURE_NO_WARNINGS. See online help for details.
E:\Snow_Alaska\Modelling_2026\Codes\Code_for_Mapping_HV\Read_Export.cpp(997,18): warning C4996: 'fopen': This function or variable may be unsafe. Consider using fopen_s instead. To disable deprecation, use _CRT_SECURE_NO_WARNINGS. See online help for details.
E:\Snow_Alaska\Modelling_2026\Codes\Code_for_Mapping_HV\Read_Export.cpp(1001,3): warning C4996: 'sprintf': This function or variable may be unsafe. Consider using sprintf_s instead. To disable deprecation, use _CRT_SECURE_NO_WARNINGS. See online help for details.
E:\Snow_Alaska\Modelling_2026\Codes\Code_for_Mapping_HV\Read_Export.cpp(1003,20): warning C4996: 'fopen': This function or variable may be unsafe. Consider using fopen_s instead. To disable deprecation, use _CRT_SECURE_NO_WARNINGS. See online help for details.
E:\Snow_Alaska\Modelling_2026\Codes\Code_for_Mapping_HV\Read_Export.cpp(1007,3): warning C4996: 'sprintf': This function or variable may be unsafe. Consider using sprintf_s instead. To disable deprecation, use _CRT_SECURE_NO_WARNINGS. See online help for details.
E:\Snow_Alaska\Modelling_2026\Codes\Code_for_Mapping_HV\Read_Export.cpp(1009,21): warning C4996: 'fopen': This function or variable may be unsafe. Consider using fopen_s instead. To disable deprecation, use _CRT_SECURE_NO_WARNINGS. See online help for details.
E:\Snow_Alaska\Modelling_2026\Codes\Code_for_Mapping_HV\Read_Export.cpp(1015,27): warning C4996: 'sprintf': This function or variable may be unsafe. Consider using sprintf_s instead. To disable deprecation, use _CRT_SECURE_NO_WARNINGS. See online help for details.
E:\Snow_Alaska\Modelling_2026\Codes\Code_for_Mapping_HV\Read_Export.cpp(1016,27): warning C4996: 'sprintf': This function or variable may be unsafe. Consider using sprintf_s instead. To disable deprecation, use _CRT_SECURE_NO_WARNINGS. See online help for details.
E:\Snow_Alaska\Modelling_2026\Codes\Code_for_Mapping_HV\Read_Export.cpp(1017,30): warning C4996: 'fopen': This function or variable may be unsafe. Consider using fopen_s instead. To disable deprecation, use _CRT_SECURE_NO_WARNINGS. See online help for details.
E:\Snow_Alaska\Modelling_2026\Codes\Code_for_Mapping_HV\Read_Export.cpp(1022,4): warning C4996: 'sprintf': This function or variable may be unsafe. Consider using sprintf_s instead. To disable deprecation, use _CRT_SECURE_NO_WARNINGS. See online help for details.
E:\Snow_Alaska\Modelling_2026\Codes\Code_for_Mapping_HV\Read_Export.cpp(1023,25): warning C4996: 'fopen': This function or variable may be unsafe. Consider using fopen_s instead. To disable deprecation, use _CRT_SECURE_NO_WARNINGS. See online help for details.
E:\Snow_Alaska\Modelling_2026\Codes\Code_for_Mapping_HV\Read_Export.cpp(959,7): warning C4101: 'Path': unreferenced local variable
E:\Snow_Alaska\Modelling_2026\Codes\Code_for_Mapping_HV\Read_Export.cpp(1165,3): warning C4996: 'sprintf': This function or variable may be unsafe. Consider using sprintf_s instead. To disable deprecation, use _CRT_SECURE_NO_WARNINGS. See online help for details.
E:\Snow_Alaska\Modelling_2026\Codes\Code_for_Mapping_HV\Read_Export.cpp(1168,3): warning C4996: 'sprintf': This function or variable may be unsafe. Consider using sprintf_s instead. To disable deprecation, use _CRT_SECURE_NO_WARNINGS. See online help for details.
E:\Snow_Alaska\Modelling_2026\Codes\Code_for_Mapping_HV\Read_Export.cpp(1169,17): warning C4996: 'fopen': This function or variable may be unsafe. Consider using fopen_s instead. To disable deprecation, use _CRT_SECURE_NO_WARNINGS. See online help for details.
E:\Snow_Alaska\Modelling_2026\Codes\Code_for_Mapping_HV\Read_Export.cpp(1173,3): warning C4996: 'fscanf': This function or variable may be unsafe. Consider using fscanf_s instead. To disable deprecation, use _CRT_SECURE_NO_WARNINGS. See online help for details.
E:\Snow_Alaska\Modelling_2026\Codes\Code_for_Mapping_HV\Read_Export.cpp(1177,4): warning C4996: 'fscanf': This function or variable may be unsafe. Consider using fscanf_s instead. To disable deprecation, use _CRT_SECURE_NO_WARNINGS. See online help for details.
E:\Snow_Alaska\Modelling_2026\Codes\Code_for_Mapping_HV\Read_Export.cpp(1182,3): warning C4996: 'sprintf': This function or variable may be unsafe. Consider using sprintf_s instead. To disable deprecation, use _CRT_SECURE_NO_WARNINGS. See online help for details.
E:\Snow_Alaska\Modelling_2026\Codes\Code_for_Mapping_HV\Read_Export.cpp(1183,17): warning C4996: 'fopen': This function or variable may be unsafe. Consider using fopen_s instead. To disable deprecation, use _CRT_SECURE_NO_WARNINGS. See online help for details.
E:\Snow_Alaska\Modelling_2026\Codes\Code_for_Mapping_HV\Read_Export.cpp(1187,3): warning C4996: 'fscanf': This function or variable may be unsafe. Consider using fscanf_s instead. To disable deprecation, use _CRT_SECURE_NO_WARNINGS. See online help for details.
E:\Snow_Alaska\Modelling_2026\Codes\Code_for_Mapping_HV\Read_Export.cpp(1191,4): warning C4996: 'fscanf': This function or variable may be unsafe. Consider using fscanf_s instead. To disable deprecation, use _CRT_SECURE_NO_WARNINGS. See online help for details.
E:\Snow_Alaska\Modelling_2026\Codes\Code_for_Mapping_HV\Read_Export.cpp(1196,3): warning C4996: 'sprintf': This function or variable may be unsafe. Consider using sprintf_s instead. To disable deprecation, use _CRT_SECURE_NO_WARNINGS. See online help for details.
E:\Snow_Alaska\Modelling_2026\Codes\Code_for_Mapping_HV\Read_Export.cpp(1197,17): warning C4996: 'fopen': This function or variable may be unsafe. Consider using fopen_s instead. To disable deprecation, use _CRT_SECURE_NO_WARNINGS. See online help for details.
E:\Snow_Alaska\Modelling_2026\Codes\Code_for_Mapping_HV\Read_Export.cpp(1201,3): warning C4996: 'fscanf': This function or variable may be unsafe. Consider using fscanf_s instead. To disable deprecation, use _CRT_SECURE_NO_WARNINGS. See online help for details.
E:\Snow_Alaska\Modelling_2026\Codes\Code_for_Mapping_HV\Read_Export.cpp(1205,4): warning C4996: 'fscanf': This function or variable may be unsafe. Consider using fscanf_s instead. To disable deprecation, use _CRT_SECURE_NO_WARNINGS. See online help for details.
E:\Snow_Alaska\Modelling_2026\Codes\Code_for_Mapping_HV\Read_Export.cpp(1210,3): warning C4996: 'sprintf': This function or variable may be unsafe. Consider using sprintf_s instead. To disable deprecation, use _CRT_SECURE_NO_WARNINGS. See online help for details.
E:\Snow_Alaska\Modelling_2026\Codes\Code_for_Mapping_HV\Read_Export.cpp(1211,17): warning C4996: 'fopen': This function or variable may be unsafe. Consider using fopen_s instead. To disable deprecation, use _CRT_SECURE_NO_WARNINGS. See online help for details.
E:\Snow_Alaska\Modelling_2026\Codes\Code_for_Mapping_HV\Read_Export.cpp(1215,3): warning C4996: 'fscanf': This function or variable may be unsafe. Consider using fscanf_s instead. To disable deprecation, use _CRT_SECURE_NO_WARNINGS. See online help for details.
E:\Snow_Alaska\Modelling_2026\Codes\Code_for_Mapping_HV\Read_Export.cpp(1219,4): warning C4996: 'fscanf': This function or variable may be unsafe. Consider using fscanf_s instead. To disable deprecation, use _CRT_SECURE_NO_WARNINGS. See online help for details.
E:\Snow_Alaska\Modelling_2026\Codes\Code_for_Mapping_HV\Read_Export.cpp(1224,2): warning C4996: 'sprintf': This function or variable may be unsafe. Consider using sprintf_s instead. To disable deprecation, use _CRT_SECURE_NO_WARNINGS. See online help for details.
E:\Snow_Alaska\Modelling_2026\Codes\Code_for_Mapping_HV\Read_Export.cpp(1225,20): warning C4996: 'fopen': This function or variable may be unsafe. Consider using fopen_s instead. To disable deprecation, use _CRT_SECURE_NO_WARNINGS. See online help for details.
E:\Snow_Alaska\Modelling_2026\Codes\Code_for_Mapping_HV\Read_Export.cpp(1236,3): warning C4996: 'sprintf': This function or variable may be unsafe. Consider using sprintf_s instead. To disable deprecation, use _CRT_SECURE_NO_WARNINGS. See online help for details.
E:\Snow_Alaska\Modelling_2026\Codes\Code_for_Mapping_HV\Read_Export.cpp(1237,3): warning C4996: 'sprintf': This function or variable may be unsafe. Consider using sprintf_s instead. To disable deprecation, use _CRT_SECURE_NO_WARNINGS. See online help for details.
E:\Snow_Alaska\Modelling_2026\Codes\Code_for_Mapping_HV\Read_Export.cpp(1242,3): warning C4996: 'sprintf': This function or variable may be unsafe. Consider using sprintf_s instead. To disable deprecation, use _CRT_SECURE_NO_WARNINGS. See online help for details.
E:\Snow_Alaska\Modelling_2026\Codes\Code_for_Mapping_HV\Read_Export.cpp(1243,3): warning C4996: 'sprintf': This function or variable may be unsafe. Consider using sprintf_s instead. To disable deprecation, use _CRT_SECURE_NO_WARNINGS. See online help for details.
E:\Snow_Alaska\Modelling_2026\Codes\Code_for_Mapping_HV\Read_Export.cpp(1248,3): warning C4996: 'sprintf': This function or variable may be unsafe. Consider using sprintf_s instead. To disable deprecation, use _CRT_SECURE_NO_WARNINGS. See online help for details.
E:\Snow_Alaska\Modelling_2026\Codes\Code_for_Mapping_HV\Read_Export.cpp(1249,17): warning C4996: 'fopen': This function or variable may be unsafe. Consider using fopen_s instead. To disable deprecation, use _CRT_SECURE_NO_WARNINGS. See online help for details.
E:\Snow_Alaska\Modelling_2026\Codes\Code_for_Mapping_HV\Read_Export.cpp(1253,3): warning C4996: 'sprintf': This function or variable may be unsafe. Consider using sprintf_s instead. To disable deprecation, use _CRT_SECURE_NO_WARNINGS. See online help for details.
E:\Snow_Alaska\Modelling_2026\Codes\Code_for_Mapping_HV\Read_Export.cpp(1254,18): warning C4996: 'fopen': This function or variable may be unsafe. Consider using fopen_s instead. To disable deprecation, use _CRT_SECURE_NO_WARNINGS. See online help for details.
E:\Snow_Alaska\Modelling_2026\Codes\Code_for_Mapping_HV\Read_Export.cpp(1258,3): warning C4996: 'sprintf': This function or variable may be unsafe. Consider using sprintf_s instead. To disable deprecation, use _CRT_SECURE_NO_WARNINGS. See online help for details.
E:\Snow_Alaska\Modelling_2026\Codes\Code_for_Mapping_HV\Read_Export.cpp(1259,20): warning C4996: 'fopen': This function or variable may be unsafe. Consider using fopen_s instead. To disable deprecation, use _CRT_SECURE_NO_WARNINGS. See online help for details.
E:\Snow_Alaska\Modelling_2026\Codes\Code_for_Mapping_HV\Read_Export.cpp(1263,3): warning C4996: 'sprintf': This function or variable may be unsafe. Consider using sprintf_s instead. To disable deprecation, use _CRT_SECURE_NO_WARNINGS. See online help for details.
E:\Snow_Alaska\Modelling_2026\Codes\Code_for_Mapping_HV\Read_Export.cpp(1264,21): warning C4996: 'fopen': This function or variable may be unsafe. Consider using fopen_s instead. To disable deprecation, use _CRT_SECURE_NO_WARNINGS. See online help for details.
E:\Snow_Alaska\Modelling_2026\Codes\Code_for_Mapping_HV\Read_Export.cpp(1269,3): warning C4996: 'sprintf': This function or variable may be unsafe. Consider using sprintf_s instead. To disable deprecation, use _CRT_SECURE_NO_WARNINGS. See online help for details.
E:\Snow_Alaska\Modelling_2026\Codes\Code_for_Mapping_HV\Read_Export.cpp(1271,20): warning C4996: 'fopen': This function or variable may be unsafe. Consider using fopen_s instead. To disable deprecation, use _CRT_SECURE_NO_WARNINGS. See online help for details.
E:\Snow_Alaska\Modelling_2026\Codes\Code_for_Mapping_HV\Read_Export.cpp(1638,2): warning C4996: 'sprintf': This function or variable may be unsafe. Consider using sprintf_s instead. To disable deprecation, use _CRT_SECURE_NO_WARNINGS. See online help for details.
E:\Snow_Alaska\Modelling_2026\Codes\Code_for_Mapping_HV\Read_Export.cpp(1639,17): warning C4996: 'fopen': This function or variable may be unsafe. Consider using fopen_s instead. To disable deprecation, use _CRT_SECURE_NO_WARNINGS. See online help for details.
E:\Snow_Alaska\Modelling_2026\Codes\Code_for_Mapping_HV\Read_Export.cpp(1646,2): warning C4996: 'sprintf': This function or variable may be unsafe. Consider using sprintf_s instead. To disable deprecation, use _CRT_SECURE_NO_WARNINGS. See online help for details.
E:\Snow_Alaska\Modelling_2026\Codes\Code_for_Mapping_HV\Read_Export.cpp(1647,19): warning C4996: 'fopen': This function or variable may be unsafe. Consider using fopen_s instead. To disable deprecation, use _CRT_SECURE_NO_WARNINGS. See online help for details.
E:\Snow_Alaska\Modelling_2026\Codes\Code_for_Mapping_HV\Read_Export.cpp(1652,2): warning C4996: 'sprintf': This function or variable may be unsafe. Consider using sprintf_s instead. To disable deprecation, use _CRT_SECURE_NO_WARNINGS. See online help for details.
E:\Snow_Alaska\Modelling_2026\Codes\Code_for_Mapping_HV\Read_Export.cpp(1653,20): warning C4996: 'fopen': This function or variable may be unsafe. Consider using fopen_s instead. To disable deprecation, use _CRT_SECURE_NO_WARNINGS. See online help for details.
E:\Snow_Alaska\Modelling_2026\Codes\Code_for_Mapping_HV\Read_Export.cpp(1629,6): warning C4101: 'yy': unreferenced local variable
E:\Snow_Alaska\Modelling_2026\Codes\Code_for_Mapping_HV\Read_Export.cpp(1706,2): warning C4996: 'sprintf': This function or variable may be unsafe. Consider using sprintf_s instead. To disable deprecation, use _CRT_SECURE_NO_WARNINGS. See online help for details.
E:\Snow_Alaska\Modelling_2026\Codes\Code_for_Mapping_HV\Read_Export.cpp(1707,17): warning C4996: 'fopen': This function or variable may be unsafe. Consider using fopen_s instead. To disable deprecation, use _CRT_SECURE_NO_WARNINGS. See online help for details.
E:\Snow_Alaska\Modelling_2026\Codes\Code_for_Mapping_HV\Read_Export.cpp(1717,2): warning C4996: 'sprintf': This function or variable may be unsafe. Consider using sprintf_s instead. To disable deprecation, use _CRT_SECURE_NO_WARNINGS. See online help for details.
E:\Snow_Alaska\Modelling_2026\Codes\Code_for_Mapping_HV\Read_Export.cpp(1718,19): warning C4996: 'fopen': This function or variable may be unsafe. Consider using fopen_s instead. To disable deprecation, use _CRT_SECURE_NO_WARNINGS. See online help for details.
E:\Snow_Alaska\Modelling_2026\Codes\Code_for_Mapping_HV\Read_Export.cpp(1724,3): warning C4996: 'sprintf': This function or variable may be unsafe. Consider using sprintf_s instead. To disable deprecation, use _CRT_SECURE_NO_WARNINGS. See online help for details.
E:\Snow_Alaska\Modelling_2026\Codes\Code_for_Mapping_HV\Read_Export.cpp(1725,24): warning C4996: 'fopen': This function or variable may be unsafe. Consider using fopen_s instead. To disable deprecation, use _CRT_SECURE_NO_WARNINGS. See online help for details.
E:\Snow_Alaska\Modelling_2026\Codes\Code_for_Mapping_HV\Read_Export.cpp(1730,3): warning C4996: 'sprintf': This function or variable may be unsafe. Consider using sprintf_s instead. To disable deprecation, use _CRT_SECURE_NO_WARNINGS. See online help for details.
E:\Snow_Alaska\Modelling_2026\Codes\Code_for_Mapping_HV\Read_Export.cpp(1731,25): warning C4996: 'fopen': This function or variable may be unsafe. Consider using fopen_s instead. To disable deprecation, use _CRT_SECURE_NO_WARNINGS. See online help for details.
E:\Snow_Alaska\Modelling_2026\Codes\Code_for_Mapping_HV\Read_Export.cpp(1814,2): warning C4996: 'sprintf': This function or variable may be unsafe. Consider using sprintf_s instead. To disable deprecation, use _CRT_SECURE_NO_WARNINGS. See online help for details.
E:\Snow_Alaska\Modelling_2026\Codes\Code_for_Mapping_HV\Read_Export.cpp(1815,17): warning C4996: 'fopen': This function or variable may be unsafe. Consider using fopen_s instead. To disable deprecation, use _CRT_SECURE_NO_WARNINGS. See online help for details.
E:\Snow_Alaska\Modelling_2026\Codes\Code_for_Mapping_HV\Read_Export.cpp(1824,2): warning C4996: 'sprintf': This function or variable may be unsafe. Consider using sprintf_s instead. To disable deprecation, use _CRT_SECURE_NO_WARNINGS. See online help for details.
E:\Snow_Alaska\Modelling_2026\Codes\Code_for_Mapping_HV\Read_Export.cpp(1825,19): warning C4996: 'fopen': This function or variable may be unsafe. Consider using fopen_s instead. To disable deprecation, use _CRT_SECURE_NO_WARNINGS. See online help for details.
E:\Snow_Alaska\Modelling_2026\Codes\Code_for_Mapping_HV\Read_Export.cpp(1831,3): warning C4996: 'sprintf': This function or variable may be unsafe. Consider using sprintf_s instead. To disable deprecation, use _CRT_SECURE_NO_WARNINGS. See online help for details.
E:\Snow_Alaska\Modelling_2026\Codes\Code_for_Mapping_HV\Read_Export.cpp(1832,25): warning C4996: 'fopen': This function or variable may be unsafe. Consider using fopen_s instead. To disable deprecation, use _CRT_SECURE_NO_WARNINGS. See online help for details.
E:\Snow_Alaska\Modelling_2026\Codes\Code_for_Mapping_HV\Read_Export.cpp(1939,2): warning C4996: 'sprintf': This function or variable may be unsafe. Consider using sprintf_s instead. To disable deprecation, use _CRT_SECURE_NO_WARNINGS. See online help for details.
E:\Snow_Alaska\Modelling_2026\Codes\Code_for_Mapping_HV\Read_Export.cpp(1940,17): warning C4996: 'fopen': This function or variable may be unsafe. Consider using fopen_s instead. To disable deprecation, use _CRT_SECURE_NO_WARNINGS. See online help for details.
E:\Snow_Alaska\Modelling_2026\Codes\Code_for_Mapping_HV\Read_Export.cpp(1949,2): warning C4996: 'sprintf': This function or variable may be unsafe. Consider using sprintf_s instead. To disable deprecation, use _CRT_SECURE_NO_WARNINGS. See online help for details.
E:\Snow_Alaska\Modelling_2026\Codes\Code_for_Mapping_HV\Read_Export.cpp(1950,19): warning C4996: 'fopen': This function or variable may be unsafe. Consider using fopen_s instead. To disable deprecation, use _CRT_SECURE_NO_WARNINGS. See online help for details.
E:\Snow_Alaska\Modelling_2026\Codes\Code_for_Mapping_HV\Read_Export.cpp(1956,3): warning C4996: 'sprintf': This function or variable may be unsafe. Consider using sprintf_s instead. To disable deprecation, use _CRT_SECURE_NO_WARNINGS. See online help for details.
E:\Snow_Alaska\Modelling_2026\Codes\Code_for_Mapping_HV\Read_Export.cpp(1957,25): warning C4996: 'fopen': This function or variable may be unsafe. Consider using fopen_s instead. To disable deprecation, use _CRT_SECURE_NO_WARNINGS. See online help for details.
E:\Snow_Alaska\Modelling_2026\Codes\Code_for_Mapping_HV\Read_Export.cpp(2033,2): warning C4996: 'sprintf': This function or variable may be unsafe. Consider using sprintf_s instead. To disable deprecation, use _CRT_SECURE_NO_WARNINGS. See online help for details.
E:\Snow_Alaska\Modelling_2026\Codes\Code_for_Mapping_HV\Read_Export.cpp(2034,17): warning C4996: 'fopen': This function or variable may be unsafe. Consider using fopen_s instead. To disable deprecation, use _CRT_SECURE_NO_WARNINGS. See online help for details.
E:\Snow_Alaska\Modelling_2026\Codes\Code_for_Mapping_HV\Read_Export.cpp(2043,2): warning C4996: 'sprintf': This function or variable may be unsafe. Consider using sprintf_s instead. To disable deprecation, use _CRT_SECURE_NO_WARNINGS. See online help for details.
E:\Snow_Alaska\Modelling_2026\Codes\Code_for_Mapping_HV\Read_Export.cpp(2044,19): warning C4996: 'fopen': This function or variable may be unsafe. Consider using fopen_s instead. To disable deprecation, use _CRT_SECURE_NO_WARNINGS. See online help for details.
E:\Snow_Alaska\Modelling_2026\Codes\Code_for_Mapping_HV\Read_Export.cpp(2050,3): warning C4996: 'sprintf': This function or variable may be unsafe. Consider using sprintf_s instead. To disable deprecation, use _CRT_SECURE_NO_WARNINGS. See online help for details.
E:\Snow_Alaska\Modelling_2026\Codes\Code_for_Mapping_HV\Read_Export.cpp(2051,25): warning C4996: 'fopen': This function or variable may be unsafe. Consider using fopen_s instead. To disable deprecation, use _CRT_SECURE_NO_WARNINGS. See online help for details.
E:\Snow_Alaska\Modelling_2026\Codes\Code_for_Mapping_HV\Read_Export.cpp(2056,3): warning C4996: 'sprintf': This function or variable may be unsafe. Consider using sprintf_s instead. To disable deprecation, use _CRT_SECURE_NO_WARNINGS. See online help for details.
E:\Snow_Alaska\Modelling_2026\Codes\Code_for_Mapping_HV\Read_Export.cpp(2057,25): warning C4996: 'fopen': This function or variable may be unsafe. Consider using fopen_s instead. To disable deprecation, use _CRT_SECURE_NO_WARNINGS. See online help for details.
E:\Snow_Alaska\Modelling_2026\Codes\Code_for_Mapping_HV\Read_Export.cpp(2454,3): warning C4996: 'sprintf': This function or variable may be unsafe. Consider using sprintf_s instead. To disable deprecation, use _CRT_SECURE_NO_WARNINGS. See online help for details.
E:\Snow_Alaska\Modelling_2026\Codes\Code_for_Mapping_HV\Read_Export.cpp(2456,3): warning C4996: 'sprintf': This function or variable may be unsafe. Consider using sprintf_s instead. To disable deprecation, use _CRT_SECURE_NO_WARNINGS. See online help for details.
E:\Snow_Alaska\Modelling_2026\Codes\Code_for_Mapping_HV\Read_Export.cpp(2457,17): warning C4996: 'fopen': This function or variable may be unsafe. Consider using fopen_s instead. To disable deprecation, use _CRT_SECURE_NO_WARNINGS. See online help for details.
E:\Snow_Alaska\Modelling_2026\Codes\Code_for_Mapping_HV\Read_Export.cpp(2461,3): warning C4996: 'fscanf': This function or variable may be unsafe. Consider using fscanf_s instead. To disable deprecation, use _CRT_SECURE_NO_WARNINGS. See online help for details.
E:\Snow_Alaska\Modelling_2026\Codes\Code_for_Mapping_HV\Read_Export.cpp(2465,4): warning C4996: 'fscanf': This function or variable may be unsafe. Consider using fscanf_s instead. To disable deprecation, use _CRT_SECURE_NO_WARNINGS. See online help for details.
E:\Snow_Alaska\Modelling_2026\Codes\Code_for_Mapping_HV\Read_Export.cpp(2470,3): warning C4996: 'sprintf': This function or variable may be unsafe. Consider using sprintf_s instead. To disable deprecation, use _CRT_SECURE_NO_WARNINGS. See online help for details.
E:\Snow_Alaska\Modelling_2026\Codes\Code_for_Mapping_HV\Read_Export.cpp(2471,17): warning C4996: 'fopen': This function or variable may be unsafe. Consider using fopen_s instead. To disable deprecation, use _CRT_SECURE_NO_WARNINGS. See online help for details.
E:\Snow_Alaska\Modelling_2026\Codes\Code_for_Mapping_HV\Read_Export.cpp(2475,3): warning C4996: 'fscanf': This function or variable may be unsafe. Consider using fscanf_s instead. To disable deprecation, use _CRT_SECURE_NO_WARNINGS. See online help for details.
E:\Snow_Alaska\Modelling_2026\Codes\Code_for_Mapping_HV\Read_Export.cpp(2479,4): warning C4996: 'fscanf': This function or variable may be unsafe. Consider using fscanf_s instead. To disable deprecation, use _CRT_SECURE_NO_WARNINGS. See online help for details.
E:\Snow_Alaska\Modelling_2026\Codes\Code_for_Mapping_HV\Read_Export.cpp(2484,3): warning C4996: 'sprintf': This function or variable may be unsafe. Consider using sprintf_s instead. To disable deprecation, use _CRT_SECURE_NO_WARNINGS. See online help for details.
E:\Snow_Alaska\Modelling_2026\Codes\Code_for_Mapping_HV\Read_Export.cpp(2485,17): warning C4996: 'fopen': This function or variable may be unsafe. Consider using fopen_s instead. To disable deprecation, use _CRT_SECURE_NO_WARNINGS. See online help for details.
E:\Snow_Alaska\Modelling_2026\Codes\Code_for_Mapping_HV\Read_Export.cpp(2489,3): warning C4996: 'fscanf': This function or variable may be unsafe. Consider using fscanf_s instead. To disable deprecation, use _CRT_SECURE_NO_WARNINGS. See online help for details.
E:\Snow_Alaska\Modelling_2026\Codes\Code_for_Mapping_HV\Read_Export.cpp(2493,4): warning C4996: 'fscanf': This function or variable may be unsafe. Consider using fscanf_s instead. To disable deprecation, use _CRT_SECURE_NO_WARNINGS. See online help for details.
E:\Snow_Alaska\Modelling_2026\Codes\Code_for_Mapping_HV\Read_Export.cpp(2498,3): warning C4996: 'sprintf': This function or variable may be unsafe. Consider using sprintf_s instead. To disable deprecation, use _CRT_SECURE_NO_WARNINGS. See online help for details.
E:\Snow_Alaska\Modelling_2026\Codes\Code_for_Mapping_HV\Read_Export.cpp(2499,17): warning C4996: 'fopen': This function or variable may be unsafe. Consider using fopen_s instead. To disable deprecation, use _CRT_SECURE_NO_WARNINGS. See online help for details.
E:\Snow_Alaska\Modelling_2026\Codes\Code_for_Mapping_HV\Read_Export.cpp(2503,3): warning C4996: 'fscanf': This function or variable may be unsafe. Consider using fscanf_s instead. To disable deprecation, use _CRT_SECURE_NO_WARNINGS. See online help for details.
E:\Snow_Alaska\Modelling_2026\Codes\Code_for_Mapping_HV\Read_Export.cpp(2507,4): warning C4996: 'fscanf': This function or variable may be unsafe. Consider using fscanf_s instead. To disable deprecation, use _CRT_SECURE_NO_WARNINGS. See online help for details.
E:\Snow_Alaska\Modelling_2026\Codes\Code_for_Mapping_HV\Read_Export.cpp(2512,2): warning C4996: 'sprintf': This function or variable may be unsafe. Consider using sprintf_s instead. To disable deprecation, use _CRT_SECURE_NO_WARNINGS. See online help for details.
E:\Snow_Alaska\Modelling_2026\Codes\Code_for_Mapping_HV\Read_Export.cpp(2513,20): warning C4996: 'fopen': This function or variable may be unsafe. Consider using fopen_s instead. To disable deprecation, use _CRT_SECURE_NO_WARNINGS. See online help for details.
E:\Snow_Alaska\Modelling_2026\Codes\Code_for_Mapping_HV\Read_Export.cpp(2525,3): warning C4996: 'sprintf': This function or variable may be unsafe. Consider using sprintf_s instead. To disable deprecation, use _CRT_SECURE_NO_WARNINGS. See online help for details.
E:\Snow_Alaska\Modelling_2026\Codes\Code_for_Mapping_HV\Read_Export.cpp(2526,3): warning C4996: 'sprintf': This function or variable may be unsafe. Consider using sprintf_s instead. To disable deprecation, use _CRT_SECURE_NO_WARNINGS. See online help for details.
E:\Snow_Alaska\Modelling_2026\Codes\Code_for_Mapping_HV\Read_Export.cpp(2530,3): warning C4996: 'sprintf': This function or variable may be unsafe. Consider using sprintf_s instead. To disable deprecation, use _CRT_SECURE_NO_WARNINGS. See online help for details.
E:\Snow_Alaska\Modelling_2026\Codes\Code_for_Mapping_HV\Read_Export.cpp(2531,3): warning C4996: 'sprintf': This function or variable may be unsafe. Consider using sprintf_s instead. To disable deprecation, use _CRT_SECURE_NO_WARNINGS. See online help for details.
E:\Snow_Alaska\Modelling_2026\Codes\Code_for_Mapping_HV\Read_Export.cpp(2534,3): warning C4996: 'sprintf': This function or variable may be unsafe. Consider using sprintf_s instead. To disable deprecation, use _CRT_SECURE_NO_WARNINGS. See online help for details.
E:\Snow_Alaska\Modelling_2026\Codes\Code_for_Mapping_HV\Read_Export.cpp(2535,17): warning C4996: 'fopen': This function or variable may be unsafe. Consider using fopen_s instead. To disable deprecation, use _CRT_SECURE_NO_WARNINGS. See online help for details.
E:\Snow_Alaska\Modelling_2026\Codes\Code_for_Mapping_HV\Read_Export.cpp(2539,3): warning C4996: 'sprintf': This function or variable may be unsafe. Consider using sprintf_s instead. To disable deprecation, use _CRT_SECURE_NO_WARNINGS. See online help for details.
E:\Snow_Alaska\Modelling_2026\Codes\Code_for_Mapping_HV\Read_Export.cpp(2540,18): warning C4996: 'fopen': This function or variable may be unsafe. Consider using fopen_s instead. To disable deprecation, use _CRT_SECURE_NO_WARNINGS. See online help for details.
E:\Snow_Alaska\Modelling_2026\Codes\Code_for_Mapping_HV\Read_Export.cpp(2544,3): warning C4996: 'sprintf': This function or variable may be unsafe. Consider using sprintf_s instead. To disable deprecation, use _CRT_SECURE_NO_WARNINGS. See online help for details.
E:\Snow_Alaska\Modelling_2026\Codes\Code_for_Mapping_HV\Read_Export.cpp(2545,20): warning C4996: 'fopen': This function or variable may be unsafe. Consider using fopen_s instead. To disable deprecation, use _CRT_SECURE_NO_WARNINGS. See online help for details.
E:\Snow_Alaska\Modelling_2026\Codes\Code_for_Mapping_HV\Read_Export.cpp(2549,3): warning C4996: 'sprintf': This function or variable may be unsafe. Consider using sprintf_s instead. To disable deprecation, use _CRT_SECURE_NO_WARNINGS. See online help for details.
E:\Snow_Alaska\Modelling_2026\Codes\Code_for_Mapping_HV\Read_Export.cpp(2550,21): warning C4996: 'fopen': This function or variable may be unsafe. Consider using fopen_s instead. To disable deprecation, use _CRT_SECURE_NO_WARNINGS. See online help for details.
E:\Snow_Alaska\Modelling_2026\Codes\Code_for_Mapping_HV\Read_Export.cpp(2555,3): warning C4996: 'sprintf': This function or variable may be unsafe. Consider using sprintf_s instead. To disable deprecation, use _CRT_SECURE_NO_WARNINGS. See online help for details.
E:\Snow_Alaska\Modelling_2026\Codes\Code_for_Mapping_HV\Read_Export.cpp(2556,28): warning C4996: 'fopen': This function or variable may be unsafe. Consider using fopen_s instead. To disable deprecation, use _CRT_SECURE_NO_WARNINGS. See online help for details.
E:\Snow_Alaska\Modelling_2026\Codes\Code_for_Mapping_HV\Read_Export.cpp(2423,28): warning C4101: 'Fsnow2': unreferenced local variable
E:\Snow_Alaska\Modelling_2026\Codes\Code_for_Mapping_HV\Read_Export.cpp(2423,20): warning C4101: 'Fsnow1': unreferenced local variable
E:\Snow_Alaska\Modelling_2026\Codes\Code_for_Mapping_HV\Read_Export.cpp(2729,4): warning C4996: 'sprintf': This function or variable may be unsafe. Consider using sprintf_s instead. To disable deprecation, use _CRT_SECURE_NO_WARNINGS. See online help for details.
E:\Snow_Alaska\Modelling_2026\Codes\Code_for_Mapping_HV\Read_Export.cpp(2731,4): warning C4996: 'sprintf': This function or variable may be unsafe. Consider using sprintf_s instead. To disable deprecation, use _CRT_SECURE_NO_WARNINGS. See online help for details.
E:\Snow_Alaska\Modelling_2026\Codes\Code_for_Mapping_HV\Read_Export.cpp(2732,18): warning C4996: 'fopen': This function or variable may be unsafe. Consider using fopen_s instead. To disable deprecation, use _CRT_SECURE_NO_WARNINGS. See online help for details.
E:\Snow_Alaska\Modelling_2026\Codes\Code_for_Mapping_HV\Read_Export.cpp(2736,4): warning C4996: 'fscanf': This function or variable may be unsafe. Consider using fscanf_s instead. To disable deprecation, use _CRT_SECURE_NO_WARNINGS. See online help for details.
E:\Snow_Alaska\Modelling_2026\Codes\Code_for_Mapping_HV\Read_Export.cpp(2740,5): warning C4996: 'fscanf': This function or variable may be unsafe. Consider using fscanf_s instead. To disable deprecation, use _CRT_SECURE_NO_WARNINGS. See online help for details.
E:\Snow_Alaska\Modelling_2026\Codes\Code_for_Mapping_HV\Read_Export.cpp(2745,4): warning C4996: 'sprintf': This function or variable may be unsafe. Consider using sprintf_s instead. To disable deprecation, use _CRT_SECURE_NO_WARNINGS. See online help for details.
E:\Snow_Alaska\Modelling_2026\Codes\Code_for_Mapping_HV\Read_Export.cpp(2746,18): warning C4996: 'fopen': This function or variable may be unsafe. Consider using fopen_s instead. To disable deprecation, use _CRT_SECURE_NO_WARNINGS. See online help for details.
E:\Snow_Alaska\Modelling_2026\Codes\Code_for_Mapping_HV\Read_Export.cpp(2750,4): warning C4996: 'fscanf': This function or variable may be unsafe. Consider using fscanf_s instead. To disable deprecation, use _CRT_SECURE_NO_WARNINGS. See online help for details.
E:\Snow_Alaska\Modelling_2026\Codes\Code_for_Mapping_HV\Read_Export.cpp(2754,5): warning C4996: 'fscanf': This function or variable may be unsafe. Consider using fscanf_s instead. To disable deprecation, use _CRT_SECURE_NO_WARNINGS. See online help for details.
E:\Snow_Alaska\Modelling_2026\Codes\Code_for_Mapping_HV\Read_Export.cpp(2759,4): warning C4996: 'sprintf': This function or variable may be unsafe. Consider using sprintf_s instead. To disable deprecation, use _CRT_SECURE_NO_WARNINGS. See online help for details.
E:\Snow_Alaska\Modelling_2026\Codes\Code_for_Mapping_HV\Read_Export.cpp(2760,18): warning C4996: 'fopen': This function or variable may be unsafe. Consider using fopen_s instead. To disable deprecation, use _CRT_SECURE_NO_WARNINGS. See online help for details.
E:\Snow_Alaska\Modelling_2026\Codes\Code_for_Mapping_HV\Read_Export.cpp(2764,4): warning C4996: 'fscanf': This function or variable may be unsafe. Consider using fscanf_s instead. To disable deprecation, use _CRT_SECURE_NO_WARNINGS. See online help for details.
E:\Snow_Alaska\Modelling_2026\Codes\Code_for_Mapping_HV\Read_Export.cpp(2768,5): warning C4996: 'fscanf': This function or variable may be unsafe. Consider using fscanf_s instead. To disable deprecation, use _CRT_SECURE_NO_WARNINGS. See online help for details.
E:\Snow_Alaska\Modelling_2026\Codes\Code_for_Mapping_HV\Read_Export.cpp(2773,4): warning C4996: 'sprintf': This function or variable may be unsafe. Consider using sprintf_s instead. To disable deprecation, use _CRT_SECURE_NO_WARNINGS. See online help for details.
E:\Snow_Alaska\Modelling_2026\Codes\Code_for_Mapping_HV\Read_Export.cpp(2774,18): warning C4996: 'fopen': This function or variable may be unsafe. Consider using fopen_s instead. To disable deprecation, use _CRT_SECURE_NO_WARNINGS. See online help for details.
E:\Snow_Alaska\Modelling_2026\Codes\Code_for_Mapping_HV\Read_Export.cpp(2778,4): warning C4996: 'fscanf': This function or variable may be unsafe. Consider using fscanf_s instead. To disable deprecation, use _CRT_SECURE_NO_WARNINGS. See online help for details.
E:\Snow_Alaska\Modelling_2026\Codes\Code_for_Mapping_HV\Read_Export.cpp(2782,5): warning C4996: 'fscanf': This function or variable may be unsafe. Consider using fscanf_s instead. To disable deprecation, use _CRT_SECURE_NO_WARNINGS. See online help for details.
E:\Snow_Alaska\Modelling_2026\Codes\Code_for_Mapping_HV\Read_Export.cpp(2787,3): warning C4996: 'sprintf': This function or variable may be unsafe. Consider using sprintf_s instead. To disable deprecation, use _CRT_SECURE_NO_WARNINGS. See online help for details.
E:\Snow_Alaska\Modelling_2026\Codes\Code_for_Mapping_HV\Read_Export.cpp(2788,21): warning C4996: 'fopen': This function or variable may be unsafe. Consider using fopen_s instead. To disable deprecation, use _CRT_SECURE_NO_WARNINGS. See online help for details.
E:\Snow_Alaska\Modelling_2026\Codes\Code_for_Mapping_HV\Read_Export.cpp(2799,3): warning C4996: 'sprintf': This function or variable may be unsafe. Consider using sprintf_s instead. To disable deprecation, use _CRT_SECURE_NO_WARNINGS. See online help for details.
E:\Snow_Alaska\Modelling_2026\Codes\Code_for_Mapping_HV\Read_Export.cpp(2800,3): warning C4996: 'sprintf': This function or variable may be unsafe. Consider using sprintf_s instead. To disable deprecation, use _CRT_SECURE_NO_WARNINGS. See online help for details.
E:\Snow_Alaska\Modelling_2026\Codes\Code_for_Mapping_HV\Read_Export.cpp(2804,3): warning C4996: 'sprintf': This function or variable may be unsafe. Consider using sprintf_s instead. To disable deprecation, use _CRT_SECURE_NO_WARNINGS. See online help for details.
E:\Snow_Alaska\Modelling_2026\Codes\Code_for_Mapping_HV\Read_Export.cpp(2805,3): warning C4996: 'sprintf': This function or variable may be unsafe. Consider using sprintf_s instead. To disable deprecation, use _CRT_SECURE_NO_WARNINGS. See online help for details.
E:\Snow_Alaska\Modelling_2026\Codes\Code_for_Mapping_HV\Read_Export.cpp(2810,3): warning C4996: 'sprintf': This function or variable may be unsafe. Consider using sprintf_s instead. To disable deprecation, use _CRT_SECURE_NO_WARNINGS. See online help for details.
E:\Snow_Alaska\Modelling_2026\Codes\Code_for_Mapping_HV\Read_Export.cpp(2811,17): warning C4996: 'fopen': This function or variable may be unsafe. Consider using fopen_s instead. To disable deprecation, use _CRT_SECURE_NO_WARNINGS. See online help for details.
E:\Snow_Alaska\Modelling_2026\Codes\Code_for_Mapping_HV\Read_Export.cpp(2815,3): warning C4996: 'sprintf': This function or variable may be unsafe. Consider using sprintf_s instead. To disable deprecation, use _CRT_SECURE_NO_WARNINGS. See online help for details.
E:\Snow_Alaska\Modelling_2026\Codes\Code_for_Mapping_HV\Read_Export.cpp(2816,18): warning C4996: 'fopen': This function or variable may be unsafe. Consider using fopen_s instead. To disable deprecation, use _CRT_SECURE_NO_WARNINGS. See online help for details.
E:\Snow_Alaska\Modelling_2026\Codes\Code_for_Mapping_HV\Read_Export.cpp(2820,3): warning C4996: 'sprintf': This function or variable may be unsafe. Consider using sprintf_s instead. To disable deprecation, use _CRT_SECURE_NO_WARNINGS. See online help for details.
E:\Snow_Alaska\Modelling_2026\Codes\Code_for_Mapping_HV\Read_Export.cpp(2821,20): warning C4996: 'fopen': This function or variable may be unsafe. Consider using fopen_s instead. To disable deprecation, use _CRT_SECURE_NO_WARNINGS. See online help for details.
E:\Snow_Alaska\Modelling_2026\Codes\Code_for_Mapping_HV\Read_Export.cpp(2825,3): warning C4996: 'sprintf': This function or variable may be unsafe. Consider using sprintf_s instead. To disable deprecation, use _CRT_SECURE_NO_WARNINGS. See online help for details.
E:\Snow_Alaska\Modelling_2026\Codes\Code_for_Mapping_HV\Read_Export.cpp(2826,21): warning C4996: 'fopen': This function or variable may be unsafe. Consider using fopen_s instead. To disable deprecation, use _CRT_SECURE_NO_WARNINGS. See online help for details.
E:\Snow_Alaska\Modelling_2026\Codes\Code_for_Mapping_HV\Read_Export.cpp(2831,3): warning C4996: 'sprintf': This function or variable may be unsafe. Consider using sprintf_s instead. To disable deprecation, use _CRT_SECURE_NO_WARNINGS. See online help for details.
E:\Snow_Alaska\Modelling_2026\Codes\Code_for_Mapping_HV\Read_Export.cpp(2832,28): warning C4996: 'fopen': This function or variable may be unsafe. Consider using fopen_s instead. To disable deprecation, use _CRT_SECURE_NO_WARNINGS. See online help for details.
E:\Snow_Alaska\Modelling_2026\Codes\Code_for_Mapping_HV\Read_Export.cpp(2837,3): warning C4996: 'sprintf': This function or variable may be unsafe. Consider using sprintf_s instead. To disable deprecation, use _CRT_SECURE_NO_WARNINGS. See online help for details.
E:\Snow_Alaska\Modelling_2026\Codes\Code_for_Mapping_HV\Read_Export.cpp(2838,24): warning C4996: 'fopen': This function or variable may be unsafe. Consider using fopen_s instead. To disable deprecation, use _CRT_SECURE_NO_WARNINGS. See online help for details.
E:\Snow_Alaska\Modelling_2026\Codes\Code_for_Mapping_HV\Read_Export.cpp(2983,13): warning C4101: 'i2': unreferenced local variable
E:\Snow_Alaska\Modelling_2026\Codes\Code_for_Mapping_HV\Read_Export.cpp(3252,3): warning C4996: 'sprintf': This function or variable may be unsafe. Consider using sprintf_s instead. To disable deprecation, use _CRT_SECURE_NO_WARNINGS. See online help for details.
E:\Snow_Alaska\Modelling_2026\Codes\Code_for_Mapping_HV\Read_Export.cpp(3254,17): warning C4996: 'fopen': This function or variable may be unsafe. Consider using fopen_s instead. To disable deprecation, use _CRT_SECURE_NO_WARNINGS. See online help for details.
E:\Snow_Alaska\Modelling_2026\Codes\Code_for_Mapping_HV\Read_Export.cpp(3266,7): warning C4996: 'fscanf': This function or variable may be unsafe. Consider using fscanf_s instead. To disable deprecation, use _CRT_SECURE_NO_WARNINGS. See online help for details.
E:\Snow_Alaska\Modelling_2026\Codes\Code_for_Mapping_HV\Read_Export.cpp(3267,46): warning C4996: 'fscanf': This function or variable may be unsafe. Consider using fscanf_s instead. To disable deprecation, use _CRT_SECURE_NO_WARNINGS. See online help for details.
E:\Snow_Alaska\Modelling_2026\Codes\Code_for_Mapping_HV\Read_Export.cpp(3295,9): warning C4101: 'F': unreferenced local variable
  Read_export.vcxproj -> E:\Snow_Alaska\Modelling_2026\Codes\Code_for_Mapping_HV\Release\Read_export.exe
