cl : command line  warning D9035: option 'Gm' has been deprecated and will be removed in a future release
  Read_Export.cpp
E:\Snow_Alaska\Modelling_2026\Codes\Code_for_Mapping_HV\Read_Export.cpp(167,3): warning C4996: 'sprintf': This function or variable may be unsafe. Consider using sprintf_s instead. To disable deprecation, use _CRT_SECURE_NO_WARNINGS. See online help for details.
E:\Snow_Alaska\Modelling_2026\Codes\Code_for_Mapping_HV\Read_Export.cpp(168,21): warning C4996: 'fopen': This function or variable may be unsafe. Consider using fopen_s instead. To disable deprecation, use _CRT_SECURE_NO_WARNINGS. See online help for details.
E:\Snow_Alaska\Modelling_2026\Codes\Code_for_Mapping_HV\Read_Export.cpp(175,2): warning C4996: 'sprintf': This function or variable may be unsafe. Consider using sprintf_s instead. To disable deprecation, use _CRT_SECURE_NO_WARNINGS. See online help for details.
E:\Snow_Alaska\Modelling_2026\Codes\Code_for_Mapping_HV\Read_Export.cpp(176,19): warning C4996: 'fopen': This function or variable may be unsafe. Consider using fopen_s instead. To disable deprecation, use _CRT_SECURE_NO_WARNINGS. See online help for details.
E:\Snow_Alaska\Modelling_2026\Codes\Code_for_Mapping_HV\Read_Export.cpp(183,3): warning C4996: 'sprintf': This function or variable may be unsafe. Consider using sprintf_s instead. To disable deprecation, use _CRT_SECURE_NO_WARNINGS. See online help for details.
E:\Snow_Alaska\Modelling_2026\Codes\Code_for_Mapping_HV\Read_Export.cpp(184,24): warning C4996: 'fopen': This function or variable may be unsafe. Consider using fopen_s instead. To disable deprecation, use _CRT_SECURE_NO_WARNINGS. See online help for details.
E:\Snow_Alaska\Modelling_2026\Codes\Code_for_Mapping_HV\Read_Export.cpp(188,3): warning C4996: 'sprintf': This function or variable may be unsafe. Consider using sprintf_s instead. To disable deprecation, use _CRT_SECURE_NO_WARNINGS. See online help for details.
E:\Snow_Alaska\Modelling_2026\Codes\Code_for_Mapping_HV\Read_Export.cpp(189,24): warning C4996: 'fopen': This function or variable may be unsafe. Consider using fopen_s instead. To disable deprecation, use _CRT_SECURE_NO_WARNINGS. See online help for details.
E:\Snow_Alaska\Modelling_2026\Codes\Code_for_Mapping_HV\Read_Export.cpp(194,2): warning C4996: 'sprintf': This function or variable may be unsafe. Consider using sprintf_s instead. To disable deprecation, use _CRT_SECURE_NO_WARNINGS. See online help for details.
E:\Snow_Alaska\Modelling_2026\Codes\Code_for_Mapping_HV\Read_Export.cpp(195,24): warning C4996: 'fopen': This function or variable may be unsafe. Consider using fopen_s instead. To disable deprecation, use _CRT_SECURE_NO_WARNINGS. See online help for details.
E:\Snow_Alaska\Modelling_2026\Codes\Code_for_Mapping_HV\Read_Export.cpp(319,2): warning C4996: 'sprintf': This function or variable may be unsafe. Consider using sprintf_s instead. To disable deprecation, use _CRT_SECURE_NO_WARNINGS. See online help for details.
E:\Snow_Alaska\Modelling_2026\Codes\Code_for_Mapping_HV\Read_Export.cpp(321,19): warning C4996: 'fopen': This function or variable may be unsafe. Consider using fopen_s instead. To disable deprecation, use _CRT_SECURE_NO_WARNINGS. See online help for details.
E:\Snow_Alaska\Modelling_2026\Codes\Code_for_Mapping_HV\Read_Export.cpp(329,3): warning C4996: 'sprintf': This function or variable may be unsafe. Consider using sprintf_s instead. To disable deprecation, use _CRT_SECURE_NO_WARNINGS. See online help for details.
E:\Snow_Alaska\Modelling_2026\Codes\Code_for_Mapping_HV\Read_Export.cpp(334,21): warning C4996: 'fopen': This function or variable may be unsafe. Consider using fopen_s instead. To disable deprecation, use _CRT_SECURE_NO_WARNINGS. See online help for details.
E:\Snow_Alaska\Modelling_2026\Codes\Code_for_Mapping_HV\Read_Export.cpp(310,12): warning C4101: 'Pix': unreferenced local variable
E:\Snow_Alaska\Modelling_2026\Codes\Code_for_Mapping_HV\Read_Export.cpp(363,2): warning C4996: 'sprintf': This function or variable may be unsafe. Consider using sprintf_s instead. To disable deprecation, use _CRT_SECURE_NO_WARNINGS. See online help for details.
E:\Snow_Alaska\Modelling_2026\Codes\Code_for_Mapping_HV\Read_Export.cpp(364,20): warning C4996: 'fopen': This function or variable may be unsafe. Consider using fopen_s instead. To disable deprecation, use _CRT_SECURE_NO_WARNINGS. See online help for details.
E:\Snow_Alaska\Modelling_2026\Codes\Code_for_Mapping_HV\Read_Export.cpp(369,2): warning C4996: 'sprintf': This function or variable may be unsafe. Consider using sprintf_s instead. To disable deprecation, use _CRT_SECURE_NO_WARNINGS. See online help for details.
E:\Snow_Alaska\Modelling_2026\Codes\Code_for_Mapping_HV\Read_Export.cpp(370,19): warning C4996: 'fopen': This function or variable may be unsafe. Consider using fopen_s instead. To disable deprecation, use _CRT_SECURE_NO_WARNINGS. See online help for details.
E:\Snow_Alaska\Modelling_2026\Codes\Code_for_Mapping_HV\Read_Export.cpp(388,3): warning C4996: 'fscanf': This function or variable may be unsafe. Consider using fscanf_s instead. To disable deprecation, use _CRT_SECURE_NO_WARNINGS. See online help for details.
E:\Snow_Alaska\Modelling_2026\Codes\Code_for_Mapping_HV\Read_Export.cpp(389,32): warning C4996: 'fscanf': This function or variable may be unsafe. Consider using fscanf_s instead. To disable deprecation, use _CRT_SECURE_NO_WARNINGS. See online help for details.
E:\Snow_Alaska\Modelling_2026\Codes\Code_for_Mapping_HV\Read_Export.cpp(448,2): warning C4996: 'sprintf': This function or variable may be unsafe. Consider using sprintf_s instead. To disable deprecation, use _CRT_SECURE_NO_WARNINGS. See online help for details.
E:\Snow_Alaska\Modelling_2026\Codes\Code_for_Mapping_HV\Read_Export.cpp(449,20): warning C4996: 'fopen': This function or variable may be unsafe. Consider using fopen_s instead. To disable deprecation, use _CRT_SECURE_NO_WARNINGS. See online help for details.
E:\Snow_Alaska\Modelling_2026\Codes\Code_for_Mapping_HV\Read_Export.cpp(454,2): warning C4996: 'sprintf': This function or variable may be unsafe. Consider using sprintf_s instead. To disable deprecation, use _CRT_SECURE_NO_WARNINGS. See online help for details.
E:\Snow_Alaska\Modelling_2026\Codes\Code_for_Mapping_HV\Read_Export.cpp(455,19): warning C4996: 'fopen': This function or variable may be unsafe. Consider using fopen_s instead. To disable deprecation, use _CRT_SECURE_NO_WARNINGS. See online help for details.
E:\Snow_Alaska\Modelling_2026\Codes\Code_for_Mapping_HV\Read_Export.cpp(460,2): warning C4996: 'fscanf': This function or variable may be unsafe. Consider using fscanf_s instead. To disable deprecation, use _CRT_SECURE_NO_WARNINGS. See online help for details.
E:\Snow_Alaska\Modelling_2026\Codes\Code_for_Mapping_HV\Read_Export.cpp(473,3): warning C4996: 'fscanf': This function or variable may be unsafe. Consider using fscanf_s instead. To disable deprecation, use _CRT_SECURE_NO_WARNINGS. See online help for details.
E:\Snow_Alaska\Modelling_2026\Codes\Code_for_Mapping_HV\Read_Export.cpp(474,32): warning C4996: 'fscanf': This function or variable may be unsafe. Consider using fscanf_s instead. To disable deprecation, use _CRT_SECURE_NO_WARNINGS. See online help for details.
E:\Snow_Alaska\Modelling_2026\Codes\Code_for_Mapping_HV\Read_Export.cpp(541,26): warning C4996: 'sprintf': This function or variable may be unsafe. Consider using sprintf_s instead. To disable deprecation, use _CRT_SECURE_NO_WARNINGS. See online help for details.
E:\Snow_Alaska\Modelling_2026\Codes\Code_for_Mapping_HV\Read_Export.cpp(542,26): warning C4996: 'sprintf': This function or variable may be unsafe. Consider using sprintf_s instead. To disable deprecation, use _CRT_SECURE_NO_WARNINGS. See online help for details.
E:\Snow_Alaska\Modelling_2026\Codes\Code_for_Mapping_HV\Read_Export.cpp(544,26): warning C4996: 'fopen': This function or variable may be unsafe. Consider using fopen_s instead. To disable deprecation, use _CRT_SECURE_NO_WARNINGS. See online help for details.
E:\Snow_Alaska\Modelling_2026\Codes\Code_for_Mapping_HV\Read_Export.cpp(549,2): warning C4996: 'sprintf': This function or variable may be unsafe. Consider using sprintf_s instead. To disable deprecation, use _CRT_SECURE_NO_WARNINGS. See online help for details.
E:\Snow_Alaska\Modelling_2026\Codes\Code_for_Mapping_HV\Read_Export.cpp(550,26): warning C4996: 'fopen': This function or variable may be unsafe. Consider using fopen_s instead. To disable deprecation, use _CRT_SECURE_NO_WARNINGS. See online help for details.
E:\Snow_Alaska\Modelling_2026\Codes\Code_for_Mapping_HV\Read_Export.cpp(556,3): warning C4996: 'sprintf': This function or variable may be unsafe. Consider using sprintf_s instead. To disable deprecation, use _CRT_SECURE_NO_WARNINGS. See online help for details.
E:\Snow_Alaska\Modelling_2026\Codes\Code_for_Mapping_HV\Read_Export.cpp(557,29): warning C4996: 'fopen': This function or variable may be unsafe. Consider using fopen_s instead. To disable deprecation, use _CRT_SECURE_NO_WARNINGS. See online help for details.
E:\Snow_Alaska\Modelling_2026\Codes\Code_for_Mapping_HV\Read_Export.cpp(688,25): warning C4996: 'sprintf': This function or variable may be unsafe. Consider using sprintf_s instead. To disable deprecation, use _CRT_SECURE_NO_WARNINGS. See online help for details.
E:\Snow_Alaska\Modelling_2026\Codes\Code_for_Mapping_HV\Read_Export.cpp(689,25): warning C4996: 'sprintf': This function or variable may be unsafe. Consider using sprintf_s instead. To disable deprecation, use _CRT_SECURE_NO_WARNINGS. See online help for details.
E:\Snow_Alaska\Modelling_2026\Codes\Code_for_Mapping_HV\Read_Export.cpp(691,26): warning C4996: 'fopen': This function or variable may be unsafe. Consider using fopen_s instead. To disable deprecation, use _CRT_SECURE_NO_WARNINGS. See online help for details.
E:\Snow_Alaska\Modelling_2026\Codes\Code_for_Mapping_HV\Read_Export.cpp(696,2): warning C4996: 'sprintf': This function or variable may be unsafe. Consider using sprintf_s instead. To disable deprecation, use _CRT_SECURE_NO_WARNINGS. See online help for details.
E:\Snow_Alaska\Modelling_2026\Codes\Code_for_Mapping_HV\Read_Export.cpp(697,26): warning C4996: 'fopen': This function or variable may be unsafe. Consider using fopen_s instead. To disable deprecation, use _CRT_SECURE_NO_WARNINGS. See online help for details.
E:\Snow_Alaska\Modelling_2026\Codes\Code_for_Mapping_HV\Read_Export.cpp(705,3): warning C4996: 'sprintf': This function or variable may be unsafe. Consider using sprintf_s instead. To disable deprecation, use _CRT_SECURE_NO_WARNINGS. See online help for details.
E:\Snow_Alaska\Modelling_2026\Codes\Code_for_Mapping_HV\Read_Export.cpp(706,29): warning C4996: 'fopen': This function or variable may be unsafe. Consider using fopen_s instead. To disable deprecation, use _CRT_SECURE_NO_WARNINGS. See online help for details.
E:\Snow_Alaska\Modelling_2026\Codes\Code_for_Mapping_HV\Read_Export.cpp(711,3): warning C4996: 'sprintf': This function or variable may be unsafe. Consider using sprintf_s instead. To disable deprecation, use _CRT_SECURE_NO_WARNINGS. See online help for details.
E:\Snow_Alaska\Modelling_2026\Codes\Code_for_Mapping_HV\Read_Export.cpp(712,33): warning C4996: 'fopen': This function or variable may be unsafe. Consider using fopen_s instead. To disable deprecation, use _CRT_SECURE_NO_WARNINGS. See online help for details.
E:\Snow_Alaska\Modelling_2026\Codes\Code_for_Mapping_HV\Read_Export.cpp(838,25): warning C4244: '=': conversion from 'double' to 'float', possible loss of data
E:\Snow_Alaska\Modelling_2026\Codes\Code_for_Mapping_HV\Read_Export.cpp(841,2): warning C4996: 'sprintf': This function or variable may be unsafe. Consider using sprintf_s instead. To disable deprecation, use _CRT_SECURE_NO_WARNINGS. See online help for details.
E:\Snow_Alaska\Modelling_2026\Codes\Code_for_Mapping_HV\Read_Export.cpp(842,20): warning C4996: 'fopen': This function or variable may be unsafe. Consider using fopen_s instead. To disable deprecation, use _CRT_SECURE_NO_WARNINGS. See online help for details.
E:\Snow_Alaska\Modelling_2026\Codes\Code_for_Mapping_HV\Read_Export.cpp(847,3): warning C4996: 'sprintf': This function or variable may be unsafe. Consider using sprintf_s instead. To disable deprecation, use _CRT_SECURE_NO_WARNINGS. See online help for details.
E:\Snow_Alaska\Modelling_2026\Codes\Code_for_Mapping_HV\Read_Export.cpp(849,17): warning C4996: 'fopen': This function or variable may be unsafe. Consider using fopen_s instead. To disable deprecation, use _CRT_SECURE_NO_WARNINGS. See online help for details.
E:\Snow_Alaska\Modelling_2026\Codes\Code_for_Mapping_HV\Read_Export.cpp(854,3): warning C4996: 'sprintf': This function or variable may be unsafe. Consider using sprintf_s instead. To disable deprecation, use _CRT_SECURE_NO_WARNINGS. See online help for details.
E:\Snow_Alaska\Modelling_2026\Codes\Code_for_Mapping_HV\Read_Export.cpp(855,18): warning C4996: 'fopen': This function or variable may be unsafe. Consider using fopen_s instead. To disable deprecation, use _CRT_SECURE_NO_WARNINGS. See online help for details.
E:\Snow_Alaska\Modelling_2026\Codes\Code_for_Mapping_HV\Read_Export.cpp(859,3): warning C4996: 'sprintf': This function or variable may be unsafe. Consider using sprintf_s instead. To disable deprecation, use _CRT_SECURE_NO_WARNINGS. See online help for details.
E:\Snow_Alaska\Modelling_2026\Codes\Code_for_Mapping_HV\Read_Export.cpp(861,20): warning C4996: 'fopen': This function or variable may be unsafe. Consider using fopen_s instead. To disable deprecation, use _CRT_SECURE_NO_WARNINGS. See online help for details.
E:\Snow_Alaska\Modelling_2026\Codes\Code_for_Mapping_HV\Read_Export.cpp(865,3): warning C4996: 'sprintf': This function or variable may be unsafe. Consider using sprintf_s instead. To disable deprecation, use _CRT_SECURE_NO_WARNINGS. See online help for details.
E:\Snow_Alaska\Modelling_2026\Codes\Code_for_Mapping_HV\Read_Export.cpp(867,21): warning C4996: 'fopen': This function or variable may be unsafe. Consider using fopen_s instead. To disable deprecation, use _CRT_SECURE_NO_WARNINGS. See online help for details.
E:\Snow_Alaska\Modelling_2026\Codes\Code_for_Mapping_HV\Read_Export.cpp(873,27): warning C4996: 'sprintf': This function or variable may be unsafe. Consider using sprintf_s instead. To disable deprecation, use _CRT_SECURE_NO_WARNINGS. See online help for details.
E:\Snow_Alaska\Modelling_2026\Codes\Code_for_Mapping_HV\Read_Export.cpp(874,27): warning C4996: 'sprintf': This function or variable may be unsafe. Consider using sprintf_s instead. To disable deprecation, use _CRT_SECURE_NO_WARNINGS. See online help for details.
E:\Snow_Alaska\Modelling_2026\Codes\Code_for_Mapping_HV\Read_Export.cpp(875,30): warning C4996: 'fopen': This function or variable may be unsafe. Consider using fopen_s instead. To disable deprecation, use _CRT_SECURE_NO_WARNINGS. See online help for details.
E:\Snow_Alaska\Modelling_2026\Codes\Code_for_Mapping_HV\Read_Export.cpp(880,4): warning C4996: 'sprintf': This function or variable may be unsafe. Consider using sprintf_s instead. To disable deprecation, use _CRT_SECURE_NO_WARNINGS. See online help for details.
E:\Snow_Alaska\Modelling_2026\Codes\Code_for_Mapping_HV\Read_Export.cpp(881,25): warning C4996: 'fopen': This function or variable may be unsafe. Consider using fopen_s instead. To disable deprecation, use _CRT_SECURE_NO_WARNINGS. See online help for details.
E:\Snow_Alaska\Modelling_2026\Codes\Code_for_Mapping_HV\Read_Export.cpp(817,7): warning C4101: 'Path': unreferenced local variable
E:\Snow_Alaska\Modelling_2026\Codes\Code_for_Mapping_HV\Read_Export.cpp(1023,3): warning C4996: 'sprintf': This function or variable may be unsafe. Consider using sprintf_s instead. To disable deprecation, use _CRT_SECURE_NO_WARNINGS. See online help for details.
E:\Snow_Alaska\Modelling_2026\Codes\Code_for_Mapping_HV\Read_Export.cpp(1026,3): warning C4996: 'sprintf': This function or variable may be unsafe. Consider using sprintf_s instead. To disable deprecation, use _CRT_SECURE_NO_WARNINGS. See online help for details.
E:\Snow_Alaska\Modelling_2026\Codes\Code_for_Mapping_HV\Read_Export.cpp(1027,17): warning C4996: 'fopen': This function or variable may be unsafe. Consider using fopen_s instead. To disable deprecation, use _CRT_SECURE_NO_WARNINGS. See online help for details.
E:\Snow_Alaska\Modelling_2026\Codes\Code_for_Mapping_HV\Read_Export.cpp(1031,3): warning C4996: 'fscanf': This function or variable may be unsafe. Consider using fscanf_s instead. To disable deprecation, use _CRT_SECURE_NO_WARNINGS. See online help for details.
E:\Snow_Alaska\Modelling_2026\Codes\Code_for_Mapping_HV\Read_Export.cpp(1035,4): warning C4996: 'fscanf': This function or variable may be unsafe. Consider using fscanf_s instead. To disable deprecation, use _CRT_SECURE_NO_WARNINGS. See online help for details.
E:\Snow_Alaska\Modelling_2026\Codes\Code_for_Mapping_HV\Read_Export.cpp(1040,3): warning C4996: 'sprintf': This function or variable may be unsafe. Consider using sprintf_s instead. To disable deprecation, use _CRT_SECURE_NO_WARNINGS. See online help for details.
E:\Snow_Alaska\Modelling_2026\Codes\Code_for_Mapping_HV\Read_Export.cpp(1041,17): warning C4996: 'fopen': This function or variable may be unsafe. Consider using fopen_s instead. To disable deprecation, use _CRT_SECURE_NO_WARNINGS. See online help for details.
E:\Snow_Alaska\Modelling_2026\Codes\Code_for_Mapping_HV\Read_Export.cpp(1045,3): warning C4996: 'fscanf': This function or variable may be unsafe. Consider using fscanf_s instead. To disable deprecation, use _CRT_SECURE_NO_WARNINGS. See online help for details.
E:\Snow_Alaska\Modelling_2026\Codes\Code_for_Mapping_HV\Read_Export.cpp(1049,4): warning C4996: 'fscanf': This function or variable may be unsafe. Consider using fscanf_s instead. To disable deprecation, use _CRT_SECURE_NO_WARNINGS. See online help for details.
E:\Snow_Alaska\Modelling_2026\Codes\Code_for_Mapping_HV\Read_Export.cpp(1054,3): warning C4996: 'sprintf': This function or variable may be unsafe. Consider using sprintf_s instead. To disable deprecation, use _CRT_SECURE_NO_WARNINGS. See online help for details.
E:\Snow_Alaska\Modelling_2026\Codes\Code_for_Mapping_HV\Read_Export.cpp(1055,17): warning C4996: 'fopen': This function or variable may be unsafe. Consider using fopen_s instead. To disable deprecation, use _CRT_SECURE_NO_WARNINGS. See online help for details.
E:\Snow_Alaska\Modelling_2026\Codes\Code_for_Mapping_HV\Read_Export.cpp(1059,3): warning C4996: 'fscanf': This function or variable may be unsafe. Consider using fscanf_s instead. To disable deprecation, use _CRT_SECURE_NO_WARNINGS. See online help for details.
E:\Snow_Alaska\Modelling_2026\Codes\Code_for_Mapping_HV\Read_Export.cpp(1063,4): warning C4996: 'fscanf': This function or variable may be unsafe. Consider using fscanf_s instead. To disable deprecation, use _CRT_SECURE_NO_WARNINGS. See online help for details.
E:\Snow_Alaska\Modelling_2026\Codes\Code_for_Mapping_HV\Read_Export.cpp(1068,3): warning C4996: 'sprintf': This function or variable may be unsafe. Consider using sprintf_s instead. To disable deprecation, use _CRT_SECURE_NO_WARNINGS. See online help for details.
E:\Snow_Alaska\Modelling_2026\Codes\Code_for_Mapping_HV\Read_Export.cpp(1069,17): warning C4996: 'fopen': This function or variable may be unsafe. Consider using fopen_s instead. To disable deprecation, use _CRT_SECURE_NO_WARNINGS. See online help for details.
E:\Snow_Alaska\Modelling_2026\Codes\Code_for_Mapping_HV\Read_Export.cpp(1073,3): warning C4996: 'fscanf': This function or variable may be unsafe. Consider using fscanf_s instead. To disable deprecation, use _CRT_SECURE_NO_WARNINGS. See online help for details.
E:\Snow_Alaska\Modelling_2026\Codes\Code_for_Mapping_HV\Read_Export.cpp(1077,4): warning C4996: 'fscanf': This function or variable may be unsafe. Consider using fscanf_s instead. To disable deprecation, use _CRT_SECURE_NO_WARNINGS. See online help for details.
E:\Snow_Alaska\Modelling_2026\Codes\Code_for_Mapping_HV\Read_Export.cpp(1082,2): warning C4996: 'sprintf': This function or variable may be unsafe. Consider using sprintf_s instead. To disable deprecation, use _CRT_SECURE_NO_WARNINGS. See online help for details.
E:\Snow_Alaska\Modelling_2026\Codes\Code_for_Mapping_HV\Read_Export.cpp(1084,20): warning C4996: 'fopen': This function or variable may be unsafe. Consider using fopen_s instead. To disable deprecation, use _CRT_SECURE_NO_WARNINGS. See online help for details.
E:\Snow_Alaska\Modelling_2026\Codes\Code_for_Mapping_HV\Read_Export.cpp(1095,3): warning C4996: 'sprintf': This function or variable may be unsafe. Consider using sprintf_s instead. To disable deprecation, use _CRT_SECURE_NO_WARNINGS. See online help for details.
E:\Snow_Alaska\Modelling_2026\Codes\Code_for_Mapping_HV\Read_Export.cpp(1096,3): warning C4996: 'sprintf': This function or variable may be unsafe. Consider using sprintf_s instead. To disable deprecation, use _CRT_SECURE_NO_WARNINGS. See online help for details.
E:\Snow_Alaska\Modelling_2026\Codes\Code_for_Mapping_HV\Read_Export.cpp(1101,3): warning C4996: 'sprintf': This function or variable may be unsafe. Consider using sprintf_s instead. To disable deprecation, use _CRT_SECURE_NO_WARNINGS. See online help for details.
E:\Snow_Alaska\Modelling_2026\Codes\Code_for_Mapping_HV\Read_Export.cpp(1102,3): warning C4996: 'sprintf': This function or variable may be unsafe. Consider using sprintf_s instead. To disable deprecation, use _CRT_SECURE_NO_WARNINGS. See online help for details.
E:\Snow_Alaska\Modelling_2026\Codes\Code_for_Mapping_HV\Read_Export.cpp(1107,3): warning C4996: 'sprintf': This function or variable may be unsafe. Consider using sprintf_s instead. To disable deprecation, use _CRT_SECURE_NO_WARNINGS. See online help for details.
E:\Snow_Alaska\Modelling_2026\Codes\Code_for_Mapping_HV\Read_Export.cpp(1108,17): warning C4996: 'fopen': This function or variable may be unsafe. Consider using fopen_s instead. To disable deprecation, use _CRT_SECURE_NO_WARNINGS. See online help for details.
E:\Snow_Alaska\Modelling_2026\Codes\Code_for_Mapping_HV\Read_Export.cpp(1112,3): warning C4996: 'sprintf': This function or variable may be unsafe. Consider using sprintf_s instead. To disable deprecation, use _CRT_SECURE_NO_WARNINGS. See online help for details.
E:\Snow_Alaska\Modelling_2026\Codes\Code_for_Mapping_HV\Read_Export.cpp(1113,18): warning C4996: 'fopen': This function or variable may be unsafe. Consider using fopen_s instead. To disable deprecation, use _CRT_SECURE_NO_WARNINGS. See online help for details.
E:\Snow_Alaska\Modelling_2026\Codes\Code_for_Mapping_HV\Read_Export.cpp(1117,3): warning C4996: 'sprintf': This function or variable may be unsafe. Consider using sprintf_s instead. To disable deprecation, use _CRT_SECURE_NO_WARNINGS. See online help for details.
E:\Snow_Alaska\Modelling_2026\Codes\Code_for_Mapping_HV\Read_Export.cpp(1118,20): warning C4996: 'fopen': This function or variable may be unsafe. Consider using fopen_s instead. To disable deprecation, use _CRT_SECURE_NO_WARNINGS. See online help for details.
E:\Snow_Alaska\Modelling_2026\Codes\Code_for_Mapping_HV\Read_Export.cpp(1122,3): warning C4996: 'sprintf': This function or variable may be unsafe. Consider using sprintf_s instead. To disable deprecation, use _CRT_SECURE_NO_WARNINGS. See online help for details.
E:\Snow_Alaska\Modelling_2026\Codes\Code_for_Mapping_HV\Read_Export.cpp(1123,21): warning C4996: 'fopen': This function or variable may be unsafe. Consider using fopen_s instead. To disable deprecation, use _CRT_SECURE_NO_WARNINGS. See online help for details.
E:\Snow_Alaska\Modelling_2026\Codes\Code_for_Mapping_HV\Read_Export.cpp(1128,3): warning C4996: 'sprintf': This function or variable may be unsafe. Consider using sprintf_s instead. To disable deprecation, use _CRT_SECURE_NO_WARNINGS. See online help for details.
E:\Snow_Alaska\Modelling_2026\Codes\Code_for_Mapping_HV\Read_Export.cpp(1130,20): warning C4996: 'fopen': This function or variable may be unsafe. Consider using fopen_s instead. To disable deprecation, use _CRT_SECURE_NO_WARNINGS. See online help for details.
E:\Snow_Alaska\Modelling_2026\Codes\Code_for_Mapping_HV\Read_Export.cpp(1497,2): warning C4996: 'sprintf': This function or variable may be unsafe. Consider using sprintf_s instead. To disable deprecation, use _CRT_SECURE_NO_WARNINGS. See online help for details.
E:\Snow_Alaska\Modelling_2026\Codes\Code_for_Mapping_HV\Read_Export.cpp(1498,17): warning C4996: 'fopen': This function or variable may be unsafe. Consider using fopen_s instead. To disable deprecation, use _CRT_SECURE_NO_WARNINGS. See online help for details.
E:\Snow_Alaska\Modelling_2026\Codes\Code_for_Mapping_HV\Read_Export.cpp(1505,2): warning C4996: 'sprintf': This function or variable may be unsafe. Consider using sprintf_s instead. To disable deprecation, use _CRT_SECURE_NO_WARNINGS. See online help for details.
E:\Snow_Alaska\Modelling_2026\Codes\Code_for_Mapping_HV\Read_Export.cpp(1506,19): warning C4996: 'fopen': This function or variable may be unsafe. Consider using fopen_s instead. To disable deprecation, use _CRT_SECURE_NO_WARNINGS. See online help for details.
E:\Snow_Alaska\Modelling_2026\Codes\Code_for_Mapping_HV\Read_Export.cpp(1511,2): warning C4996: 'sprintf': This function or variable may be unsafe. Consider using sprintf_s instead. To disable deprecation, use _CRT_SECURE_NO_WARNINGS. See online help for details.
E:\Snow_Alaska\Modelling_2026\Codes\Code_for_Mapping_HV\Read_Export.cpp(1512,20): warning C4996: 'fopen': This function or variable may be unsafe. Consider using fopen_s instead. To disable deprecation, use _CRT_SECURE_NO_WARNINGS. See online help for details.
E:\Snow_Alaska\Modelling_2026\Codes\Code_for_Mapping_HV\Read_Export.cpp(1488,6): warning C4101: 'yy': unreferenced local variable
E:\Snow_Alaska\Modelling_2026\Codes\Code_for_Mapping_HV\Read_Export.cpp(1565,2): warning C4996: 'sprintf': This function or variable may be unsafe. Consider using sprintf_s instead. To disable deprecation, use _CRT_SECURE_NO_WARNINGS. See online help for details.
E:\Snow_Alaska\Modelling_2026\Codes\Code_for_Mapping_HV\Read_Export.cpp(1566,17): warning C4996: 'fopen': This function or variable may be unsafe. Consider using fopen_s instead. To disable deprecation, use _CRT_SECURE_NO_WARNINGS. See online help for details.
E:\Snow_Alaska\Modelling_2026\Codes\Code_for_Mapping_HV\Read_Export.cpp(1576,2): warning C4996: 'sprintf': This function or variable may be unsafe. Consider using sprintf_s instead. To disable deprecation, use _CRT_SECURE_NO_WARNINGS. See online help for details.
E:\Snow_Alaska\Modelling_2026\Codes\Code_for_Mapping_HV\Read_Export.cpp(1577,19): warning C4996: 'fopen': This function or variable may be unsafe. Consider using fopen_s instead. To disable deprecation, use _CRT_SECURE_NO_WARNINGS. See online help for details.
E:\Snow_Alaska\Modelling_2026\Codes\Code_for_Mapping_HV\Read_Export.cpp(1583,3): warning C4996: 'sprintf': This function or variable may be unsafe. Consider using sprintf_s instead. To disable deprecation, use _CRT_SECURE_NO_WARNINGS. See online help for details.
E:\Snow_Alaska\Modelling_2026\Codes\Code_for_Mapping_HV\Read_Export.cpp(1584,24): warning C4996: 'fopen': This function or variable may be unsafe. Consider using fopen_s instead. To disable deprecation, use _CRT_SECURE_NO_WARNINGS. See online help for details.
E:\Snow_Alaska\Modelling_2026\Codes\Code_for_Mapping_HV\Read_Export.cpp(1589,3): warning C4996: 'sprintf': This function or variable may be unsafe. Consider using sprintf_s instead. To disable deprecation, use _CRT_SECURE_NO_WARNINGS. See online help for details.
E:\Snow_Alaska\Modelling_2026\Codes\Code_for_Mapping_HV\Read_Export.cpp(1590,25): warning C4996: 'fopen': This function or variable may be unsafe. Consider using fopen_s instead. To disable deprecation, use _CRT_SECURE_NO_WARNINGS. See online help for details.
E:\Snow_Alaska\Modelling_2026\Codes\Code_for_Mapping_HV\Read_Export.cpp(1673,2): warning C4996: 'sprintf': This function or variable may be unsafe. Consider using sprintf_s instead. To disable deprecation, use _CRT_SECURE_NO_WARNINGS. See online help for details.
E:\Snow_Alaska\Modelling_2026\Codes\Code_for_Mapping_HV\Read_Export.cpp(1674,17): warning C4996: 'fopen': This function or variable may be unsafe. Consider using fopen_s instead. To disable deprecation, use _CRT_SECURE_NO_WARNINGS. See online help for details.
E:\Snow_Alaska\Modelling_2026\Codes\Code_for_Mapping_HV\Read_Export.cpp(1683,2): warning C4996: 'sprintf': This function or variable may be unsafe. Consider using sprintf_s instead. To disable deprecation, use _CRT_SECURE_NO_WARNINGS. See online help for details.
E:\Snow_Alaska\Modelling_2026\Codes\Code_for_Mapping_HV\Read_Export.cpp(1684,19): warning C4996: 'fopen': This function or variable may be unsafe. Consider using fopen_s instead. To disable deprecation, use _CRT_SECURE_NO_WARNINGS. See online help for details.
E:\Snow_Alaska\Modelling_2026\Codes\Code_for_Mapping_HV\Read_Export.cpp(1690,3): warning C4996: 'sprintf': This function or variable may be unsafe. Consider using sprintf_s instead. To disable deprecation, use _CRT_SECURE_NO_WARNINGS. See online help for details.
E:\Snow_Alaska\Modelling_2026\Codes\Code_for_Mapping_HV\Read_Export.cpp(1691,25): warning C4996: 'fopen': This function or variable may be unsafe. Consider using fopen_s instead. To disable deprecation, use _CRT_SECURE_NO_WARNINGS. See online help for details.
E:\Snow_Alaska\Modelling_2026\Codes\Code_for_Mapping_HV\Read_Export.cpp(1798,2): warning C4996: 'sprintf': This function or variable may be unsafe. Consider using sprintf_s instead. To disable deprecation, use _CRT_SECURE_NO_WARNINGS. See online help for details.
E:\Snow_Alaska\Modelling_2026\Codes\Code_for_Mapping_HV\Read_Export.cpp(1799,17): warning C4996: 'fopen': This function or variable may be unsafe. Consider using fopen_s instead. To disable deprecation, use _CRT_SECURE_NO_WARNINGS. See online help for details.
E:\Snow_Alaska\Modelling_2026\Codes\Code_for_Mapping_HV\Read_Export.cpp(1808,2): warning C4996: 'sprintf': This function or variable may be unsafe. Consider using sprintf_s instead. To disable deprecation, use _CRT_SECURE_NO_WARNINGS. See online help for details.
E:\Snow_Alaska\Modelling_2026\Codes\Code_for_Mapping_HV\Read_Export.cpp(1809,19): warning C4996: 'fopen': This function or variable may be unsafe. Consider using fopen_s instead. To disable deprecation, use _CRT_SECURE_NO_WARNINGS. See online help for details.
E:\Snow_Alaska\Modelling_2026\Codes\Code_for_Mapping_HV\Read_Export.cpp(1815,3): warning C4996: 'sprintf': This function or variable may be unsafe. Consider using sprintf_s instead. To disable deprecation, use _CRT_SECURE_NO_WARNINGS. See online help for details.
E:\Snow_Alaska\Modelling_2026\Codes\Code_for_Mapping_HV\Read_Export.cpp(1816,25): warning C4996: 'fopen': This function or variable may be unsafe. Consider using fopen_s instead. To disable deprecation, use _CRT_SECURE_NO_WARNINGS. See online help for details.
E:\Snow_Alaska\Modelling_2026\Codes\Code_for_Mapping_HV\Read_Export.cpp(1892,2): warning C4996: 'sprintf': This function or variable may be unsafe. Consider using sprintf_s instead. To disable deprecation, use _CRT_SECURE_NO_WARNINGS. See online help for details.
E:\Snow_Alaska\Modelling_2026\Codes\Code_for_Mapping_HV\Read_Export.cpp(1893,17): warning C4996: 'fopen': This function or variable may be unsafe. Consider using fopen_s instead. To disable deprecation, use _CRT_SECURE_NO_WARNINGS. See online help for details.
E:\Snow_Alaska\Modelling_2026\Codes\Code_for_Mapping_HV\Read_Export.cpp(1902,2): warning C4996: 'sprintf': This function or variable may be unsafe. Consider using sprintf_s instead. To disable deprecation, use _CRT_SECURE_NO_WARNINGS. See online help for details.
E:\Snow_Alaska\Modelling_2026\Codes\Code_for_Mapping_HV\Read_Export.cpp(1903,19): warning C4996: 'fopen': This function or variable may be unsafe. Consider using fopen_s instead. To disable deprecation, use _CRT_SECURE_NO_WARNINGS. See online help for details.
E:\Snow_Alaska\Modelling_2026\Codes\Code_for_Mapping_HV\Read_Export.cpp(1909,3): warning C4996: 'sprintf': This function or variable may be unsafe. Consider using sprintf_s instead. To disable deprecation, use _CRT_SECURE_NO_WARNINGS. See online help for details.
E:\Snow_Alaska\Modelling_2026\Codes\Code_for_Mapping_HV\Read_Export.cpp(1910,25): warning C4996: 'fopen': This function or variable may be unsafe. Consider using fopen_s instead. To disable deprecation, use _CRT_SECURE_NO_WARNINGS. See online help for details.
E:\Snow_Alaska\Modelling_2026\Codes\Code_for_Mapping_HV\Read_Export.cpp(1915,3): warning C4996: 'sprintf': This function or variable may be unsafe. Consider using sprintf_s instead. To disable deprecation, use _CRT_SECURE_NO_WARNINGS. See online help for details.
E:\Snow_Alaska\Modelling_2026\Codes\Code_for_Mapping_HV\Read_Export.cpp(1916,25): warning C4996: 'fopen': This function or variable may be unsafe. Consider using fopen_s instead. To disable deprecation, use _CRT_SECURE_NO_WARNINGS. See online help for details.
E:\Snow_Alaska\Modelling_2026\Codes\Code_for_Mapping_HV\Read_Export.cpp(2313,3): warning C4996: 'sprintf': This function or variable may be unsafe. Consider using sprintf_s instead. To disable deprecation, use _CRT_SECURE_NO_WARNINGS. See online help for details.
E:\Snow_Alaska\Modelling_2026\Codes\Code_for_Mapping_HV\Read_Export.cpp(2315,3): warning C4996: 'sprintf': This function or variable may be unsafe. Consider using sprintf_s instead. To disable deprecation, use _CRT_SECURE_NO_WARNINGS. See online help for details.
E:\Snow_Alaska\Modelling_2026\Codes\Code_for_Mapping_HV\Read_Export.cpp(2316,17): warning C4996: 'fopen': This function or variable may be unsafe. Consider using fopen_s instead. To disable deprecation, use _CRT_SECURE_NO_WARNINGS. See online help for details.
E:\Snow_Alaska\Modelling_2026\Codes\Code_for_Mapping_HV\Read_Export.cpp(2320,3): warning C4996: 'fscanf': This function or variable may be unsafe. Consider using fscanf_s instead. To disable deprecation, use _CRT_SECURE_NO_WARNINGS. See online help for details.
E:\Snow_Alaska\Modelling_2026\Codes\Code_for_Mapping_HV\Read_Export.cpp(2324,4): warning C4996: 'fscanf': This function or variable may be unsafe. Consider using fscanf_s instead. To disable deprecation, use _CRT_SECURE_NO_WARNINGS. See online help for details.
E:\Snow_Alaska\Modelling_2026\Codes\Code_for_Mapping_HV\Read_Export.cpp(2329,3): warning C4996: 'sprintf': This function or variable may be unsafe. Consider using sprintf_s instead. To disable deprecation, use _CRT_SECURE_NO_WARNINGS. See online help for details.
E:\Snow_Alaska\Modelling_2026\Codes\Code_for_Mapping_HV\Read_Export.cpp(2330,17): warning C4996: 'fopen': This function or variable may be unsafe. Consider using fopen_s instead. To disable deprecation, use _CRT_SECURE_NO_WARNINGS. See online help for details.
E:\Snow_Alaska\Modelling_2026\Codes\Code_for_Mapping_HV\Read_Export.cpp(2334,3): warning C4996: 'fscanf': This function or variable may be unsafe. Consider using fscanf_s instead. To disable deprecation, use _CRT_SECURE_NO_WARNINGS. See online help for details.
E:\Snow_Alaska\Modelling_2026\Codes\Code_for_Mapping_HV\Read_Export.cpp(2338,4): warning C4996: 'fscanf': This function or variable may be unsafe. Consider using fscanf_s instead. To disable deprecation, use _CRT_SECURE_NO_WARNINGS. See online help for details.
E:\Snow_Alaska\Modelling_2026\Codes\Code_for_Mapping_HV\Read_Export.cpp(2343,3): warning C4996: 'sprintf': This function or variable may be unsafe. Consider using sprintf_s instead. To disable deprecation, use _CRT_SECURE_NO_WARNINGS. See online help for details.
E:\Snow_Alaska\Modelling_2026\Codes\Code_for_Mapping_HV\Read_Export.cpp(2344,17): warning C4996: 'fopen': This function or variable may be unsafe. Consider using fopen_s instead. To disable deprecation, use _CRT_SECURE_NO_WARNINGS. See online help for details.
E:\Snow_Alaska\Modelling_2026\Codes\Code_for_Mapping_HV\Read_Export.cpp(2348,3): warning C4996: 'fscanf': This function or variable may be unsafe. Consider using fscanf_s instead. To disable deprecation, use _CRT_SECURE_NO_WARNINGS. See online help for details.
E:\Snow_Alaska\Modelling_2026\Codes\Code_for_Mapping_HV\Read_Export.cpp(2352,4): warning C4996: 'fscanf': This function or variable may be unsafe. Consider using fscanf_s instead. To disable deprecation, use _CRT_SECURE_NO_WARNINGS. See online help for details.
E:\Snow_Alaska\Modelling_2026\Codes\Code_for_Mapping_HV\Read_Export.cpp(2357,3): warning C4996: 'sprintf': This function or variable may be unsafe. Consider using sprintf_s instead. To disable deprecation, use _CRT_SECURE_NO_WARNINGS. See online help for details.
E:\Snow_Alaska\Modelling_2026\Codes\Code_for_Mapping_HV\Read_Export.cpp(2358,17): warning C4996: 'fopen': This function or variable may be unsafe. Consider using fopen_s instead. To disable deprecation, use _CRT_SECURE_NO_WARNINGS. See online help for details.
E:\Snow_Alaska\Modelling_2026\Codes\Code_for_Mapping_HV\Read_Export.cpp(2362,3): warning C4996: 'fscanf': This function or variable may be unsafe. Consider using fscanf_s instead. To disable deprecation, use _CRT_SECURE_NO_WARNINGS. See online help for details.
E:\Snow_Alaska\Modelling_2026\Codes\Code_for_Mapping_HV\Read_Export.cpp(2366,4): warning C4996: 'fscanf': This function or variable may be unsafe. Consider using fscanf_s instead. To disable deprecation, use _CRT_SECURE_NO_WARNINGS. See online help for details.
E:\Snow_Alaska\Modelling_2026\Codes\Code_for_Mapping_HV\Read_Export.cpp(2371,2): warning C4996: 'sprintf': This function or variable may be unsafe. Consider using sprintf_s instead. To disable deprecation, use _CRT_SECURE_NO_WARNINGS. See online help for details.
E:\Snow_Alaska\Modelling_2026\Codes\Code_for_Mapping_HV\Read_Export.cpp(2372,20): warning C4996: 'fopen': This function or variable may be unsafe. Consider using fopen_s instead. To disable deprecation, use _CRT_SECURE_NO_WARNINGS. See online help for details.
E:\Snow_Alaska\Modelling_2026\Codes\Code_for_Mapping_HV\Read_Export.cpp(2384,3): warning C4996: 'sprintf': This function or variable may be unsafe. Consider using sprintf_s instead. To disable deprecation, use _CRT_SECURE_NO_WARNINGS. See online help for details.
E:\Snow_Alaska\Modelling_2026\Codes\Code_for_Mapping_HV\Read_Export.cpp(2385,3): warning C4996: 'sprintf': This function or variable may be unsafe. Consider using sprintf_s instead. To disable deprecation, use _CRT_SECURE_NO_WARNINGS. See online help for details.
E:\Snow_Alaska\Modelling_2026\Codes\Code_for_Mapping_HV\Read_Export.cpp(2389,3): warning C4996: 'sprintf': This function or variable may be unsafe. Consider using sprintf_s instead. To disable deprecation, use _CRT_SECURE_NO_WARNINGS. See online help for details.
E:\Snow_Alaska\Modelling_2026\Codes\Code_for_Mapping_HV\Read_Export.cpp(2390,3): warning C4996: 'sprintf': This function or variable may be unsafe. Consider using sprintf_s instead. To disable deprecation, use _CRT_SECURE_NO_WARNINGS. See online help for details.
E:\Snow_Alaska\Modelling_2026\Codes\Code_for_Mapping_HV\Read_Export.cpp(2393,3): warning C4996: 'sprintf': This function or variable may be unsafe. Consider using sprintf_s instead. To disable deprecation, use _CRT_SECURE_NO_WARNINGS. See online help for details.
E:\Snow_Alaska\Modelling_2026\Codes\Code_for_Mapping_HV\Read_Export.cpp(2394,17): warning C4996: 'fopen': This function or variable may be unsafe. Consider using fopen_s instead. To disable deprecation, use _CRT_SECURE_NO_WARNINGS. See online help for details.
E:\Snow_Alaska\Modelling_2026\Codes\Code_for_Mapping_HV\Read_Export.cpp(2398,3): warning C4996: 'sprintf': This function or variable may be unsafe. Consider using sprintf_s instead. To disable deprecation, use _CRT_SECURE_NO_WARNINGS. See online help for details.
E:\Snow_Alaska\Modelling_2026\Codes\Code_for_Mapping_HV\Read_Export.cpp(2399,18): warning C4996: 'fopen': This function or variable may be unsafe. Consider using fopen_s instead. To disable deprecation, use _CRT_SECURE_NO_WARNINGS. See online help for details.
E:\Snow_Alaska\Modelling_2026\Codes\Code_for_Mapping_HV\Read_Export.cpp(2403,3): warning C4996: 'sprintf': This function or variable may be unsafe. Consider using sprintf_s instead. To disable deprecation, use _CRT_SECURE_NO_WARNINGS. See online help for details.
E:\Snow_Alaska\Modelling_2026\Codes\Code_for_Mapping_HV\Read_Export.cpp(2404,20): warning C4996: 'fopen': This function or variable may be unsafe. Consider using fopen_s instead. To disable deprecation, use _CRT_SECURE_NO_WARNINGS. See online help for details.
E:\Snow_Alaska\Modelling_2026\Codes\Code_for_Mapping_HV\Read_Export.cpp(2408,3): warning C4996: 'sprintf': This function or variable may be unsafe. Consider using sprintf_s instead. To disable deprecation, use _CRT_SECURE_NO_WARNINGS. See online help for details.
E:\Snow_Alaska\Modelling_2026\Codes\Code_for_Mapping_HV\Read_Export.cpp(2409,21): warning C4996: 'fopen': This function or variable may be unsafe. Consider using fopen_s instead. To disable deprecation, use _CRT_SECURE_NO_WARNINGS. See online help for details.
E:\Snow_Alaska\Modelling_2026\Codes\Code_for_Mapping_HV\Read_Export.cpp(2414,3): warning C4996: 'sprintf': This function or variable may be unsafe. Consider using sprintf_s instead. To disable deprecation, use _CRT_SECURE_NO_WARNINGS. See online help for details.
E:\Snow_Alaska\Modelling_2026\Codes\Code_for_Mapping_HV\Read_Export.cpp(2415,28): warning C4996: 'fopen': This function or variable may be unsafe. Consider using fopen_s instead. To disable deprecation, use _CRT_SECURE_NO_WARNINGS. See online help for details.
E:\Snow_Alaska\Modelling_2026\Codes\Code_for_Mapping_HV\Read_Export.cpp(2282,28): warning C4101: 'Fsnow2': unreferenced local variable
E:\Snow_Alaska\Modelling_2026\Codes\Code_for_Mapping_HV\Read_Export.cpp(2282,20): warning C4101: 'Fsnow1': unreferenced local variable
E:\Snow_Alaska\Modelling_2026\Codes\Code_for_Mapping_HV\Read_Export.cpp(2588,4): warning C4996: 'sprintf': This function or variable may be unsafe. Consider using sprintf_s instead. To disable deprecation, use _CRT_SECURE_NO_WARNINGS. See online help for details.
E:\Snow_Alaska\Modelling_2026\Codes\Code_for_Mapping_HV\Read_Export.cpp(2590,4): warning C4996: 'sprintf': This function or variable may be unsafe. Consider using sprintf_s instead. To disable deprecation, use _CRT_SECURE_NO_WARNINGS. See online help for details.
E:\Snow_Alaska\Modelling_2026\Codes\Code_for_Mapping_HV\Read_Export.cpp(2591,18): warning C4996: 'fopen': This function or variable may be unsafe. Consider using fopen_s instead. To disable deprecation, use _CRT_SECURE_NO_WARNINGS. See online help for details.
E:\Snow_Alaska\Modelling_2026\Codes\Code_for_Mapping_HV\Read_Export.cpp(2595,4): warning C4996: 'fscanf': This function or variable may be unsafe. Consider using fscanf_s instead. To disable deprecation, use _CRT_SECURE_NO_WARNINGS. See online help for details.
E:\Snow_Alaska\Modelling_2026\Codes\Code_for_Mapping_HV\Read_Export.cpp(2599,5): warning C4996: 'fscanf': This function or variable may be unsafe. Consider using fscanf_s instead. To disable deprecation, use _CRT_SECURE_NO_WARNINGS. See online help for details.
E:\Snow_Alaska\Modelling_2026\Codes\Code_for_Mapping_HV\Read_Export.cpp(2604,4): warning C4996: 'sprintf': This function or variable may be unsafe. Consider using sprintf_s instead. To disable deprecation, use _CRT_SECURE_NO_WARNINGS. See online help for details.
E:\Snow_Alaska\Modelling_2026\Codes\Code_for_Mapping_HV\Read_Export.cpp(2605,18): warning C4996: 'fopen': This function or variable may be unsafe. Consider using fopen_s instead. To disable deprecation, use _CRT_SECURE_NO_WARNINGS. See online help for details.
E:\Snow_Alaska\Modelling_2026\Codes\Code_for_Mapping_HV\Read_Export.cpp(2609,4): warning C4996: 'fscanf': This function or variable may be unsafe. Consider using fscanf_s instead. To disable deprecation, use _CRT_SECURE_NO_WARNINGS. See online help for details.
E:\Snow_Alaska\Modelling_2026\Codes\Code_for_Mapping_HV\Read_Export.cpp(2613,5): warning C4996: 'fscanf': This function or variable may be unsafe. Consider using fscanf_s instead. To disable deprecation, use _CRT_SECURE_NO_WARNINGS. See online help for details.
E:\Snow_Alaska\Modelling_2026\Codes\Code_for_Mapping_HV\Read_Export.cpp(2618,4): warning C4996: 'sprintf': This function or variable may be unsafe. Consider using sprintf_s instead. To disable deprecation, use _CRT_SECURE_NO_WARNINGS. See online help for details.
E:\Snow_Alaska\Modelling_2026\Codes\Code_for_Mapping_HV\Read_Export.cpp(2619,18): warning C4996: 'fopen': This function or variable may be unsafe. Consider using fopen_s instead. To disable deprecation, use _CRT_SECURE_NO_WARNINGS. See online help for details.
E:\Snow_Alaska\Modelling_2026\Codes\Code_for_Mapping_HV\Read_Export.cpp(2623,4): warning C4996: 'fscanf': This function or variable may be unsafe. Consider using fscanf_s instead. To disable deprecation, use _CRT_SECURE_NO_WARNINGS. See online help for details.
E:\Snow_Alaska\Modelling_2026\Codes\Code_for_Mapping_HV\Read_Export.cpp(2627,5): warning C4996: 'fscanf': This function or variable may be unsafe. Consider using fscanf_s instead. To disable deprecation, use _CRT_SECURE_NO_WARNINGS. See online help for details.
E:\Snow_Alaska\Modelling_2026\Codes\Code_for_Mapping_HV\Read_Export.cpp(2632,4): warning C4996: 'sprintf': This function or variable may be unsafe. Consider using sprintf_s instead. To disable deprecation, use _CRT_SECURE_NO_WARNINGS. See online help for details.
E:\Snow_Alaska\Modelling_2026\Codes\Code_for_Mapping_HV\Read_Export.cpp(2633,18): warning C4996: 'fopen': This function or variable may be unsafe. Consider using fopen_s instead. To disable deprecation, use _CRT_SECURE_NO_WARNINGS. See online help for details.
E:\Snow_Alaska\Modelling_2026\Codes\Code_for_Mapping_HV\Read_Export.cpp(2637,4): warning C4996: 'fscanf': This function or variable may be unsafe. Consider using fscanf_s instead. To disable deprecation, use _CRT_SECURE_NO_WARNINGS. See online help for details.
E:\Snow_Alaska\Modelling_2026\Codes\Code_for_Mapping_HV\Read_Export.cpp(2641,5): warning C4996: 'fscanf': This function or variable may be unsafe. Consider using fscanf_s instead. To disable deprecation, use _CRT_SECURE_NO_WARNINGS. See online help for details.
E:\Snow_Alaska\Modelling_2026\Codes\Code_for_Mapping_HV\Read_Export.cpp(2646,3): warning C4996: 'sprintf': This function or variable may be unsafe. Consider using sprintf_s instead. To disable deprecation, use _CRT_SECURE_NO_WARNINGS. See online help for details.
E:\Snow_Alaska\Modelling_2026\Codes\Code_for_Mapping_HV\Read_Export.cpp(2647,21): warning C4996: 'fopen': This function or variable may be unsafe. Consider using fopen_s instead. To disable deprecation, use _CRT_SECURE_NO_WARNINGS. See online help for details.
E:\Snow_Alaska\Modelling_2026\Codes\Code_for_Mapping_HV\Read_Export.cpp(2658,3): warning C4996: 'sprintf': This function or variable may be unsafe. Consider using sprintf_s instead. To disable deprecation, use _CRT_SECURE_NO_WARNINGS. See online help for details.
E:\Snow_Alaska\Modelling_2026\Codes\Code_for_Mapping_HV\Read_Export.cpp(2659,3): warning C4996: 'sprintf': This function or variable may be unsafe. Consider using sprintf_s instead. To disable deprecation, use _CRT_SECURE_NO_WARNINGS. See online help for details.
E:\Snow_Alaska\Modelling_2026\Codes\Code_for_Mapping_HV\Read_Export.cpp(2663,3): warning C4996: 'sprintf': This function or variable may be unsafe. Consider using sprintf_s instead. To disable deprecation, use _CRT_SECURE_NO_WARNINGS. See online help for details.
E:\Snow_Alaska\Modelling_2026\Codes\Code_for_Mapping_HV\Read_Export.cpp(2664,3): warning C4996: 'sprintf': This function or variable may be unsafe. Consider using sprintf_s instead. To disable deprecation, use _CRT_SECURE_NO_WARNINGS. See online help for details.
E:\Snow_Alaska\Modelling_2026\Codes\Code_for_Mapping_HV\Read_Export.cpp(2669,3): warning C4996: 'sprintf': This function or variable may be unsafe. Consider using sprintf_s instead. To disable deprecation, use _CRT_SECURE_NO_WARNINGS. See online help for details.
E:\Snow_Alaska\Modelling_2026\Codes\Code_for_Mapping_HV\Read_Export.cpp(2670,17): warning C4996: 'fopen': This function or variable may be unsafe. Consider using fopen_s instead. To disable deprecation, use _CRT_SECURE_NO_WARNINGS. See online help for details.
E:\Snow_Alaska\Modelling_2026\Codes\Code_for_Mapping_HV\Read_Export.cpp(2674,3): warning C4996: 'sprintf': This function or variable may be unsafe. Consider using sprintf_s instead. To disable deprecation, use _CRT_SECURE_NO_WARNINGS. See online help for details.
E:\Snow_Alaska\Modelling_2026\Codes\Code_for_Mapping_HV\Read_Export.cpp(2675,18): warning C4996: 'fopen': This function or variable may be unsafe. Consider using fopen_s instead. To disable deprecation, use _CRT_SECURE_NO_WARNINGS. See online help for details.
E:\Snow_Alaska\Modelling_2026\Codes\Code_for_Mapping_HV\Read_Export.cpp(2679,3): warning C4996: 'sprintf': This function or variable may be unsafe. Consider using sprintf_s instead. To disable deprecation, use _CRT_SECURE_NO_WARNINGS. See online help for details.
E:\Snow_Alaska\Modelling_2026\Codes\Code_for_Mapping_HV\Read_Export.cpp(2680,20): warning C4996: 'fopen': This function or variable may be unsafe. Consider using fopen_s instead. To disable deprecation, use _CRT_SECURE_NO_WARNINGS. See online help for details.
E:\Snow_Alaska\Modelling_2026\Codes\Code_for_Mapping_HV\Read_Export.cpp(2684,3): warning C4996: 'sprintf': This function or variable may be unsafe. Consider using sprintf_s instead. To disable deprecation, use _CRT_SECURE_NO_WARNINGS. See online help for details.
E:\Snow_Alaska\Modelling_2026\Codes\Code_for_Mapping_HV\Read_Export.cpp(2685,21): warning C4996: 'fopen': This function or variable may be unsafe. Consider using fopen_s instead. To disable deprecation, use _CRT_SECURE_NO_WARNINGS. See online help for details.
E:\Snow_Alaska\Modelling_2026\Codes\Code_for_Mapping_HV\Read_Export.cpp(2690,3): warning C4996: 'sprintf': This function or variable may be unsafe. Consider using sprintf_s instead. To disable deprecation, use _CRT_SECURE_NO_WARNINGS. See online help for details.
E:\Snow_Alaska\Modelling_2026\Codes\Code_for_Mapping_HV\Read_Export.cpp(2691,28): warning C4996: 'fopen': This function or variable may be unsafe. Consider using fopen_s instead. To disable deprecation, use _CRT_SECURE_NO_WARNINGS. See online help for details.
E:\Snow_Alaska\Modelling_2026\Codes\Code_for_Mapping_HV\Read_Export.cpp(2696,3): warning C4996: 'sprintf': This function or variable may be unsafe. Consider using sprintf_s instead. To disable deprecation, use _CRT_SECURE_NO_WARNINGS. See online help for details.
E:\Snow_Alaska\Modelling_2026\Codes\Code_for_Mapping_HV\Read_Export.cpp(2697,24): warning C4996: 'fopen': This function or variable may be unsafe. Consider using fopen_s instead. To disable deprecation, use _CRT_SECURE_NO_WARNINGS. See online help for details.
E:\Snow_Alaska\Modelling_2026\Codes\Code_for_Mapping_HV\Read_Export.cpp(2842,13): warning C4101: 'i2': unreferenced local variable
E:\Snow_Alaska\Modelling_2026\Codes\Code_for_Mapping_HV\Read_Export.cpp(3111,3): warning C4996: 'sprintf': This function or variable may be unsafe. Consider using sprintf_s instead. To disable deprecation, use _CRT_SECURE_NO_WARNINGS. See online help for details.
E:\Snow_Alaska\Modelling_2026\Codes\Code_for_Mapping_HV\Read_Export.cpp(3113,17): warning C4996: 'fopen': This function or variable may be unsafe. Consider using fopen_s instead. To disable deprecation, use _CRT_SECURE_NO_WARNINGS. See online help for details.
E:\Snow_Alaska\Modelling_2026\Codes\Code_for_Mapping_HV\Read_Export.cpp(3125,7): warning C4996: 'fscanf': This function or variable may be unsafe. Consider using fscanf_s instead. To disable deprecation, use _CRT_SECURE_NO_WARNINGS. See online help for details.
E:\Snow_Alaska\Modelling_2026\Codes\Code_for_Mapping_HV\Read_Export.cpp(3126,46): warning C4996: 'fscanf': This function or variable may be unsafe. Consider using fscanf_s instead. To disable deprecation, use _CRT_SECURE_NO_WARNINGS. See online help for details.
E:\Snow_Alaska\Modelling_2026\Codes\Code_for_Mapping_HV\Read_Export.cpp(3154,9): warning C4101: 'F': unreferenced local variable
  Read_export.vcxproj -> E:\Snow_Alaska\Modelling_2026\Codes\Code_for_Mapping_HV\Debug\Read_export.exe
