cl : command line warning D9035: option 'Gm' has been deprecated and will be removed in a future release
  Read_Export.cpp
E:\Snow_Alaska\Modelling\Generating_Input_Files\Read_Export.cpp(239,20): warning C4476: 'fprintf' : unknown type field character '\t' in format specifier
E:\Snow_Alaska\Modelling\Generating_Input_Files\Read_Export.cpp(45,2): warning C4996: 'sprintf': This function or variable may be unsafe. Consider using sprintf_s instead. To disable deprecation, use _CRT_SECURE_NO_WARNINGS. See online help for details.
E:\Snow_Alaska\Modelling\Generating_Input_Files\Read_Export.cpp(46,16): warning C4996: 'fopen': This function or variable may be unsafe. Consider using fopen_s instead. To disable deprecation, use _CRT_SECURE_NO_WARNINGS. See online help for details.
E:\Snow_Alaska\Modelling\Generating_Input_Files\Read_Export.cpp(50,2): warning C4996: 'fscanf': This function or variable may be unsafe. Consider using fscanf_s instead. To disable deprecation, use _CRT_SECURE_NO_WARNINGS. See online help for details.
E:\Snow_Alaska\Modelling\Generating_Input_Files\Read_Export.cpp(54,3): warning C4996: 'fscanf': This function or variable may be unsafe. Consider using fscanf_s instead. To disable deprecation, use _CRT_SECURE_NO_WARNINGS. See online help for details.
E:\Snow_Alaska\Modelling\Generating_Input_Files\Read_Export.cpp(59,2): warning C4996: 'sprintf': This function or variable may be unsafe. Consider using sprintf_s instead. To disable deprecation, use _CRT_SECURE_NO_WARNINGS. See online help for details.
E:\Snow_Alaska\Modelling\Generating_Input_Files\Read_Export.cpp(60,16): warning C4996: 'fopen': This function or variable may be unsafe. Consider using fopen_s instead. To disable deprecation, use _CRT_SECURE_NO_WARNINGS. See online help for details.
E:\Snow_Alaska\Modelling\Generating_Input_Files\Read_Export.cpp(64,2): warning C4996: 'fscanf': This function or variable may be unsafe. Consider using fscanf_s instead. To disable deprecation, use _CRT_SECURE_NO_WARNINGS. See online help for details.
E:\Snow_Alaska\Modelling\Generating_Input_Files\Read_Export.cpp(68,3): warning C4996: 'fscanf': This function or variable may be unsafe. Consider using fscanf_s instead. To disable deprecation, use _CRT_SECURE_NO_WARNINGS. See online help for details.
E:\Snow_Alaska\Modelling\Generating_Input_Files\Read_Export.cpp(73,2): warning C4996: 'sprintf': This function or variable may be unsafe. Consider using sprintf_s instead. To disable deprecation, use _CRT_SECURE_NO_WARNINGS. See online help for details.
E:\Snow_Alaska\Modelling\Generating_Input_Files\Read_Export.cpp(74,16): warning C4996: 'fopen': This function or variable may be unsafe. Consider using fopen_s instead. To disable deprecation, use _CRT_SECURE_NO_WARNINGS. See online help for details.
E:\Snow_Alaska\Modelling\Generating_Input_Files\Read_Export.cpp(78,2): warning C4996: 'fscanf': This function or variable may be unsafe. Consider using fscanf_s instead. To disable deprecation, use _CRT_SECURE_NO_WARNINGS. See online help for details.
E:\Snow_Alaska\Modelling\Generating_Input_Files\Read_Export.cpp(82,3): warning C4996: 'fscanf': This function or variable may be unsafe. Consider using fscanf_s instead. To disable deprecation, use _CRT_SECURE_NO_WARNINGS. See online help for details.
E:\Snow_Alaska\Modelling\Generating_Input_Files\Read_Export.cpp(87,2): warning C4996: 'sprintf': This function or variable may be unsafe. Consider using sprintf_s instead. To disable deprecation, use _CRT_SECURE_NO_WARNINGS. See online help for details.
E:\Snow_Alaska\Modelling\Generating_Input_Files\Read_Export.cpp(88,16): warning C4996: 'fopen': This function or variable may be unsafe. Consider using fopen_s instead. To disable deprecation, use _CRT_SECURE_NO_WARNINGS. See online help for details.
E:\Snow_Alaska\Modelling\Generating_Input_Files\Read_Export.cpp(92,2): warning C4996: 'fscanf': This function or variable may be unsafe. Consider using fscanf_s instead. To disable deprecation, use _CRT_SECURE_NO_WARNINGS. See online help for details.
E:\Snow_Alaska\Modelling\Generating_Input_Files\Read_Export.cpp(96,3): warning C4996: 'fscanf': This function or variable may be unsafe. Consider using fscanf_s instead. To disable deprecation, use _CRT_SECURE_NO_WARNINGS. See online help for details.
E:\Snow_Alaska\Modelling\Generating_Input_Files\Read_Export.cpp(110,6): warning C4996: 'sprintf': This function or variable may be unsafe. Consider using sprintf_s instead. To disable deprecation, use _CRT_SECURE_NO_WARNINGS. See online help for details.
E:\Snow_Alaska\Modelling\Generating_Input_Files\Read_Export.cpp(111,26): warning C4996: 'fopen': This function or variable may be unsafe. Consider using fopen_s instead. To disable deprecation, use _CRT_SECURE_NO_WARNINGS. See online help for details.
E:\Snow_Alaska\Modelling\Generating_Input_Files\Read_Export.cpp(116,6): warning C4996: 'sprintf': This function or variable may be unsafe. Consider using sprintf_s instead. To disable deprecation, use _CRT_SECURE_NO_WARNINGS. See online help for details.
E:\Snow_Alaska\Modelling\Generating_Input_Files\Read_Export.cpp(119,17): warning C4996: 'fopen': This function or variable may be unsafe. Consider using fopen_s instead. To disable deprecation, use _CRT_SECURE_NO_WARNINGS. See online help for details.
E:\Snow_Alaska\Modelling\Generating_Input_Files\Read_Export.cpp(132,6): warning C4996: 'fscanf': This function or variable may be unsafe. Consider using fscanf_s instead. To disable deprecation, use _CRT_SECURE_NO_WARNINGS. See online help for details.
E:\Snow_Alaska\Modelling\Generating_Input_Files\Read_Export.cpp(135,6): warning C4996: 'fscanf': This function or variable may be unsafe. Consider using fscanf_s instead. To disable deprecation, use _CRT_SECURE_NO_WARNINGS. See online help for details.
E:\Snow_Alaska\Modelling\Generating_Input_Files\Read_Export.cpp(138,6): warning C4996: 'fscanf': This function or variable may be unsafe. Consider using fscanf_s instead. To disable deprecation, use _CRT_SECURE_NO_WARNINGS. See online help for details.
E:\Snow_Alaska\Modelling\Generating_Input_Files\Read_Export.cpp(144,6): warning C4996: 'fscanf': This function or variable may be unsafe. Consider using fscanf_s instead. To disable deprecation, use _CRT_SECURE_NO_WARNINGS. See online help for details.
E:\Snow_Alaska\Modelling\Generating_Input_Files\Read_Export.cpp(147,6): warning C4996: 'fscanf': This function or variable may be unsafe. Consider using fscanf_s instead. To disable deprecation, use _CRT_SECURE_NO_WARNINGS. See online help for details.
E:\Snow_Alaska\Modelling\Generating_Input_Files\Read_Export.cpp(150,6): warning C4996: 'fscanf': This function or variable may be unsafe. Consider using fscanf_s instead. To disable deprecation, use _CRT_SECURE_NO_WARNINGS. See online help for details.
E:\Snow_Alaska\Modelling\Generating_Input_Files\Read_Export.cpp(153,6): warning C4996: 'fscanf': This function or variable may be unsafe. Consider using fscanf_s instead. To disable deprecation, use _CRT_SECURE_NO_WARNINGS. See online help for details.
E:\Snow_Alaska\Modelling\Generating_Input_Files\Read_Export.cpp(156,6): warning C4996: 'fscanf': This function or variable may be unsafe. Consider using fscanf_s instead. To disable deprecation, use _CRT_SECURE_NO_WARNINGS. See online help for details.
E:\Snow_Alaska\Modelling\Generating_Input_Files\Read_Export.cpp(159,6): warning C4996: 'fscanf': This function or variable may be unsafe. Consider using fscanf_s instead. To disable deprecation, use _CRT_SECURE_NO_WARNINGS. See online help for details.
E:\Snow_Alaska\Modelling\Generating_Input_Files\Read_Export.cpp(162,6): warning C4996: 'fscanf': This function or variable may be unsafe. Consider using fscanf_s instead. To disable deprecation, use _CRT_SECURE_NO_WARNINGS. See online help for details.
E:\Snow_Alaska\Modelling\Generating_Input_Files\Read_Export.cpp(168,30): warning C4996: 'fscanf': This function or variable may be unsafe. Consider using fscanf_s instead. To disable deprecation, use _CRT_SECURE_NO_WARNINGS. See online help for details.
E:\Snow_Alaska\Modelling\Generating_Input_Files\Read_Export.cpp(174,30): warning C4996: 'fscanf': This function or variable may be unsafe. Consider using fscanf_s instead. To disable deprecation, use _CRT_SECURE_NO_WARNINGS. See online help for details.
E:\Snow_Alaska\Modelling\Generating_Input_Files\Read_Export.cpp(234,6): warning C4996: 'fscanf': This function or variable may be unsafe. Consider using fscanf_s instead. To disable deprecation, use _CRT_SECURE_NO_WARNINGS. See online help for details.
E:\Snow_Alaska\Modelling\Generating_Input_Files\Read_Export.cpp(236,7): warning C4996: 'fscanf': This function or variable may be unsafe. Consider using fscanf_s instead. To disable deprecation, use _CRT_SECURE_NO_WARNINGS. See online help for details.
E:\Snow_Alaska\Modelling\Generating_Input_Files\Read_Export.cpp(241,7): warning C4996: 'fscanf': This function or variable may be unsafe. Consider using fscanf_s instead. To disable deprecation, use _CRT_SECURE_NO_WARNINGS. See online help for details.
E:\Snow_Alaska\Modelling\Generating_Input_Files\Read_Export.cpp(248,6): warning C4996: 'fscanf': This function or variable may be unsafe. Consider using fscanf_s instead. To disable deprecation, use _CRT_SECURE_NO_WARNINGS. See online help for details.
E:\Snow_Alaska\Modelling\Generating_Input_Files\Read_Export.cpp(251,6): warning C4996: 'fscanf': This function or variable may be unsafe. Consider using fscanf_s instead. To disable deprecation, use _CRT_SECURE_NO_WARNINGS. See online help for details.
E:\Snow_Alaska\Modelling\Generating_Input_Files\Read_Export.cpp(254,6): warning C4996: 'fscanf': This function or variable may be unsafe. Consider using fscanf_s instead. To disable deprecation, use _CRT_SECURE_NO_WARNINGS. See online help for details.
E:\Snow_Alaska\Modelling\Generating_Input_Files\Read_Export.cpp(257,6): warning C4996: 'fscanf': This function or variable may be unsafe. Consider using fscanf_s instead. To disable deprecation, use _CRT_SECURE_NO_WARNINGS. See online help for details.
E:\Snow_Alaska\Modelling\Generating_Input_Files\Read_Export.cpp(260,6): warning C4996: 'fscanf': This function or variable may be unsafe. Consider using fscanf_s instead. To disable deprecation, use _CRT_SECURE_NO_WARNINGS. See online help for details.
E:\Snow_Alaska\Modelling\Generating_Input_Files\Read_Export.cpp(263,6): warning C4996: 'fscanf': This function or variable may be unsafe. Consider using fscanf_s instead. To disable deprecation, use _CRT_SECURE_NO_WARNINGS. See online help for details.
E:\Snow_Alaska\Modelling\Generating_Input_Files\Read_Export.cpp(266,6): warning C4996: 'fscanf': This function or variable may be unsafe. Consider using fscanf_s instead. To disable deprecation, use _CRT_SECURE_NO_WARNINGS. See online help for details.
E:\Snow_Alaska\Modelling\Generating_Input_Files\Read_Export.cpp(269,6): warning C4996: 'fscanf': This function or variable may be unsafe. Consider using fscanf_s instead. To disable deprecation, use _CRT_SECURE_NO_WARNINGS. See online help for details.
E:\Snow_Alaska\Modelling\Generating_Input_Files\Read_Export.cpp(272,6): warning C4996: 'fscanf': This function or variable may be unsafe. Consider using fscanf_s instead. To disable deprecation, use _CRT_SECURE_NO_WARNINGS. See online help for details.
E:\Snow_Alaska\Modelling\Generating_Input_Files\Read_Export.cpp(279,6): warning C4996: 'fscanf': This function or variable may be unsafe. Consider using fscanf_s instead. To disable deprecation, use _CRT_SECURE_NO_WARNINGS. See online help for details.
E:\Snow_Alaska\Modelling\Generating_Input_Files\Read_Export.cpp(281,7): warning C4996: 'fscanf': This function or variable may be unsafe. Consider using fscanf_s instead. To disable deprecation, use _CRT_SECURE_NO_WARNINGS. See online help for details.
E:\Snow_Alaska\Modelling\Generating_Input_Files\Read_Export.cpp(292,7): warning C4996: 'fscanf': This function or variable may be unsafe. Consider using fscanf_s instead. To disable deprecation, use _CRT_SECURE_NO_WARNINGS. See online help for details.
E:\Snow_Alaska\Modelling\Generating_Input_Files\Read_Export.cpp(31,20): warning C4101: 'Note': unreferenced local variable
E:\Snow_Alaska\Modelling\Generating_Input_Files\Read_Export.cpp(37,19): warning C4101: 'Longitude': unreferenced local variable
E:\Snow_Alaska\Modelling\Generating_Input_Files\Read_Export.cpp(34,6): warning C4101: 'File_Num': unreferenced local variable
E:\Snow_Alaska\Modelling\Generating_Input_Files\Read_Export.cpp(37,9): warning C4101: 'Latitude': unreferenced local variable
E:\Snow_Alaska\Modelling\Generating_Input_Files\Read_Export.cpp(186,10): warning C4101: 'IF_LastPeat_Layer': unreferenced local variable
E:\Snow_Alaska\Modelling\Generating_Input_Files\Read_Export.cpp(185,39): warning C4101: 'F': unreferenced local variable
E:\Snow_Alaska\Modelling\Generating_Input_Files\Read_Export.cpp(185,13): warning C4101: 'Peat_Depth': unreferenced local variable
E:\Snow_Alaska\Modelling\Generating_Input_Files\Read_Export.cpp(183,13): warning C4101: 'Last_Depth': unreferenced local variable
E:\Snow_Alaska\Modelling\Generating_Input_Files\Read_Export.cpp(185,25): warning C4101: 'Peat_Depth_x': unreferenced local variable
E:\Snow_Alaska\Modelling\Generating_Input_Files\Read_Export.cpp(320,3): warning C4996: 'strncpy': This function or variable may be unsafe. Consider using strncpy_s instead. To disable deprecation, use _CRT_SECURE_NO_WARNINGS. See online help for details.
E:\Snow_Alaska\Modelling\Generating_Input_Files\Read_Export.cpp(321,3): warning C4996: 'strncpy': This function or variable may be unsafe. Consider using strncpy_s instead. To disable deprecation, use _CRT_SECURE_NO_WARNINGS. See online help for details.
E:\Snow_Alaska\Modelling\Generating_Input_Files\Read_Export.cpp(323): warning C4172: returning address of local variable or temporary: A1
  LINK : .\Debug\Read_export.exe not found or not built by the last incremental link; performing full link
Read_Export.obj : warning LNK4075: ignoring '/EDITANDCONTINUE' due to '/SAFESEH' specification
  Read_export.vcxproj -> E:\Snow_Alaska\Modelling\Generating_Input_Files\Debug\Read_export.exe
